
 Start         Length     Name                   Class
 0001:00000000 000D0E98H .text                   CODE
 0002:00000000 00008740H .data                   DATA
 0002:00008740 00004851H .bss                    BSS


Detailed map of segments

 0001:00000000 000059CF C=CODE     S=.text    G=(none)   M=System   ACBP=A9
 0001:000059D0 00000140 C=CODE     S=.text    G=(none)   M=SysInit  ACBP=A9
 0001:00005B10 00000078 C=CODE     S=.text    G=(none)   M=Types    ACBP=A9
 0001:00005B88 00001080 C=CODE     S=.text    G=(none)   M=Windows  ACBP=A9
 0001:00006C08 00001E63 C=CODE     S=.text    G=(none)   M=ELeaks   ACBP=A9
 0001:00008A6C 00000338 C=CODE     S=.text    G=(none)   M=SysConst ACBP=A9
 0001:00008DA4 00007E6C C=CODE     S=.text    G=(none)   M=SysUtils ACBP=A9
 0001:00010C10 00000038 C=CODE     S=.text    G=(none)   M=Messages ACBP=A9
 0001:00010C48 000007FB C=CODE     S=.text    G=(none)   M=VarUtils ACBP=A9
 0001:00011444 00005CBE C=CODE     S=.text    G=(none)   M=Variants ACBP=A9
 0001:00017104 00000130 C=CODE     S=.text    G=(none)   M=RTLConsts ACBP=A9
 0001:00017234 00000B2C C=CODE     S=.text    G=(none)   M=TypInfo  ACBP=A9
 0001:00017D60 00000038 C=CODE     S=.text    G=(none)   M=ActiveX  ACBP=A9
 0001:00017D98 0000A102 C=CODE     S=.text    G=(none)   M=Classes  ACBP=A9
 0001:00021E9C 00000038 C=CODE     S=.text    G=(none)   M=ETypes   ACBP=A9
 0001:00021ED4 00002944 C=CODE     S=.text    G=(none)   M=EConsts  ACBP=A9
 0001:00024818 00004C08 C=CODE     S=.text    G=(none)   M=ECore    ACBP=A9
 0001:00029420 0000470C C=CODE     S=.text    G=(none)   M=EDebug   ACBP=A9
 0001:0002DB2C 00000040 C=CODE     S=.text    G=(none)   M=ShellAPI ACBP=A9
 0001:0002DB6C 00000534 C=CODE     S=.text    G=(none)   M=EWinSock ACBP=A9
 0001:0002E0A0 000014FC C=CODE     S=.text    G=(none)   M=EHook    ACBP=A9
 0001:0002F59C 000000E8 C=CODE     S=.text    G=(none)   M=ELang    ACBP=A9
 0001:0002F684 00001740 C=CODE     S=.text    G=(none)   M=ESockets ACBP=A9
 0001:00030DC4 00007BE4 C=CODE     S=.text    G=(none)   M=EZlib2   ACBP=A9
 0001:000389A8 00000AFC C=CODE     S=.text    G=(none)   M=EHash    ACBP=A9
 0001:000394A4 00000354 C=CODE     S=.text    G=(none)   M=EEncrypt ACBP=A9
 0001:000397F8 00000358 C=CODE     S=.text    G=(none)   M=EBase64  ACBP=A9
 0001:00039B50 00000154 C=CODE     S=.text    G=(none)   M=EZip     ACBP=A9
 0001:00039CA4 00007CE8 C=CODE     S=.text    G=(none)   M=EWebTools ACBP=A9
 0001:0004198C 000005A8 C=CODE     S=.text    G=(none)   M=EXMLBuilder ACBP=A9
 0001:00041F34 0000440C C=CODE     S=.text    G=(none)   M=ELogManager ACBP=A9
 0001:00046340 00001320 C=CODE     S=.text    G=(none)   M=EListView ACBP=A9
 0001:00047660 000073F8 C=CODE     S=.text    G=(none)   M=EDisAsm  ACBP=A9
 0001:0004EA58 00029D4C C=CODE     S=.text    G=(none)   M=ExceptionLog ACBP=A9
 0001:000787A4 000002E8 C=CODE     S=.text    G=(none)   M=Consts   ACBP=A9
 0001:00078A8C 0000914B C=CODE     S=.text    G=(none)   M=Graphics ACBP=A9
 0001:00081BD8 00000048 C=CODE     S=.text    G=(none)   M=Math     ACBP=A9
 0001:00081C20 000002B8 C=CODE     S=.text    G=(none)   M=Contnrs  ACBP=A9
 0001:00081ED8 00000190 C=CODE     S=.text    G=(none)   M=CommCtrl ACBP=A9
 0001:00082068 00000787 C=CODE     S=.text    G=(none)   M=MultiMon ACBP=A9
 0001:000827F0 00000038 C=CODE     S=.text    G=(none)   M=Imm      ACBP=A9
 0001:00082828 00000FF8 C=CODE     S=.text    G=(none)   M=HelpIntfs ACBP=A9
 0001:00083820 00000038 C=CODE     S=.text    G=(none)   M=WinSpool ACBP=A9
 0001:00083858 00000044 C=CODE     S=.text    G=(none)   M=Printers ACBP=A9
 0001:0008389C 0000031F C=CODE     S=.text    G=(none)   M=FlatSB   ACBP=A9
 0001:00083BBC 000001A4 C=CODE     S=.text    G=(none)   M=SyncObjs ACBP=A9
 0001:00083D60 000009BB C=CODE     S=.text    G=(none)   M=UxTheme  ACBP=A9
 0001:0008471C 00000038 C=CODE     S=.text    G=(none)   M=RichEdit ACBP=A9
 0001:00084754 00000038 C=CODE     S=.text    G=(none)   M=ToolWin  ACBP=A9
 0001:0008478C 00000038 C=CODE     S=.text    G=(none)   M=RegStr   ACBP=A9
 0001:000847C4 00000038 C=CODE     S=.text    G=(none)   M=WinInet  ACBP=A9
 0001:000847FC 00000038 C=CODE     S=.text    G=(none)   M=UrlMon   ACBP=A9
 0001:00084834 00000038 C=CODE     S=.text    G=(none)   M=ShlObj   ACBP=A9
 0001:0008486C 00000038 C=CODE     S=.text    G=(none)   M=CommDlg  ACBP=A9
 0001:000848A4 00000038 C=CODE     S=.text    G=(none)   M=Dlgs     ACBP=A9
 0001:000848DC 0000130D C=CODE     S=.text    G=(none)   M=Dialogs  ACBP=A9
 0001:00085BEC 0000241E C=CODE     S=.text    G=(none)   M=ExtCtrls ACBP=A9
 0001:0008800C 00000038 C=CODE     S=.text    G=(none)   M=ComStrs  ACBP=A9
 0001:00088044 00000094 C=CODE     S=.text    G=(none)   M=Clipbrd  ACBP=A9
 0001:000880D8 00000038 C=CODE     S=.text    G=(none)   M=StrUtils ACBP=A9
 0001:00088110 000000F5 C=CODE     S=.text    G=(none)   M=Buttons  ACBP=A9
 0001:00088208 00000038 C=CODE     S=.text    G=(none)   M=ExtDlgs  ACBP=A9
 0001:00088240 00000068 C=CODE     S=.text    G=(none)   M=IniFiles ACBP=A9
 0001:000882A8 00000068 C=CODE     S=.text    G=(none)   M=Registry ACBP=A9
 0001:00088310 0000006C C=CODE     S=.text    G=(none)   M=Mapi     ACBP=A9
 0001:0008837C 00000058 C=CODE     S=.text    G=(none)   M=ExtActns ACBP=A9
 0001:000883D4 00000038 C=CODE     S=.text    G=(none)   M=ListActns ACBP=A9
 0001:0008840C 00001334 C=CODE     S=.text    G=(none)   M=ComCtrls ACBP=A9
 0001:00089740 00000B1C C=CODE     S=.text    G=(none)   M=Themes   ACBP=A9
 0001:0008A25C 000081F0 C=CODE     S=.text    G=(none)   M=StdCtrls ACBP=A9
 0001:0009244C 00000168 C=CODE     S=.text    G=(none)   M=StdActns ACBP=A9
 0001:000925B4 00000D1F C=CODE     S=.text    G=(none)   M=WinHelpViewer ACBP=A9
 0001:000932D4 00010CFB C=CODE     S=.text    G=(none)   M=Controls ACBP=A9
 0001:000A3FD0 00001292 C=CODE     S=.text    G=(none)   M=ActnList ACBP=A9
 0001:000A5264 000016E4 C=CODE     S=.text    G=(none)   M=ImgList  ACBP=A9
 0001:000A6948 00006639 C=CODE     S=.text    G=(none)   M=Menus    ACBP=A9
 0001:000ACF84 0000C428 C=CODE     S=.text    G=(none)   M=Forms    ACBP=A9
 0001:000B93AC 00000038 C=CODE     S=.text    G=(none)   M=typdef   ACBP=A9
 0001:000B93E4 00000050 C=CODE     S=.text    G=(none)   M=JConsts  ACBP=A9
 0001:000B9434 000133EC C=CODE     S=.text    G=(none)   M=jpeg     ACBP=A9
 0001:000CC820 00002D5C C=CODE     S=.text    G=(none)   M=uLkJSON  ACBP=A9
 0001:000CF57C 0000160C C=CODE     S=.text    G=(none)   M=publish  ACBP=A9
 0001:000D0B88 0000030D C=CODE     S=.text    G=(none)   M=rtmpPublish ACBP=A9
 0002:00000000 000000A4 C=DATA     S=.data    G=DGROUP   M=System   ACBP=A9
 0002:000000A4 00000020 C=DATA     S=.data    G=DGROUP   M=SysInit  ACBP=A9
 0002:000000C4 00000014 C=DATA     S=.data    G=DGROUP   M=ELeaks   ACBP=A9
 0002:000000D8 00000258 C=DATA     S=.data    G=DGROUP   M=SysUtils ACBP=A9
 0002:00000330 00000008 C=DATA     S=.data    G=DGROUP   M=VarUtils ACBP=A9
 0002:00000338 0000008E C=DATA     S=.data    G=DGROUP   M=Variants ACBP=A9
 0002:000003C8 0000000C C=DATA     S=.data    G=DGROUP   M=TypInfo  ACBP=A9
 0002:000003D4 00000080 C=DATA     S=.data    G=DGROUP   M=Classes  ACBP=A9
 0002:00000454 00000908 C=DATA     S=.data    G=DGROUP   M=EConsts  ACBP=A9
 0002:00000D5C 00000050 C=DATA     S=.data    G=DGROUP   M=ECore    ACBP=A9
 0002:00000DAC 0000004C C=DATA     S=.data    G=DGROUP   M=EDebug   ACBP=A9
 0002:00000DF8 00000001 C=DATA     S=.data    G=DGROUP   M=EWinSock ACBP=A9
 0002:00000DFC 000001A0 C=DATA     S=.data    G=DGROUP   M=EHook    ACBP=A9
 0002:00000F9C 00000001 C=DATA     S=.data    G=DGROUP   M=ESockets ACBP=A9
 0002:00000FA0 00000E5C C=DATA     S=.data    G=DGROUP   M=EZlib2   ACBP=A9
 0002:00001DFC 00000212 C=DATA     S=.data    G=DGROUP   M=EHash    ACBP=A9
 0002:00002010 00000144 C=DATA     S=.data    G=DGROUP   M=EBase64  ACBP=A9
 0002:00002154 000034B0 C=DATA     S=.data    G=DGROUP   M=EWebTools ACBP=A9
 0002:00005604 00000020 C=DATA     S=.data    G=DGROUP   M=EXMLBuilder ACBP=A9
 0002:00005624 00000024 C=DATA     S=.data    G=DGROUP   M=ELogManager ACBP=A9
 0002:00005648 000012D5 C=DATA     S=.data    G=DGROUP   M=EDisAsm  ACBP=A9
 0002:00006920 000005E4 C=DATA     S=.data    G=DGROUP   M=ExceptionLog ACBP=A9
 0002:00006F04 0000030C C=DATA     S=.data    G=DGROUP   M=Graphics ACBP=A9
 0002:00007210 00000004 C=DATA     S=.data    G=DGROUP   M=Printers ACBP=A9
 0002:00007214 000000B4 C=DATA     S=.data    G=DGROUP   M=Dialogs  ACBP=A9
 0002:000072C8 0000018C C=DATA     S=.data    G=DGROUP   M=ExtCtrls ACBP=A9
 0002:00007454 0000002C C=DATA     S=.data    G=DGROUP   M=Buttons  ACBP=A9
 0002:00007480 00000008 C=DATA     S=.data    G=DGROUP   M=IniFiles ACBP=A9
 0002:00007488 00000008 C=DATA     S=.data    G=DGROUP   M=Registry ACBP=A9
 0002:00007490 00000008 C=DATA     S=.data    G=DGROUP   M=Mapi     ACBP=A9
 0002:00007498 00000044 C=DATA     S=.data    G=DGROUP   M=ComCtrls ACBP=A9
 0002:000074DC 00000068 C=DATA     S=.data    G=DGROUP   M=Themes   ACBP=A9
 0002:00007544 000000F0 C=DATA     S=.data    G=DGROUP   M=StdCtrls ACBP=A9
 0002:00007634 0000013C C=DATA     S=.data    G=DGROUP   M=Controls ACBP=A9
 0002:00007770 00000020 C=DATA     S=.data    G=DGROUP   M=ImgList  ACBP=A9
 0002:00007790 000000EC C=DATA     S=.data    G=DGROUP   M=Menus    ACBP=A9
 0002:0000787C 0000011C C=DATA     S=.data    G=DGROUP   M=Forms    ACBP=A9
 0002:00007998 00000908 C=DATA     S=.data    G=DGROUP   M=jpeg     ACBP=A9
 0002:00009000 00000664 C=BSS      S=.bss     G=DGROUP   M=System   ACBP=A9
 0002:00009664 00000010 C=BSS      S=.bss     G=DGROUP   M=SysInit  ACBP=A9
 0002:00009674 00000004 C=BSS      S=.bss     G=DGROUP   M=Types    ACBP=A9
 0002:00009678 00000004 C=BSS      S=.bss     G=DGROUP   M=Windows  ACBP=A9
 0002:0000967C 00000054 C=BSS      S=.bss     G=DGROUP   M=ELeaks   ACBP=A9
 0002:000096D0 00000004 C=BSS      S=.bss     G=DGROUP   M=SysConst ACBP=A9
 0002:000096D4 00000120 C=BSS      S=.bss     G=DGROUP   M=SysUtils ACBP=A9
 0002:000097F4 00000004 C=BSS      S=.bss     G=DGROUP   M=Messages ACBP=A9
 0002:000097F8 0000005C C=BSS      S=.bss     G=DGROUP   M=VarUtils ACBP=A9
 0002:00009854 00000040 C=BSS      S=.bss     G=DGROUP   M=Variants ACBP=A9
 0002:00009894 00000004 C=BSS      S=.bss     G=DGROUP   M=RTLConsts ACBP=A9
 0002:00009898 00000004 C=BSS      S=.bss     G=DGROUP   M=TypInfo  ACBP=A9
 0002:0000989C 00000004 C=BSS      S=.bss     G=DGROUP   M=ActiveX  ACBP=A9
 0002:000098A0 00000044 C=BSS      S=.bss     G=DGROUP   M=Classes  ACBP=A9
 0002:000098E4 00000004 C=BSS      S=.bss     G=DGROUP   M=ETypes   ACBP=A9
 0002:000098E8 00000004 C=BSS      S=.bss     G=DGROUP   M=EConsts  ACBP=A9
 0002:000098EC 00000009 C=BSS      S=.bss     G=DGROUP   M=ECore    ACBP=A9
 0002:000098F8 00000004 C=BSS      S=.bss     G=DGROUP   M=EDebug   ACBP=A9
 0002:000098FC 00000004 C=BSS      S=.bss     G=DGROUP   M=ShellAPI ACBP=A9
 0002:00009900 00000010 C=BSS      S=.bss     G=DGROUP   M=EWinSock ACBP=A9
 0002:00009910 00000010 C=BSS      S=.bss     G=DGROUP   M=EHook    ACBP=A9
 0002:00009920 00000004 C=BSS      S=.bss     G=DGROUP   M=ELang    ACBP=A9
 0002:00009924 00000004 C=BSS      S=.bss     G=DGROUP   M=ESockets ACBP=A9
 0002:00009928 00002894 C=BSS      S=.bss     G=DGROUP   M=EZlib2   ACBP=A9
 0002:0000C1BC 00000404 C=BSS      S=.bss     G=DGROUP   M=EHash    ACBP=A9
 0002:0000C5C0 0000001C C=BSS      S=.bss     G=DGROUP   M=EEncrypt ACBP=A9
 0002:0000C5DC 00000004 C=BSS      S=.bss     G=DGROUP   M=EBase64  ACBP=A9
 0002:0000C5E0 00000004 C=BSS      S=.bss     G=DGROUP   M=EZip     ACBP=A9
 0002:0000C5E4 00000048 C=BSS      S=.bss     G=DGROUP   M=EWebTools ACBP=A9
 0002:0000C62C 00000004 C=BSS      S=.bss     G=DGROUP   M=EXMLBuilder ACBP=A9
 0002:0000C630 00000004 C=BSS      S=.bss     G=DGROUP   M=ELogManager ACBP=A9
 0002:0000C634 00000004 C=BSS      S=.bss     G=DGROUP   M=EListView ACBP=A9
 0002:0000C638 00000004 C=BSS      S=.bss     G=DGROUP   M=EDisAsm  ACBP=A9
 0002:0000C63C 00000E84 C=BSS      S=.bss     G=DGROUP   M=ExceptionLog ACBP=A9
 0002:0000D4C0 00000004 C=BSS      S=.bss     G=DGROUP   M=Consts   ACBP=A9
 0002:0000D4C4 00000060 C=BSS      S=.bss     G=DGROUP   M=Graphics ACBP=A9
 0002:0000D524 00000004 C=BSS      S=.bss     G=DGROUP   M=Math     ACBP=A9
 0002:0000D528 00000004 C=BSS      S=.bss     G=DGROUP   M=Contnrs  ACBP=A9
 0002:0000D52C 0000000C C=BSS      S=.bss     G=DGROUP   M=CommCtrl ACBP=A9
 0002:0000D538 00000031 C=BSS      S=.bss     G=DGROUP   M=MultiMon ACBP=A9
 0002:0000D56C 00000004 C=BSS      S=.bss     G=DGROUP   M=Imm      ACBP=A9
 0002:0000D570 00000008 C=BSS      S=.bss     G=DGROUP   M=HelpIntfs ACBP=A9
 0002:0000D578 00000004 C=BSS      S=.bss     G=DGROUP   M=WinSpool ACBP=A9
 0002:0000D57C 00000004 C=BSS      S=.bss     G=DGROUP   M=Printers ACBP=A9
 0002:0000D580 00000034 C=BSS      S=.bss     G=DGROUP   M=FlatSB   ACBP=A9
 0002:0000D5B4 00000004 C=BSS      S=.bss     G=DGROUP   M=SyncObjs ACBP=A9
 0002:0000D5B8 000000CC C=BSS      S=.bss     G=DGROUP   M=UxTheme  ACBP=A9
 0002:0000D684 00000004 C=BSS      S=.bss     G=DGROUP   M=RichEdit ACBP=A9
 0002:0000D688 00000004 C=BSS      S=.bss     G=DGROUP   M=ToolWin  ACBP=A9
 0002:0000D68C 00000004 C=BSS      S=.bss     G=DGROUP   M=RegStr   ACBP=A9
 0002:0000D690 00000004 C=BSS      S=.bss     G=DGROUP   M=WinInet  ACBP=A9
 0002:0000D694 00000004 C=BSS      S=.bss     G=DGROUP   M=UrlMon   ACBP=A9
 0002:0000D698 00000004 C=BSS      S=.bss     G=DGROUP   M=ShlObj   ACBP=A9
 0002:0000D69C 00000004 C=BSS      S=.bss     G=DGROUP   M=CommDlg  ACBP=A9
 0002:0000D6A0 00000004 C=BSS      S=.bss     G=DGROUP   M=Dlgs     ACBP=A9
 0002:0000D6A4 00000038 C=BSS      S=.bss     G=DGROUP   M=Dialogs  ACBP=A9
 0002:0000D6DC 00000004 C=BSS      S=.bss     G=DGROUP   M=ExtCtrls ACBP=A9
 0002:0000D6E0 00000004 C=BSS      S=.bss     G=DGROUP   M=ComStrs  ACBP=A9
 0002:0000D6E4 0000000C C=BSS      S=.bss     G=DGROUP   M=Clipbrd  ACBP=A9
 0002:0000D6F0 00000004 C=BSS      S=.bss     G=DGROUP   M=StrUtils ACBP=A9
 0002:0000D6F4 00000030 C=BSS      S=.bss     G=DGROUP   M=Buttons  ACBP=A9
 0002:0000D724 00000004 C=BSS      S=.bss     G=DGROUP   M=ExtDlgs  ACBP=A9
 0002:0000D728 00000004 C=BSS      S=.bss     G=DGROUP   M=IniFiles ACBP=A9
 0002:0000D72C 00000004 C=BSS      S=.bss     G=DGROUP   M=Registry ACBP=A9
 0002:0000D730 00000004 C=BSS      S=.bss     G=DGROUP   M=Mapi     ACBP=A9
 0002:0000D734 00000009 C=BSS      S=.bss     G=DGROUP   M=ExtActns ACBP=A9
 0002:0000D740 00000004 C=BSS      S=.bss     G=DGROUP   M=ListActns ACBP=A9
 0002:0000D744 00000010 C=BSS      S=.bss     G=DGROUP   M=ComCtrls ACBP=A9
 0002:0000D754 00000008 C=BSS      S=.bss     G=DGROUP   M=Themes   ACBP=A9
 0002:0000D75C 00000004 C=BSS      S=.bss     G=DGROUP   M=StdCtrls ACBP=A9
 0002:0000D760 00000004 C=BSS      S=.bss     G=DGROUP   M=StdActns ACBP=A9
 0002:0000D764 00000014 C=BSS      S=.bss     G=DGROUP   M=WinHelpViewer ACBP=A9
 0002:0000D778 00000080 C=BSS      S=.bss     G=DGROUP   M=Controls ACBP=A9
 0002:0000D7F8 00000004 C=BSS      S=.bss     G=DGROUP   M=ActnList ACBP=A9
 0002:0000D7FC 0000000C C=BSS      S=.bss     G=DGROUP   M=ImgList  ACBP=A9
 0002:0000D808 00000010 C=BSS      S=.bss     G=DGROUP   M=Menus    ACBP=A9
 0002:0000D818 00000020 C=BSS      S=.bss     G=DGROUP   M=Forms    ACBP=A9
 0002:0000D838 00000004 C=BSS      S=.bss     G=DGROUP   M=typdef   ACBP=A9
 0002:0000D83C 00000004 C=BSS      S=.bss     G=DGROUP   M=JConsts  ACBP=A9
 0002:0000D840 00000004 C=BSS      S=.bss     G=DGROUP   M=jpeg     ACBP=A9
 0002:0000D844 00000004 C=BSS      S=.bss     G=DGROUP   M=uLkJSON  ACBP=A9
 0002:0000D848 00000008 C=BSS      S=.bss     G=DGROUP   M=publish  ACBP=A9


  Address         Publics by Name

 0002:00007A24       ..
 0002:00001264       ..
 0001:000BAF54       ..
 0002:0000B930       ..
 0002:000010F4       ..
 0001:000BBBB8       ..
 0002:00001390       ..
 0001:000BC11C       ..
 0001:000BC5E0       ..
 0001:000BCD20       ..
 0001:000CBA90       ..
 0002:00007A34       ..
 0001:000BDA48       ..
 0002:000010A4       ..
 0002:00001050       ..
 0002:00009930       ..
 0002:00001038       ..
 0001:000CAA24       ..
 0002:000081E0       ..
 0002:00007AB4       ..
 0001:000CA50C       ..
 0001:000BE5D4       ..
 0001:000C9BE4       ..
 0001:000330C4       ..
 0001:000C955C       ..
 0001:000BEBC0       ..
 0001:000C8D58       ..
 0001:000BF168       ..
 0001:000C881C       ..
 0002:00001030       ..
 0001:000C86C0       ..
 0002:00007B34       ..
 0001:000C7B90       ..
 0001:000BFDB0       ..
 0001:00032FFC       ..
 0001:000C7368       ..
 0001:000C10B0       ..
 0002:00001024       ..
 0001:000C1788       ..
 0001:00032BF0       ..
 0001:000C2818       ..
 0002:00000FC8       ..
 0002:00007E40       ..
 0001:000C63BC       ..
 0001:000C2B0C       ..
 0001:000316DC       ..
 0002:00007C40       ..
 0001:000C62AC       ..
 0001:000C2DDC       ..
 0001:000C4330       ..
 0001:00036B2C       ..
 0002:000098F8       .03
 0002:000098FC       .1
 0002:0000C5C0       .1
 0002:0000966C       .1
 0002:00009910       .1
 0002:00009920       .1
 0002:0000D56C       .1
 0002:0000C1BC       .1
 0002:000097F4       .1
 0002:0000D694       .1
 0002:0000D558       .1
 0002:0000D690       .1
 0002:0000D68C       .1
 0002:0000D52C       .1
 0002:0000D83C       .1
 0002:0000D684       .1
 0002:000098E4       .1
 0002:0000C5DC       .1
 0002:000096D0       .1
 0002:0000D698       .1
 0002:0000D69C       .1
 0002:0000D6F0       .1
 0002:0000D838       .1
 0002:00009674       .1
 0002:0000D6E0       .1
 0002:0000D5A0       .1
 0002:0000D674       .1
 0002:0000D730       .1
 0002:0000D6A0       .1
 0002:00009894       .1
 0002:0000D4C0       .1
 0002:0000D76C       .1
 0002:00009694       .1
 0002:0000D6A4       .11
 0002:0000D6DC       .12
 0002:0000D4C8       .12
 0002:00009928       .2
 0002:0000C638       .2
 0002:0000D754       .2
 0002:0000C634       .2
 0002:0000D524       .2
 0002:0000D84C       .2
 0002:0000D6E8       .2
 0002:0000D570       .2
 0002:0000C660       .21
 0002:0000D528       .21
 0002:0000C630       .3
 0002:0000D578       .3
 0002:0000989C       .3
 0002:0000C62C       .3
 0002:0000D7FC       .3
 0002:0000C5E0       .3
 0002:00009678       .3
 0002:00009924       .3
 0002:0000D840       .3
 0002:0000D724       .3
 0002:0000D57C       .3
 0002:0000D844       .31
 0002:000097E4       .35
 0002:0000D744       .36
 0002:00009900       .4
 0002:000098F0       .4
 0002:0000D688       .4
 0002:0000D6F4       .4
 0002:0000D820       .41
 0002:0000D75C       .42
 0002:000098AC       .45
 0002:000098E8       .5
 0002:000095BC       .5
 0002:00009850       .5
 0002:0000D72C       .5
 0002:00009898       .6
 0002:0000D5B4       .6
 0002:0000C5E4       .7
 0002:0000D780       .72
 0002:0000D734       .72
 0002:0000D760       .73
 0002:0000D728       .8
 0002:0000D740       .8
 0002:0000D7F8       .8
 0002:00009874       .81
 0002:0000D810       .9
 0001:00001C9C       @AbstractError
 0001:0000441C       @AddRefArray
 0001:000043D4       @AddRefRecord
 0001:00002C58       @AfterConstruction
 0001:00002A8C       @AsClass
 0001:000036F0       @Assert
 0001:00002108       @AStrCmp
 0001:00002C68       @BeforeDestruction
 0001:0000281C       @BoundErr
 0001:00002AD8       @CallDynaInst
 0001:0000540C       @CheckAutoResult
 0001:00002C00       @ClassCreate
 0001:00002C50       @ClassDestroy
 0001:00001FD4       @Close
 0001:00001914       @Copy
 0001:00004610       @CopyArray
 0001:000044F4       @CopyRecord
 0001:00033A70       @deflateInit2_
 0001:00004728       @DispCallByIDError
 0001:00011F68       @DispInvokeError
 0001:00004718       @Dispose
 0001:000031A8       @DoneExcept
 0001:00004CA8       @DynArrayAddRef
 0001:00004C80       @DynArrayAsg
 0001:00004C44       @DynArrayClear
 0001:00004A84       @DynArrayHigh
 0001:00004A7C       @DynArrayLength
 0001:00004C38       @DynArraySetLength
 0001:00003290       @ExceptionHandler
 0001:00002178       @FillChar
 0001:00032CBC       @fill_fopen_filefunc
 0001:000043C8       @Finalize
 0001:000042DC       @FinalizeArray
 0001:00004290       @FinalizeRecord
 0001:00002AF0       @FindDynaInst
 0001:00001FC8       @Flush
 0001:00002810       @FpuInit
 0001:0000274C       @FpuMaskInit
 0001:0000174C       @FreeMem
 0001:0000172C       @GetMem
 0001:00005A48       @GetTls
 0001:000331F4       @get_crc_table
 0001:000036D8       @Halt
 0001:00003600       @Halt0
 0001:00002D7C       @HandleAnyException
 0001:00003068       @HandleAutoException
 0001:00003030       @HandleFinally
 0001:00002EA8       @HandleOnException
 0001:00035164       @inflateInit2_
 0001:00034BAC       @inflate_fast
 0001:000366BC       @inflate_table
 0001:00005A94       @InitExe
 0001:00004284       @Initialize
 0001:000041F0       @InitializeArray
 0001:000041C0       @InitializeRecord
 0001:000034C4       @InitImports
 0001:0000349C       @InitResStringImports
 0001:00003478       @InitResStrings
 0001:000019D0       @Insert
 0001:00001C4C       @INT
 0001:00005370       @IntfAddRef
 0001:00005340       @IntfCast
 0001:000052FC       @IntfClear
 0001:00005314       @IntfCopy
 0001:00002A68       @IsClass
 0001:0000271C       @isNECWindows
 0001:000C61FC       @jcopy_block_row
 0001:000C61B0       @jcopy_sample_rows
 0001:000C6188       @jdiv_round_up
 0001:000BFD1C       @jinit_1pass_quantizer
 0001:000C0F90       @jinit_2pass_quantizer
 0001:000C9998       @jinit_color_converter
 0001:000BEF9C       @jinit_color_deconverter
 0001:000C72BC       @jinit_compress_master
 0001:000C9494       @jinit_c_coef_controller
 0001:000C8798       @jinit_c_main_controller
 0001:000C85F8       @jinit_c_master_control
 0001:000C8CB0       @jinit_c_prep_controller
 0001:000CA384       @jinit_downsampler
 0001:000C2704       @jinit_d_coef_controller
 0001:000C16A8       @jinit_d_main_controller
 0001:000C2A78       @jinit_d_post_controller
 0001:000CA9A8       @jinit_forward_dct
 0001:000BE594       @jinit_huff_decoder
 0001:000CC6EC       @jinit_huff_encoder
 0001:000BC0D4       @jinit_input_controller
 0001:000C2D60       @jinit_inverse_dct
 0001:000C602C       @jinit_marker_reader
 0001:000C7B3C       @jinit_marker_writer
 0001:000BCCE8       @jinit_master_decompress
 0001:000BBA80       @jinit_memory_mgr
 0001:000BEB40       @jinit_merged_upsampler
 0001:000BD9D4       @jinit_phuff_decoder
 0001:000CB4B4       @jinit_phuff_encoder
 0001:000C32C0       @jinit_upsampler
 0001:000C621C       @jpeg_abort
 0001:000C6294       @jpeg_alloc_huff_table
 0001:000C627C       @jpeg_alloc_quant_table
 0001:000CB764       @jpeg_fdct_float
 0001:000CB4F8       @jpeg_fdct_ifast
 0001:000BDE7C       @jpeg_fill_bit_buffer
 0001:000BBB8C       @jpeg_free_large
 0001:000BBB7C       @jpeg_free_small
 0001:000CC430       @jpeg_gen_optimal_table
 0001:000BBB84       @jpeg_get_large
 0001:000BBB74       @jpeg_get_small
 0001:000BDFC8       @jpeg_huff_decode
 0001:000C42F4       @jpeg_idct_1x1
 0001:000C4104       @jpeg_idct_2x2
 0001:000C3D50       @jpeg_idct_4x4
 0001:000C34D8       @jpeg_idct_float
 0001:000C391C       @jpeg_idct_ifast
 0001:000CBC20       @jpeg_make_c_derived_tbl
 0001:000BDB80       @jpeg_make_d_derived_tbl
 0001:000BBB94       @jpeg_mem_available
 0001:000BBBB0       @jpeg_mem_init
 0001:000BBBB4       @jpeg_mem_term
 0001:000BBBA0       @jpeg_open_backing_store
 0001:000C5EF8       @jpeg_resync_to_restart
 0001:000C7080       @jpeg_suppress_tables
 0001:000C6198       @jround_up
 0001:000C620C       @jzero_far
 0001:00001958       @LGetDir
 0001:00003C60       @LStrAddRef
 0001:000037B8       @LStrArrayClr
 0001:000037E8       @LStrAsg
 0001:00003A78       @LStrCat
 0001:00003ABC       @LStrCat3
 0001:00003B30       @LStrCatN
 0001:00003794       @LStrClr
 0001:00003BBC       @LStrCmp
 0001:00003CD0       @LStrCopy
 0001:00003D10       @LStrDelete
 0001:00003A04       @LStrFromArray
 0001:0000397C       @LStrFromChar
 0001:0000398C       @LStrFromPChar
 0001:00003884       @LStrFromPCharLen
 0001:000039BC       @LStrFromPWChar
 0001:000038F0       @LStrFromPWCharLen
 0001:000039F8       @LStrFromString
 0001:00003A1C       @LStrFromWArray
 0001:00003A38       @LStrFromWStr
 0001:00003D58       @LStrInsert
 0001:0000382C       @LStrLAsg
 0001:00003A70       @LStrLen
 0001:00003E60       @LStrOfChar
 0001:00003DB4       @LStrPos
 0001:00003DFC       @LStrSetLength
 0001:00003C70       @LStrToPChar
 0001:00003A4C       @LStrToString
 0001:00004704       @New
 0001:00003858       @NewAnsiString
 0001:00003EBC       @NewWideString
 0001:00001BE4       @Pos
 0001:00002430       @Pow10
 0001:00002084       @PStrCmp
 0001:0000205C       @PStrCpy
 0001:0000202C       @PStrNCat
 0001:00002068       @PStrNCpy
 0001:00003154       @RaiseAgain
 0001:0000312C       @RaiseExcept
 0001:00002198       @RandInt
 0001:0000176C       @ReallocMem
 0001:00001D10       @RewritText
 0001:00001C6C       @ROUND
 0001:000036E4       @RunError
 0001:00002414       @SetEq
 0001:00001C24       @SetLength
 0001:00003438       @StartExe
 0001:00000304       @strlen
 0001:00001C78       @TRUNC
 0001:000031D8       @TryFinallyExit
 0001:00003CC8       @UniqueStringA
 0001:0000484C       @ValInt64
 0001:000021B4       @ValLong
 0001:000166D4       @VarAddRef
 0001:00004404       @VarAddRef
 0001:00012848       @VarCast
 0001:00012254       @VarClear
 0001:00012268       @VarClr
 0001:000042C4       @VarClr
 0001:000044DC       @VarCopy
 0001:0001257C       @VarCopy
 0001:000165B4       @VarFromBool
 0001:00016440       @VarFromByte
 0001:00016604       @VarFromCurr
 0001:0001655C       @VarFromCurrency
 0001:00016588       @VarFromDate
 0001:000166A8       @VarFromDisp
 0001:00016530       @VarFromDouble
 0001:000163E4       @VarFromInt
 0001:000164E0       @VarFromInt64
 0001:00016420       @VarFromInteger
 0001:0001667C       @VarFromIntf
 0001:00016480       @VarFromLongWord
 0001:00016618       @VarFromLStr
 0001:000165DC       @VarFromReal
 0001:000164A0       @VarFromShortInt
 0001:0001650C       @VarFromSingle
 0001:000164C0       @VarFromSmallInt
 0001:000165F0       @VarFromTDateTime
 0001:00016460       @VarFromWord
 0001:00016644       @VarFromWStr
 0001:00011FBC       @VarNull
 0001:00014014       @VarToBool
 0001:00013CCC       @VarToBoolean
 0001:0001310C       @VarToByte
 0001:00014EB8       @VarToCurrency
 0001:00014950       @VarToDate
 0001:00016338       @VarToDisp
 0001:000141E0       @VarToDouble
 0001:000136D0       @VarToInt64
 0001:00012C0C       @VarToInteger
 0001:0001626C       @VarToIntf
 0001:00013384       @VarToLongWord
 0001:0001556C       @VarToLStr
 0001:0001455C       @VarToReal
 0001:0001305C       @VarToShortInt
 0001:00014578       @VarToSingle
 0001:000131B4       @VarToSmallInt
 0001:000132AC       @VarToWord
 0001:00015C94       @VarToWStr
 0001:00003E8C       @Write0LString
 0001:000022CC       @WriteBytes
 0001:0000239C       @WriteLn
 0001:00003E94       @WriteLString
 0001:00002320       @WriteSpaces
 0001:000041A0       @WStrAddRef
 0001:00003EFC       @WStrArrayClr
 0001:00003F20       @WStrAsg
 0001:00003EE4       @WStrClr
 0001:0000408C       @WStrCmp
 0001:00004110       @WStrCopy
 0001:00004060       @WStrFromLStr
 0001:00003FF4       @WStrFromPChar
 0001:00003F44       @WStrFromPCharLen
 0001:00004024       @WStrFromPWChar
 0001:00003FD0       @WStrFromPWCharLen
 0001:00004080       @WStrLen
 0001:0000415C       @WStrSetLength
 0001:00004070       @WStrToPWChar
 0001:000023F0       @_CLenToPasStr
 0001:000023E4       @_CToPasStr
 0001:000018E4       @_IOTest
 0001:00004754       @_lldiv
 0001:000047D0       @_llmod
 0001:00004730       @_llmul
 0001:00037D2C       @_tr_align
 0001:00037FF8       @_tr_flush_block
 0001:00036B30       @_tr_init
 0001:00037C70       @_tr_stored_block
 0001:0000E744       Abort
 0002:0000C791       AbortOperation
 0001:00095FBC       AbsMin
 0001:0000EAC8       AbstractErrorHandler
 0002:0000902C       AbstractErrorProc
 0002:0000015C       AccessMode
 0001:0006A0A0       AccessViolationModuleInLongFormat
 0001:00001834       AcquireExceptionObject
 0001:00060CE4       ActicatePage
 0001:0001A178       ActivateClassGroup
 0002:0000C7D8       ActivateEurekaLog
 0001:00006364       ActivateKeyboardLayout
 0002:0000D7B4       ActiveDrag
 0001:00017D90       ActiveX
 0001:000A5238       ActnList
 0001:0003B614       AddAuthenticationToURL
 0001:00000438       AddBlockAfter
 0001:000708E4       AddCallerCallStack
 0001:00064BDC       AddColor
 0001:0005C6A4       AddCustomHeadersToLog
 0001:0005C548       AddCustomHeaderToLog
 0002:000003D4       AddDataModule
 0001:000304AC       AddDNS
 0001:00009B40       AddExitProc
 0001:0001D5B4       AddFinished
 0001:000A857C       AddIn
 0002:00009690       AddLeak
 0001:0005B278       AddModule
 0001:0005B140       AddModuleFromFileName
 0001:00005190       AddModuleUnloadProc
 0001:000051A0       AddModuleUnloadProc
 0001:00054D20       AddNewProcess
 0001:000550E0       AddNewProcessEx
 0001:0001D5EC       AddNotFinished
 0001:0002E668       AddrSize
 0001:000693A8       AddStr
 0001:0001E010       AddSubComponentsToLoaded
 0001:00020424       AddThread
 0001:0005B318       AddToStack
 0001:000437B4       AddValueField
 0001:000314F4       AddZipFile
 0001:000CE4B8       add_child
 0001:0007C564       AdjustColor
 0001:00087858       AdjustColors
 0001:00060C34       AdjustDialog
 0001:0005E05C       AdjustFlatStyle
 0001:00009E18       AdjustLineBreaks
 0001:000AF594       Adjustment
 0001:0000636C       AdjustWindowRectEx
 0001:00032CF4       adler32
 0001:00056B88       Advance
 0001:0006577C       AfterScreenshot
 0001:000654C0       AfterScreenshotToStream
 0002:0000758C       Alignments
 0002:00007624       Alignments
 0002:00007854       Alignments
 0002:00007864       Alignments
 0002:0000754C       Alignments
 0002:000072D0       Alignments
 0001:0009B628       AlignWork
 0001:000B648C       AlignWork
 0002:000096AC       AllocatedList_End
 0002:000096A4       AllocatedList_Lock
 0002:000096A8       AllocatedList_Start
 0001:00021C7C       AllocateHWnd
 0001:00009AF4       AllocMem
 0001:0004EF20       AllocMemAlign
 0002:000095B4       AllocMemCount
 0002:000095B8       AllocMemSize
 0001:000819D0       AllocPatternBitmap
 0001:000059F0       AllocTlsBuffer
 0002:000055E4       AlphaNumerics
 0002:00007640       AnchorAlign
 0002:00007634       AnimateWindowProc
 0002:0000773C       AnimationStyle
 0001:0000F408       AnsiCompareFileName
 0001:00009D20       AnsiCompareStr
 0001:00009D58       AnsiCompareText
 0001:0000A684       AnsiLastChar
 0001:00006374       AnsiLower
 0001:00009CEC       AnsiLowerCase
 0001:0000F488       AnsiLowerCaseFileName
 0001:0000F3D0       AnsiPos
 0001:000ACD90       AnsiSameCaption
 0001:00009D90       AnsiSameText
 0001:00009DA8       AnsiStrLIComp
 0001:0000F514       AnsiStrPos
 0001:0000F5B4       AnsiStrRScan
 0001:0000F5DC       AnsiStrScan
 0001:0000578C       AnsiToUtf8
 0001:00009CB8       AnsiUpperCase
 0001:000161F4       AnyToIntf
 0001:0000C8D4       AppendChars
 0001:0000CC98       AppendFormat
 0001:0000C938       AppendNumber
 0001:0000C918       AppendString
 0002:0000D818       Application
 0002:000003E4       ApplicationHandleException
 0001:0005BA84       ApplicationRestore
 0002:000003EC       ApplicationShowException
 0002:00007990       AppVisible
 0001:00007664       AreTheSameLeak
 0001:0005A020       ASMAssigned
 0002:00000E9C       AsmConst
 0001:00069E70       ASPDotNetWebSiteFile
 0001:0005F668       AssemblerDialogProc
 0001:000505D4       AssemblerToRTF
 0001:0000EAAC       AssertErrorHandler
 0002:00009024       AssertErrorProc
 0001:00017628       AssignLongStr
 0001:000630A4       AssignOnCloseData
 0001:0005CF64       AssignPriority
 0001:0002D9C4       AssignValidDebugInfo
 0001:00017B8C       AssignVariant
 0002:000074D0       ATickMarks
 0001:0006660C       AttachedFile
 0001:000668A4       AttachedFiles
 0002:0000C654       AttachedFilesRequest
 0001:0006C4E8       AttrToString
 0002:0000C7DC       AutoCloseTimer
 0001:0005C41C       AutoCloseTimerProc
 0002:0000960C       avail
 0001:0000AB6C       BackfillGetDiskFreeSpaceEx
 0001:00098B50       BackgroundClipped
 0001:00010ED8       BackupVarBoolFromStr
 0001:00011038       BackupVarBStrFromBool
 0001:00010F58       BackupVarBStrFromCy
 0001:00010FC8       BackupVarBStrFromDate
 0001:00010E6C       BackupVarCyFromStr
 0001:00010E00       BackupVarDateFromStr
 0001:00010CBC       BackupVarI4FromStr
 0001:00010C68       BackupVariantChangeTypeEx
 0001:00010D28       BackupVarR4FromStr
 0001:00010D94       BackupVarR8FromStr
 0001:00039980       Base64Decode
 0001:00039A7C       Base64DecodeStr
 0001:00039AE0       Base64DecodeString
 0001:00039864       Base64Encode
 0001:000661B8       Base64EncodeFromFile
 0001:00039A34       Base64EncodeStr
 0001:00039AD8       Base64EncodeString
 0001:00039AE8       Base64EncodeToString
 0002:00002050       Base64Filler
 0001:0000F0A0       Beep
 0001:0001A4D0       BeginGlobalLoading
 0001:0000637C       BeginPaint
 0001:00003748       BeginThread
 0001:0007C570       BetterSize
 0001:000A93F0       BiDiDraw
 0001:0002757C       BinToStr
 0001:000060EC       BitBlt
 0002:00007454       BitBtnCaptions
 0002:0000D6F8       BitBtnGlyphs
 0002:000071C4       BitCounts
 0002:000071BC       BitmapCanvasList
 0002:0000D4E0       BitmapImageLock
 0001:00010CA4       BiUnimplemented
 0002:00000428       BlockCode
 0002:000095E4       blockDescBlockList
 0002:000095E8       blockDescFreeList
 0001:00068F38       BlockingSendInternetMessage
 0002:000000C8       BlockOverFoot
 0002:000000C4       BlockOverHead
 0002:00000D84       BOMBigEndian
 0002:00000D80       BOMUnicode
 0002:00000D88       BOMUTF8
 0002:000003C8       BooleanIdents
 0002:00000344       BooleanToStringRule
 0001:0000A398       BoolToStr
 0001:000152F4       BoolToWStrViaOS
 0002:00007544       BorderStyles
 0002:000072C8       BorderStyles
 0001:00005B34       Bounds
 0001:00019490       Bounds
 0002:000077FC       Breaks
 0002:0000D518       BrushManager
 0001:000BA10C       BuildColorMap
 0001:000ABBA4       BuildImage
 0001:00055370       BuildListPS
 0001:00055238       BuildListTH
 0001:000BA064       BuildPalette
 0002:00007270       ButtonCaptions
 0002:00007244       ButtonNames
 0002:00007878       Buttons
 0001:000881E0       Buttons
 0002:0000761C       ButtonStyles
 0002:0000D6B0       ButtonWidths
 0002:00006908       ByteRegs1
 0002:0000690C       ByteRegs2
 0001:0007BD50       BytesPerScanline
 0001:00064D44       BytesPerScanline
 0001:00064788       BytesSwap
 0001:0007C0A8       ByteSwapColors
 0001:0000F184       ByteToCharIndex
 0001:0000F15C       ByteToCharLen
 0001:0000F120       ByteType
 0001:0000F0A8       ByteTypeTest
 0002:0000D800       CachedComCtrlVer
 0002:0000C9D4       Cached_LogFile
 0001:00074C9C       CalcAddr
 0001:000647B8       CalcCRC
 0001:00039824       CalcDecodedSize
 0001:00058220       CalcDuplicatedException
 0001:000397F8       CalcEncodedSize
 0001:00021BB8       CalcJmpOffset
 0001:000A32A4       CalcSplitterPos
 0001:0002E9C0       CalculateRelocatedAsmSize
 0001:00059234       CallAttachedFilesRequest
 0001:000592A4       CallAttachedFilesRequestEvents
 0001:000CF9E8       CallBack
 0001:000593D8       CallCustomButtonClickEvent
 0001:00059444       CallCustomButtonClickEvents
 0001:00059164       CallCustomDataRequest
 0001:000591D4       CallCustomDataRequestEvents
 0001:00059308       CallCustomWebFieldsRequest
 0001:00059378       CallCustomWebFieldsRequestEvents
 0001:00006CBC       CallerOfReallocMem
 0001:00058E68       CallExceptionActionNotify
 0001:0006CDE4       CallExceptionActionNotify_atSavedLogFile
 0001:0006CDC0       CallExceptionActionNotify_atSavingLogFile
 0001:00067D2C       CallExceptionActionNotify_atSendingEmail
 0001:00067D74       CallExceptionActionNotify_atSendingWebMessage
 0001:00067D50       CallExceptionActionNotify_atSentEmail
 0001:00067D98       CallExceptionActionNotify_atSentWebMessage
 0001:0006D160       CallExceptionActionNotify_atShowedExceptionInfo
 0001:0006D13C       CallExceptionActionNotify_atShowingExceptionInfo
 0001:00064094       CallExceptionActionNotify_atTerminating
 0001:00058FDC       CallExceptionErrorNotify
 0001:0006CE08       CallExceptionErrorNotify_atSavedLogFile
 0001:00067DBC       CallExceptionErrorNotify_atSentEmail
 0001:00067DE0       CallExceptionErrorNotify_atSentWebMessage
 0001:00058C70       CallExceptionNotify
 0001:00058CDC       CallExceptionNotifyEvents
 0002:00006928       CallForGetLogText
 0002:00006924       CallFromCOMObject
 0001:00058D40       CallHandledExceptionNotify
 0001:00058DAC       CallHandledExceptionNotifyEvents
 0001:000591E0       CallModuleEvent_AttachedFilesRequest
 0001:00059384       CallModuleEvent_CustomButtonClickNotify
 0001:00059110       CallModuleEvent_CustomDataRequest
 0001:000592B0       CallModuleEvent_CustomWebFieldsRequest
 0001:00058DB8       CallModuleEvent_ExceptionActionNotify
 0001:00058F30       CallModuleEvent_ExceptionErrorNotify
 0001:00058C20       CallModuleEvent_ExceptionNotify
 0001:00058CE8       CallModuleEvent_HandledExceptionNotify
 0001:00059450       CallModuleEvent_PasswordRequest
 0001:00006384       CallNextHookEx
 0001:000590A4       CallPasswordRequest
 0001:0005B704       CallStackByAddresses
 0001:0005FB80       CallStackDialogProc
 0001:00010140       CallTerminateProcs
 0001:0000638C       CallWindowProc
 0001:0006D184       CallWriteIntraWebText
 0001:00073200       Call_HookedExceptionObject
 0001:00072F64       Call_HookedRaise
 0001:0007322C       Call_HookedRtlUnwind
 0001:00064310       CalsCoordinates
 0002:0000C792       CanAttachScreenshot
 0002:0000C78D       CanAttachScreenshot_Show
 0001:00096FF4       CancelDrag
 0002:0000C793       CanCopy
 0002:0000C78E       CanCopy_Show
 0001:00077974       CanEnableEurekaLogInPackages
 0001:00059E04       CanExit
 0002:0000C755       CanHookLibraries
 0002:00006E50       CannotProcessMessagesExceptions
 0002:00006E9C       CannotShowDialog
 0002:0000C958       CannotUseThread
 0001:00070958       CanPauseThisThread
 0002:0000C78C       CanSendError_Show
 0002:0000C790       CanSendMessage
 0001:00074A2C       CanShowHandledExceptionEx
 0002:0000C78F       CanSupport_Show
 0002:0000D7C8       CanvasList
 0002:0000D51C       CanvasList
 0002:0000CA04       CaptionFontName
 0002:0000721C       Captions
 0002:0000CC40       CAPTION_HEIGHT
 0002:000076F8       CaptureControl
 0002:00002010       cBase64Codec
 0002:00002054       cBase64Codec
 0002:0000779C       cBooleanToItemAutoFlag
 0001:0005DA9C       CenterOnActiveWndMonitor
 0001:0005C3A0       CenterWindow
 0002:0000D6E6       CF_COMPONENT
 0002:0000D6E4       CF_PICTURE
 0002:0000C710       CGIHandleException
 0002:0000C6BC       CGIOutputFile
 0002:0000986C       ChangeAnyProc
 0001:00095574       ChangeBiDiModeAlignment
 0001:0000A704       ChangeFileExt
 0001:00076EF4       ChangeFinalizationOrder
 0001:00063018       ChangeLogUserEmail
 0002:0000756C       CharCases
 0002:000075D0       CharCases
 0001:000038B4       CharFromWChar
 0001:0000F358       CharLength
 0001:00006394       CharLowerBuff
 0001:00000264       CharNext
 0001:0000639C       CharNext
 0002:00005628       chars
 0001:0007A554       CharsetToIdent
 0001:0000F26C       CharToByteIndex
 0001:0000F2D0       CharToByteLen
 0001:000063A4       CharToOemA
 0001:000063AC       CharUpperBuff
 0001:0007CB38       CheckBool
 0001:00077870       CheckCrc32
 0001:00026630       CheckDirectoryExists
 0001:0003B580       CheckError
 0001:0002EF9C       CheckFail
 0001:00076BC0       CheckForMemoryLeaks
 0001:00056A30       CheckForResult
 0001:00026408       CheckIntoIDE
 0001:00002CF8       CheckJmp
 0001:00030EA0       CheckLibrary
 0001:0004F61C       CheckMagicCode
 0001:000063B4       CheckMenuItem
 0001:000073A4       CheckOurPointer
 0002:000077EC       Checks
 0001:0001E04C       CheckSubComponents
 0001:0002043C       CheckSynchronize
 0001:000AEFC8       CheckTaskWindow
 0001:00096CA8       CheckUndock
 0001:0000EF94       CheckWin32Version
 0002:00000348       CInvalidCustomVariantType
 0002:000077A0       cItemAutoFlagToBoolean
 0002:00007798       cItemAutoFlagToMenu
 0001:00021E08       Classes
 0001:00019F3C       ClassNotFound
 0002:00009868       ClearAnyProc
 0001:00079DE4       ClearColor
 0001:00053518       ClearInternalError
 0001:00016B94       ClearVariantTypeList
 0002:0000CBA9       ClickLinkActive
 0001:00046C4C       ClickOnSign
 0001:000063BC       ClientToScreen
 0001:000A088C       ClientToWindow
 0002:000071B4       ClipboardFormats
 0001:00088080       Clipbrd
 0001:000519FC       CloneObject
 0001:000063C4       CloseClipboard
 0001:00000204       CloseHandle
 0001:00005CAC       CloseHandle
 0001:00058204       CloseLogFile
 0001:00066530       CloseSendDialog
 0001:0002DDF8       closesocket
 0002:0000D5BC       CloseThemeData
 0001:000316B4       CloseZipFile
 0002:0000C718       CLXHandleException
 0002:0000C71C       CLXShowException
 0002:00009040       CmdLine
 0002:0000903C       CmdShow
 0002:00007794       cMenuAutoFlagToItem
 0001:00010CB0       CmpUnimplemented
 0001:000CCDD4       code2utf
 0002:00006EC4       ColIdx
 0002:00006F34       Colors
 0001:0007A34C       ColorToIdent
 0002:000072DC       ColorToPretyName
 0001:0007A33C       ColorToRGB
 0002:0000CBDC       ColWidths
 0001:000060F4       CombineRgn
 0002:000075BC       ComboBoxStyles
 0002:0000D530       ComCtl32DLL
 0002:0000D750       ComCtlVersion
 0001:00089738       ComCtrls
 0002:0000D814       CommandPool
 0001:00082060       CommCtrl
 0001:0008489C       CommDlg
 0001:00000718       Commit
 0002:00009628       committedRoot
 0001:00065404       CommonSaveToStream
 0001:0005A2F0       CompareEurekaFunctions
 0001:000A7B60       CompareFront
 0001:00009C20       CompareMem
 0001:000547B0       CompareModulesFunctions
 0001:00054B78       CompareProcessesFunctions
 0001:00009BF0       CompareStr
 0001:00005CB4       CompareString
 0001:00009C40       CompareText
 0001:0000A2C0       CompareWith
 0001:0006B2C4       CompleteIP
 0001:0003D400       CompleteNumber
 0001:00042944       CompleteStr
 0001:0004FBBC       CompleteStr
 0001:0006C544       CompleteString
 0001:00024AB4       CompleteVersion
 0001:0001E12C       ComponentCreated
 0001:00038AB0       Compress
 0001:000330B0       compressBound
 0001:0007C908       ComputeAldusChecksum
 0001:00029034       ComputerName
 0001:000514B8       ComputerName
 0001:0008803C       ComStrs
 0001:0002DE24       connect
 0001:00078A84       Consts
 0001:00081ED0       Contnrs
 0002:0000D786       ControlAtom
 0002:0000D78C       ControlAtomString
 0001:000B3D5C       ControlHasHelp
 0001:000A3F40       Controls
 0001:0000E4E4       ConvertAddr
 0001:00006FA4       ConvertAddress
 0001:00025CD8       ConvertAddress
 0001:0000CA28       ConvertEraString
 0001:00009AB8       ConvertError
 0001:00009AD0       ConvertErrorFmt
 0001:0004205C       ConvertNotDosText
 0001:00039FE0       ConvertSpecialHTMLChars
 0001:0000CB90       ConvertYearString
 0001:00004A8C       CopyArray
 0001:0007EDBC       CopyBitmap
 0001:0007F484       CopyBitmapAsMask
 0001:000060FC       CopyEnhMetaFile
 0001:00006944       CopyMemory
 0001:0007F420       CopyPalette
 0001:000063CC       CopyRect
 0002:000074E0       Copyright
 0001:0005974C       CopyStrings
 0001:000AAC50       CopyToBest
 0001:00007CCC       CountAllLeaks
 0001:0000F1DC       CountChars
 0002:0000D4F8       CounterLock
 0001:00060A08       CPUDialogProc
 0001:00050970       CPUToRTF
 0002:0000034C       CRangeToType
 0002:00001DFC       Crc16Tab
 0001:00033208       crc32
 0002:0000C1C0       crc_table
 0002:00001FFC       crc_table_computed
 0001:00064F58       Create8bitBitmap
 0001:0000E9F0       CreateAssertException
 0001:0000EB78       CreateAVObject
 0001:00006104       CreateBitmap
 0001:0000610C       CreateBrushIndirect
 0001:00006114       CreateCompatibleBitmap
 0001:0000611C       CreateCompatibleDC
 0001:0001E1AC       CreateComponent
 0001:00006AC0       CreateDialogA
 0001:0005C044       CreateDialogFonts
 0001:000063D4       CreateDialogParamA
 0001:0000612C       CreateDIBitmap
 0001:00006124       CreateDIBSection
 0001:0000AC70       CreateDir
 0001:00005CBC       CreateDirectory
 0001:00005CC4       CreateEvent
 0001:0005D234       CreateExceptionReport
 0001:00005CCC       CreateFile
 0001:00005CD4       CreateFileA
 0001:0000020C       CreateFileA
 0001:00005CDC       CreateFileMapping
 0001:00006134       CreateFontA
 0001:0000613C       CreateFontIndirect
 0001:00006144       CreateFontIndirectA
 0001:0006D190       CreateGeneralText
 0001:0000614C       CreateHalftonePalette
 0001:00055DDC       CreateHTMLByLayout
 0001:0005880C       CreateHTMLFile
 0001:000063DC       CreateIcon
 0001:0000E91C       CreateInOutError
 0001:0005D604       CreateLeakReport
 0001:0006E220       CreateLogText
 0001:000063E4       CreateMenu
 0001:0008535C       CreateMessageDialog
 0001:000308D0       CreateMXQuery
 0001:00064B78       CreateOctreeNode
 0001:00006154       CreatePalette
 0001:0000615C       CreatePenIndirect
 0001:000063EC       CreatePopupMenu
 0001:00005CE4       CreateProcessA
 0001:00006164       CreateRectRgn
 0001:0000616C       CreateRectRgnIndirect
 0001:00006174       CreateSolidBrush
 0001:0007C100       CreateSystemPalette
 0001:000561B4       CreateTemplateFile
 0001:00005CEC       CreateThread
 0001:0000026C       CreateThread
 0001:0005D7AC       CreateThreadStr
 0001:00067818       CreateTmpLogFile
 0001:0005203C       CreateVirtualFile
 0001:00006A68       CreateWindow
 0001:00006A10       CreateWindowEx
 0001:000588D8       CreateXMLLogCopy
 0001:00067E04       CreateZIPFile
 0001:00031460       CreateZipFile
 0001:000760A0       Create_EurekaLogUnitsList
 0002:00007638       CreationControl
 0002:00007214       CreationControl
 0002:000003B4       CRelationshipToBoolean
 0002:00000330       CResult
 0002:00000D5C       CriticalError
 0002:00006E74       CriticalExceptObject
 0002:00000154       cSimpleBoolStrs
 0002:00000360       CText
 0002:00007614       Ctl3DStyles
 0002:00007734       Ctl3DStyles
 0002:00009620       curAlloc
 0002:000096DC       CurrencyDecimals
 0002:000096D8       CurrencyFormat
 0002:000096D4       CurrencyString
 0002:0000C744       CurrentAsmErrorLine
 0002:0000C74C       CurrentAsmErrorText
 0002:0000C750       CurrentCPUErrorText
 0002:0000C7E0       CurrentDialog
 0001:00074D10       CurrentEurekaLogOptions
 0002:0000C748       CurrentGeneralErrorText
 0002:0000C6B8       CurrentOptions
 0002:0000C7F8       CurrentProcessWindowsList
 0002:00006E60       CurrentStackList
 0001:0000C8C0       CurrentYear
 0001:0000C1F0       CurrToStr
 0001:00015284       CurrToWStrViaOS
 0002:00007914       CursorMap
 0002:00007648       Cursors
 0001:00095894       CursorToIdent
 0002:00007904       cUseAlpha
 0002:0000790C       cUseColorKey
 0002:0000C65C       CustomButtonClickNotify
 0002:0000C650       CustomDataRequest
 0002:0000C77C       CustomExceptMessage
 0001:00076C54       CustomHandler
 0002:00006934       CustomSmtpHeloCommand
 0002:0000C658       CustomWebFieldsRequest
 0002:0000C5C4       CV
 0001:00009FE4       CvtInt
 0001:0000A050       CvtInt64
 0002:00000194       CWNear
 0002:00000198       CWNear
 0001:0000C810       Date
 0002:000096DD       DateSeparator
 0001:0000D4D8       DateTimeToStr
 0001:0002502C       DateTimeToStrFixed
 0001:0000D44C       DateTimeToString
 0001:0000C388       DateTimeToTimeStamp
 0001:0000D4A8       DateToStr
 0001:000152BC       DateToWStrViaOS
 0001:0000C7E8       DayOfWeek
 0002:0000C7F4       DbgSection
 0002:00000190       DCon10
 0002:00006F30       DDBsOnly
 0001:00021D30       DeallocateHWnd
 0002:0000002C       DebugHook
 0002:0000C934       DebugHook_Assigned
 0001:000693F8       DebugToStr
 0002:000096DB       DecimalSeparator
 0001:0000C758       DecodeDate
 0001:0000C60C       DecodeDateFully
 0001:0002AED0       DecodeNameString
 0001:0000C47C       DecodeTime
 0001:000007AC       Decommit
 0001:00000DC8       DecommitFree
 0002:000095FC       decommittedRoot
 0001:000396FC       Decrypt
 0001:000B70B4       Default
 0001:000B19E4       Default
 0002:00000024       Default8087CW
 0002:0000763C       DefaultDockTreeClass
 0002:00000038       DefaultTextLineBreakStyle
 0002:000095C0       DefaultUserCodePage
 0002:00007184       DefBrushData
 0002:00006F04       DefFontData
 0001:000063F4       DefFrameProc
 0001:00034040       deflate
 0001:00034304       deflateEnd
 0001:00033A54       deflateInit_
 0002:00000224       DefLongDayNames
 0002:000001D8       DefLongMonthNames
 0001:000063FC       DefMDIChildProc
 0002:00007164       DefPenData
 0002:00000208       DefShortDayNames
 0002:000001A8       DefShortMonthNames
 0001:00006404       DefWindowProc
 0001:0000640C       DefWindowProcA
 0001:00004CE4       DelayLoadResourceModule
 0001:00000468       DeleteBlock
 0001:000003D8       DeleteCriticalSection
 0001:00005CF4       DeleteCriticalSection
 0001:0000617C       DeleteDC
 0001:00006184       DeleteEnhMetaFile
 0001:00067F70       DeleteExtraFiles
 0001:00005CFC       DeleteFile
 0001:0000A66C       DeleteFile
 0001:00005D04       DeleteFileA
 0001:0005473C       DeleteFileEx
 0001:00000C10       DeleteFree
 0001:00006414       DeleteMenu
 0001:0000618C       DeleteObject
 0001:000910D4       DeleteSelectedText
 0001:00064A84       DeleteTree
 0001:000521A8       DeleteVirtualFile
 0002:00006EE4       DeniedChars
 0001:0007E978       DeselectBitmap
 0001:0000641C       DestroyCursor
 0001:0005C28C       DestroyDialogFonts
 0001:00006424       DestroyIcon
 0001:00088110       DestroyLocals
 0001:0000642C       DestroyMenu
 0001:00006434       DestroyWindow
 0002:0000CC1C       DetailsActive
 0001:0005E09C       DetailsState
 0001:0000643C       DialogBoxParamA
 0001:00092F88       DialogEnumerationTester
 0002:0000CC28       DialogHeight
 0001:00085BAC       Dialogs
 0002:0000C944       DialogType
 0002:000071C0       DIBPalSizes
 0002:00000094       dig
 0002:00000D60       Digits
 0001:00056190       DirectoryExists
 0001:000087AC       DisableMemoryLeaksCheck
 0001:000AEE1C       DisableTaskWindows
 0001:00006444       DispatchMessage
 0001:000B503C       DispatchShortCut
 0002:00009000       DispCallByIDProc
 0001:00009A9C       DivMod
 0001:000848D4       Dlgs
 0001:0005BCFC       DlgTemplate
 0002:00009918       DllList
 0001:000B6340       DoAlign
 0001:0009B4B8       DoAlign
 0001:0009F56C       DoCalcConstraints
 0002:0000D7BC       DockSiteList
 0001:000AB870       DoClick
 0001:0009CBFC       DoControlMsg
 0001:000AEDCC       DoDisableWindow
 0001:000965D4       DoDragOver
 0001:00009B14       DoExitProc
 0001:000A1578       DoFindControlZone
 0001:000AEF08       DoFindWindow
 0001:000A1B04       DoFindZone
 0001:000A15FC       DoForEach
 0001:000A2F08       DoGetNextLimit
 0001:00030D30       Done
 0001:000781D4       Done
 0001:00008998       Done
 0001:0002F470       Done
 0001:00029378       Done
 0001:000AED94       DoneApplication
 0001:00075D70       DoneCheckFreeze
 0001:000A3C68       DoneControls
 0002:0000C70C       DoneExcept
 0001:00076EA8       DoneExceptAddr
 0001:0000EEA4       DoneExceptions
 0001:0003B004       DoneLib
 0001:00008538       DoneShareMem
 0001:000B33B8       DoNestedActivation
 0001:000203D8       DoneThreadSynchronization
 0001:0009B078       DoPosition
 0001:000B6190       DoPosition
 0001:000A2530       DoPrune
 0001:00086D18       DoRect
 0001:000A2A08       DoSaveZone
 0001:000A2C0C       DoSetNewBounds
 0001:00025370       DotNetHostedFile
 0001:00069EC8       DotNetHostedFileHandle
 0001:00069E7C       DotNetMainFile
 0002:00006E84       DotNetMetadataFile
 0002:00006EA4       Dots
 0002:000003D0       DotSep
 0001:000A61C0       DoWrite
 0001:0007DA94       DoWrite
 0001:0001B3A8       DoWrite
 0001:0007CD90       DoWrite
 0001:0009C1E4       DoWriteDesignSize
 0001:00099C50       DoWriteIsControl
 0002:0000D7A0       DragCapture
 0002:0000D794       DragControl
 0001:00096D1C       DragDone
 0001:00096584       DragFindTarget
 0001:00096558       DragFindWindow
 0002:0000D7B8       DragImageList
 0001:00096974       DragInit
 0001:00096AE4       DragInitControl
 0002:0000D79C       DragInternalObject
 0001:000964A0       DragMessage
 0002:0000D798       DragObject
 0002:0000D7C4       DragSave
 0002:0000D7AC       DragSaveCursor
 0002:0000D7A4       DragStartPos
 0002:0000D7B0       DragThreshold
 0001:000966A4       DragTo
 0001:000B70F0       DrawAppIcon
 0001:00046410       DrawBmp
 0001:00046F94       DrawBottom
 0001:00062F6C       DrawButton
 0001:00062E00       DrawClickHere
 0001:000A209C       DrawCloseButton
 0001:00062D78       DrawControl
 0001:0000644C       DrawEdge
 0001:00006454       DrawFocusRect
 0001:00046F20       DrawFrame
 0001:0000645C       DrawFrameControl
 0001:000A20F4       DrawGrabberLine
 0001:00006464       DrawIcon
 0001:0000646C       DrawIconEx
 0002:00007770       DrawingStyles
 0001:0004703C       DrawItem
 0001:00046FE8       DrawLine
 0001:00006474       DrawMenuBar
 0001:000ACBB0       DrawMenuItem
 0001:00060FC4       DrawSupportLink
 0001:0000647C       DrawText
 0001:00006484       DrawTextA
 0002:0000D5C0       DrawThemeBackground
 0002:0000D5E4       DrawThemeEdge
 0002:0000D5E8       DrawThemeIcon
 0002:0000D66C       DrawThemeParentBackground
 0002:0000D5C4       DrawThemeText
 0001:0007BBD0       DupBits
 0002:0000C794       DuplicatedException
 0001:00005D0C       DuplicateHandle
 0001:00004AA4       DynArrayClear
 0001:00004AAC       DynArraySetLength
 0001:00039B48       EBase64
 0001:00024810       EConsts
 0001:000293F0       ECore
 0001:0002DB24       EDebug
 0002:0000785C       EdgeStyle
 0002:00007724       EdgeStyles
 0002:00007604       EdgeStyles
 0001:0004EA50       EDisAsm
 0001:000397F0       EEncrypt
 0001:0003949C       EHash
 0001:0000E8F0       EHeapException.FreeInstance
 0001:0002F56C       EHook
 0001:000425D4       ElaborateString
 0001:0003B840       ElaborateURL
 0001:0003B9A8       ElaborateWebPage
 0001:0002F67C       ELang
 0001:00008A58       ELeaks
 0001:00047658       EListView
 0001:00046338       ELogManager
 0001:000B96F4       EmitMessage
 0002:00007588       Empty
 0001:0000648C       EmptyClipboard
 0002:00009854       EmptyParam
 0002:000000D8       EmptyStr
 0002:000000DC       EmptyWideStr
 0002:0000045C       EMsgs
 0001:00008620       EnableMemoryLeaksCheck
 0001:00006494       EnableMenuItem
 0002:000077F4       Enables
 0001:0000649C       EnableScrollBar
 0001:000AEED0       EnableTaskWindows
 0002:0000D654       EnableThemeDialogTexture
 0002:0000D670       EnableTheming
 0001:000064A4       EnableWindow
 0001:00064970       Encode
 0001:0000C5DC       EncodeDate
 0002:00005604       EncodedChars
 0001:0000C43C       EncodeTime
 0001:0006797C       EncodeURL
 0001:000064AC       EndDialog
 0001:0001A558       EndGlobalLoading
 0001:000064B4       EndPaint
 0001:0000378C       EndThread
 0001:00005D14       EnterCriticalSection
 0001:000003C8       EnterCriticalSection
 0001:00005D1C       EnumCalendarInfoA
 0002:0000D554       EnumDisplayMonitors
 0001:0000E158       EnumEraNames
 0001:0000E194       EnumEraYearOffsets
 0001:000B1FA8       EnumMonitorsProc
 0001:00005D24       EnumSystemLocalesA
 0001:000064BC       EnumThreadWindows
 0001:0001D95C       EnumValue
 0001:000064C4       EnumWindows
 0001:000537C0       EnumWindowsProc
 0001:00053864       EnumWindowsProc
 0001:0005391C       EnumWindowsProc
 0001:00053A30       EnumWindowsProc
 0001:0002A41C       Eof
 0002:00005624       EOFLine
 0001:000064CC       EqualRect
 0002:000097A4       EraNames
 0001:0000D764       EraToYear
 0002:000097C0       EraYearOffsets
 0002:0000006C       errCaption
 0001:000018D8       Error
 0001:00008400       Error
 0001:0001D140       Error
 0001:00065848       Error
 0001:00019AE0       Error
 0001:000A78B0       Error
 0002:00000004       ErrorAddr
 0001:0000188C       ErrorAt
 0001:0000E99C       ErrorHandler
 0002:00000240       ErrorMap
 0002:00009008       ErrorProc
 0002:000093E8       ErrOutput
 0002:00000C34       EShowOptions
 0001:00030D90       ESockets
 0001:00021ECC       ETypes
 0002:00000454       EurekaLogCurrentVersion
 0002:0000C7B0       EurekaLogList
 0001:00066110       EurekaLogSendEmail
 0002:00006938       EurekaLogUnits
 0002:0000C7D4       EurekaLogUnitsList
 0001:00059C18       EurekaLog_AttachedFilesRequestEvent
 0001:000738E4       EurekaLog_CallCreateThread
 0001:00073074       EurekaLog_CallExceptObject
 0001:00073A1C       EurekaLog_CallExitThread
 0001:00072EF0       EurekaLog_CallGeneralRaise
 0001:00073978       EurekaLog_CallResumeThread
 0001:00059D60       EurekaLog_CustomButtonClickEvent
 0001:00059B74       EurekaLog_CustomDataRequestEventEx
 0001:00059CBC       EurekaLog_CustomWebFieldsRequestEvent
 0001:00059A2C       EurekaLog_ExceptionActionNotifyEvent
 0001:00059AD0       EurekaLog_ExceptionErrorNotifyEvent
 0001:000598E4       EurekaLog_ExceptionNotifyEvent
 0001:00059988       EurekaLog_HandledExceptionNotifyEvent
 0001:000738DC       EurekaLog_LastDelphiException
 0001:000597D0       EurekaLog_PasswordRequestEvent
 0001:00059814       EurekaLog_PasswordRequestEventEx
 0002:000009BC       EVals
 0002:00000CF4       EVariablesOptions
 0001:00041984       EWebTools
 0001:0002E098       EWinSock
 0001:00001814       ExceptAddr
 0002:0000900C       ExceptClsProc
 0001:0000EE10       ExceptHandler
 0001:0000E764       Exception.Create
 0001:0000E7A0       Exception.CreateFmt
 0001:0000E820       Exception.CreateRes
 0001:0000E85C       Exception.CreateResFmt
 0002:0000C644       ExceptionActionNotify
 0002:0000901C       ExceptionClass
 0002:0000C68C       ExceptionCriticalSection
 0001:0000E4F0       ExceptionErrorMessage
 0002:0000C648       ExceptionErrorNotify
 0001:00052ABC       ExceptionLine
 0001:00078724       ExceptionLog
 0001:00075040       ExceptionManager
 0002:0000C63C       ExceptionNotify
 0002:0000C6C4       ExceptionNumber
 0002:0000C7E8       ExceptionsTime
 0002:0000C7EC       ExceptionTime
 0001:00056718       ExceptionTypeByAddr
 0002:00000278       ExceptMap
 0001:00072548       ExceptNotify
 0001:00069220       ExceptNotifyAfter1
 0001:0006931C       ExceptNotifyAfter2
 0001:00069330       ExceptNotifyAfter3
 0001:000017F4       ExceptObject
 0002:00009010       ExceptObjProc
 0002:00009004       ExceptProc
 0001:00006194       ExcludeClipRect
 0001:000265A4       ExcludeLastBackslash
 0002:00000000       ExitCode
 0001:00003544       ExitDll
 0002:00009048       ExitProc
 0001:0000027C       ExitProcess
 0002:00009028       ExitProcessProc
 0002:00000150       ExitProcList
 0001:00000274       ExitThread
 0001:00005D2C       ExitThread
 0001:00041F2C       EXMLBuilder
 0001:00025284       ExpandEnvVars
 0001:0000A8E0       ExpandFileName
 0001:0005A3A0       ExportedFunctions
 0001:000883CC       ExtActns
 0001:00087FDC       ExtCtrls
 0001:00088238       ExtDlgs
 0001:00057D14       ExtractDebugData
 0001:0000A7CC       ExtractFileDrive
 0001:0000A898       ExtractFileExt
 0001:0000A860       ExtractFileName
 0001:00006C48       ExtractFileName
 0001:0000A798       ExtractFilePath
 0001:0000A91C       ExtractFilePathNoDrive
 0001:00075510       ExtractGZipStream
 0001:00024D28       ExtractList
 0001:0000A9A8       ExtractRelativePath
 0001:000577F8       ExtractStr
 0001:0002618C       ExtractStringsEx
 0001:0005D04C       ExtractThreadByList
 0001:00043CCC       ExtractValue
 0001:0000619C       ExtTextOut
 0001:00039C9C       EZip
 0001:000389A0       EZlib2
 0002:0000C9E0       fActive
 0002:00006E98       fActivePage
 0002:000097E0       FalseBoolStrs
 0002:0000C9FC       fBigFont
 0002:0000C9E4       fCaptionFont
 0002:0000D6EC       FClipboard
 0002:00000184       FCon1E18
 0002:0000C9D8       fDlgBack
 0001:0006C8B4       FetchStr
 0002:0000C9EC       fFixedFont1
 0002:0000C9F0       fFixedFont2
 0001:0000A500       FileAge
 0001:0000A4F8       FileClose
 0001:0000A460       FileCreate
 0001:0000A43C       FileCreate
 0001:0000ABE0       FileDateToDateTime
 0001:0000A568       FileExists
 0002:000071B8       FileFormats
 0002:0000000C       FileMode
 0001:00001D58       FileNOPProc
 0001:0000A3E4       FileOpen
 0001:0000A468       FileRead
 0002:000003FC       FilerSignature
 0001:0000A4C0       FileSeek
 0001:00005D34       FileTimeToDosDateTime
 0001:00005D3C       FileTimeToLocalFileTime
 0001:0000A494       FileWrite
 0001:00000CF8       FillAfterGap
 0001:00058A64       FillAttachedList
 0001:00000CA4       FillBeforeGap
 0001:00000D90       FillerSizeAfterGap
 0001:00000D20       FillerSizeBeforeGap
 0001:000064D4       FillRect
 0001:00054C34       FillThreadsCount
 0001:00088208       Finalization
 0001:0002F64C       Finalization
 0001:000847C4       Finalization
 0001:000847FC       Finalization
 0001:00084834       Finalization
 0001:0008486C       Finalization
 0001:000848A4       Finalization
 0001:000881A8       Finalization
 0001:000880D8       Finalization
 0001:00041934       Finalization
 0001:000CC730       Finalization
 0001:00088044       Finalization
 0001:0008800C       Finalization
 0001:00085B50       Finalization
 0001:00041EFC       Finalization
 0001:00006BD0       Finalization
 0001:00087F94       Finalization
 0001:0008478C       Finalization
 0001:00084754       Finalization
 0001:0008471C       Finalization
 0001:000846AC       Finalization
 0001:0002F518       Finalization
 0001:00088258       Finalization
 0001:00030D38       Finalization
 0001:0002E068       Finalization
 0001:00083D28       Finalization
 0001:000882C0       Finalization
 0001:00088324       Finalization
 0001:000462FC       Finalization
 0001:00083B7C       Finalization
 0001:0008837C       Finalization
 0001:000883D4       Finalization
 0001:000896C0       Finalization
 0001:000B930C       Finalization
 0001:0008A210       Finalization
 0001:000B93AC       Finalization
 0001:000B93FC       Finalization
 0001:00092414       Finalization
 0001:0009257C       Finalization
 0001:00093200       Finalization
 0001:00083858       Finalization
 0001:00083820       Finalization
 0001:000ACE8C       Finalization
 0001:000837D8       Finalization
 0001:00011404       Finalization
 0001:0002DB34       Finalization
 0001:0002DA88       Finalization
 0001:000827F0       Finalization
 0001:000827B0       Finalization
 0001:000058A8       Finalization
 0001:00082030       Finalization
 0001:00038970       Finalization
 0001:00081EA0       Finalization
 0001:00081BE8       Finalization
 0001:00081A08       Finalization
 0001:00047628       Finalization
 0001:0003946C       Finalization
 0001:00005AD8       Finalization
 0001:00005B50       Finalization
 0001:000397C0       Finalization
 0001:0004E9B4       Finalization
 0001:00078A54       Finalization
 0001:00078568       Finalization
 0001:0002937C       Finalization
 0001:00021D58       Finalization
 0001:00021E9C       Finalization
 0001:00010C10       Finalization
 0001:000CF544       Finalization
 0001:00010A10       Finalization
 0001:0002478C       Finalization
 0001:000A6910       Finalization
 0001:000D0B50       Finalization
 0001:00016FE0       Finalization
 0001:00017D60       Finalization
 0001:00008A20       Finalization
 0001:000171FC       Finalization
 0001:00017D08       Finalization
 0001:00008D6C       Finalization
 0001:000D0B88       Finalization
 0001:00039B18       Finalization
 0001:000A3ED8       Finalization
 0001:000A5208       Finalization
 0001:00039C6C       Finalization
 0002:00009684       FinalizationProc
 0001:00004A9C       FinalizeArray
 0001:00003378       FinalizeUnits
 0001:000AB630       Find
 0001:00056DBC       FindBetterMatch
 0001:00004D54       FindBS
 0001:00019FFC       FindClass
 0001:00004CDC       FindClassHInstance
 0001:0000028C       FindClose
 0001:0000A650       FindClose
 0001:00005D44       FindClose
 0001:00000C74       FindCommitted
 0001:00095674       FindControl
 0001:000A1D30       FindControlAtPos
 0001:00016EF0       FindCustomVariantType
 0001:00016E38       FindCustomVariantType
 0001:00097040       FindDragTarget
 0001:00067798       FindEOFLine
 0001:0003B418       FindErrorMessage
 0001:0006D0E0       FindException
 0001:0001E35C       FindExistingComponent
 0001:0000A5DC       FindFirst
 0001:00005D4C       FindFirstFile
 0001:00000294       FindFirstFile
 0001:00005D54       FindFirstFileA
 0001:00054ED0       FindFullPath
 0001:00057C08       FindFunction
 0001:0001A3E8       FindGlobalComponent
 0001:000AF014       FindGlobalComponent
 0002:000098B8       FindGlobalComponentProcs
 0001:0004F630       FindHandled
 0001:00004CB4       FindHInstance
 0001:0001A290       FindIdentToInt
 0001:00007730       FindLeakAddress
 0001:00007954       FindLeakClassName
 0001:00007688       FindLeakSons
 0001:0007775C       FindMainInstance
 0001:0000A578       FindMatchingFile
 0001:00053EF0       FindModuleType
 0002:0000D6AC       FindMsg
 0001:0001D4EC       FindNestedComponent
 0001:0000A62C       FindNext
 0001:00005D5C       FindNextFile
 0001:000075E4       FindNextValidLeak
 0001:0002A58C       FindParam
 0001:000A7878       FindPopupControl
 0001:000110CC       FindProc
 0001:0002DC94       FindProc
 0001:00054B80       FindProcess
 0001:00005D64       FindResource
 0001:00005D6C       FindResourceA
 0001:00004D2C       FindResourceHInstance
 0001:000B8B60       FindScanline
 0001:0003AB7C       FindSelected
 0001:000AEF6C       FindTopMostWindow
 0001:0001F240       FindUniqueName
 0001:000169C8       FindVarData
 0001:0009700C       FindVCLWindow
 0001:000064DC       FindWindow
 0001:00092FE0       FindWinHelp
 0001:0004F5E8       FirstProc
 0002:0000CA08       FixedFontName1
 0002:0000CA0C       FixedFontName2
 0002:0000CA00       FixedFontSize
 0002:0000CC44       FixedTmpOptionsFile
 0001:0007ED70       FixupBitFields
 0002:0000786C       Flags
 0002:000097F0       FLanguages
 0001:00083BAC       FlatSB
 0002:0000D580       FlatSB_EnableScrollBar
 0002:0000D58C       FlatSB_GetScrollInfo
 0002:0000D590       FlatSB_GetScrollPos
 0002:0000D588       FlatSB_GetScrollRange
 0002:0000D598       FlatSB_SetScrollInfo
 0002:0000D594       FlatSB_SetScrollPos
 0001:0008389C       FlatSB_SetScrollProp
 0002:0000D59C       FlatSB_SetScrollRange
 0002:0000D584       FlatSB_ShowScrollBar
 0002:0000C9F4       fLinkFont
 0002:0000C9F8       fLinkFont2
 0002:0000CB84       fListViewItems
 0002:00006008       FloatingPointOpcodes
 0001:0000BD34       FloatToDecimal
 0001:0000C1BC       FloatToStr
 0001:0000C18C       FloatToStr
 0001:0000B768       FloatToText
 0001:0000B494       FloatToText
 0001:0000BA40       FloatToTextFmt
 0001:00001FBC       Flush
 0001:00005D74       FlushInstructionCache
 0002:0000C9DC       fMemoBack
 0002:0000CB64       fMonitor
 0002:0000CB6C       fMonitorInfo
 0002:0000019C       FMSecsPerDay
 0001:0000B390       FmtStr
 0002:00007888       FocusCount
 0002:00007884       FocusMessages
 0002:000070D4       FontCharsets
 0002:0000D510       FontManager
 0001:00074F8C       ForceApplicationTermination
 0001:00026654       ForceDirectoriesEx
 0001:000784B0       ForceUseConstant
 0001:000AEFE8       ForegroundTask
 0002:0000D848       Form1
 0001:0000B37C       Format
 0002:000001A4       Format
 0001:0000AF84       FormatBuf
 0001:0000AF78       FormatClearStr
 0001:0006CD00       FormatComplete
 0001:0000D4EC       FormatDateTime
 0001:0000AEFC       FormatError
 0002:0000017C       FormatErrorStrs
 0001:0000C220       FormatFloat
 0001:00005D7C       FormatMessage
 0001:000B96FC       FormatMessage
 0001:0002D460       FormatProcName
 0001:0000AF54       FormatVarToStr
 0001:000B9368       Forms
 0001:00002428       FPower10
 0002:00007210       FPrinter
 0001:00086DDC       Frame3D
 0001:000064E4       FrameRect
 0001:00007CA0       FreeAllLeaks
 0001:000105F0       FreeAndNil
 0001:00051A30       FreeClonedObject
 0001:000009E0       FreeCommitted
 0001:00000F00       FreeCurAlloc
 0001:00097100       FreeDeviceContext
 0001:000971BC       FreeDeviceContexts
 0001:00021B24       FreeIntConstList
 0001:00005D84       FreeLibrary
 0001:0000029C       FreeLibrary
 0001:0007E8CC       FreeMemoryContexts
 0001:00021C58       FreeObjectInstance
 0001:000AF094       FreeObjectInstance
 0001:00052768       FreeOutOfMemoryCache
 0001:00005DA4       FreeResource
 0001:0006580C       FreeScreenshot
 0001:00000660       FreeSpace
 0001:0001015C       FreeTerminateProcs
 0001:00083D60       FreeThemeLibrary
 0002:0000C758       FreezeThread
 0002:0000D74C       FRichEditModule
 0002:0000CB68       fSendBmp
 0002:0000C618       FtpOpenFile
 0001:0004135C       FTPUploadFiles
 0002:0000C9E8       fVariableFont
 0001:0007BBC0       GDICheck
 0001:0007BB18       GDIError
 0001:000061A4       GdiFlush
 0001:00060800       GeneralDialogProc
 0001:00072CD0       GeneralRaise
 0001:00050170       GeneralToRTF
 0001:0006892C       GenerateCustomWebFieldsString
 0001:0005606C       GenerateHTML
 0001:0003C1D0       GenerateMultipartBoundary
 0001:000407A0       GenerateMultipartBoundary
 0001:000408DC       GenerateRequestBody
 0001:0003C2A0       GenerateRequestBody
 0001:00001C44       Get8087CW
 0001:00005DAC       GetACP
 0001:0006A700       GetActiveControlClass
 0001:0006A718       GetActiveControlText
 0001:0006A620       GetActiveFormClass
 0001:0006A66C       GetActiveFormText
 0001:0005D81C       GetActiveMonitorData
 0001:000064EC       GetActiveWindow
 0001:0006B408       GetAdapterInfo
 0001:00054C00       GetAllocatedMemory
 0001:00057BE8       GetAndSetFunctionSize
 0001:000B681C       GetAnimation
 0001:0006AF70       GetApplicationName
 0001:00053994       GetApplicationRect
 0001:0006A600       GetApplicationUpTime
 0001:0002E7D0       GetAsmSize
 0001:00084CB8       GetAveCharSize
 0001:0005BAF8       GetBaseOfStack
 0001:000061AC       GetBitmapBits
 0001:000003E0       GetBlockDesc
 0001:00062EE4       GetBottonWidth
 0001:000061B4       GetBrushOrgEx
 0001:000069C8       GetBValue
 0001:0005B9D4       GetCallStackByAddresses
 0001:000527A8       GetCallStackDump
 0001:000064F4       GetCapture
 0001:0009593C       GetCaptureControl
 0001:00019FA8       GetClass
 0001:000064FC       GetClassInfo
 0001:00006504       GetClassName
 0001:0000650C       GetClassNameA
 0001:00006514       GetClientRect
 0001:0000651C       GetClipboardData
 0001:0007D5EC       GetClipboardFormats
 0001:000061BC       GetClipBox
 0001:0000037C       GetCmdShow
 0001:000A53D8       GetColor
 0001:000474A8       GetColumnAlign
 0001:0004747C       GetColumnCount
 0001:00088CE4       GetComCtlVersion
 0001:00005DBC       GetCommandLine
 0001:000002A4       GetCommandLine
 0001:0000082C       GetCommitted
 0001:000008BC       GetCommittedAt
 0001:0006C75C       GetCompanyName
 0001:0006A5A4       GetCompilationDate
 0001:0004FC44       GetCompleteTimeStr
 0001:00005DC4       GetComputerNameA
 0001:0009C7B0       GetControlAtPos
 0001:00071FC0       GetControlClass
 0001:0007201C       GetControlText
 0001:0000C984       GetCount
 0001:00005DB4       GetCPInfo
 0001:00038A4C       GetCRC16
 0001:00038A04       GetCRC32
 0001:0000AC4C       GetCurrentDir
 0001:000002AC       GetCurrentDirectory
 0001:000061C4       GetCurrentObject
 0001:000061CC       GetCurrentPositionEx
 0001:0006CA2C       GetCurrentPrinterHandle
 0001:00005DCC       GetCurrentProcess
 0001:00005DD4       GetCurrentProcessId
 0001:0005BB00       GetCurrentStackPointer
 0001:00075038       GetCurrentStackPointer
 0002:0000D664       GetCurrentThemeName
 0001:00005DDC       GetCurrentThread
 0001:0000036C       GetCurrentThreadId
 0001:00005DE4       GetCurrentThreadId
 0001:0000693C       GetCurrentTime
 0001:00051A50       GetCurrentTopOfStack
 0001:0006C584       GetCurrentUserPrivileges
 0001:00006524       GetCursor
 0001:000B8B70       GetCursorHeightMargin
 0001:0000652C       GetCursorPos
 0001:000074BC       GetDataCaller
 0001:0000C9B0       GetDate
 0001:00005DEC       GetDateFormat
 0001:0000D67C       GetDateOrder
 0001:00006534       GetDC
 0001:0000653C       GetDCEx
 0001:000061D4       GetDCOrgEx
 0001:0005B2D8       GetDebugDetail
 0001:00069498       GetDebugInfoEx
 0001:0005800C       GetDebugInfosByAddr
 0001:000579D4       GetDebugPartialInfo
 0001:0006C948       GetDefaultPrinter
 0001:00081618       GetDefFontCharSet
 0001:00006544       GetDesktopWindow
 0001:000061EC       GetDeviceCaps
 0001:00060C10       GetDialogState
 0001:0007CB20       GetDIB
 0001:000061DC       GetDIBColorTable
 0001:000061E4       GetDIBits
 0001:0007CA68       GetDIBSizes
 0001:0007BD30       GetDInColors
 0001:00005DF4       GetDiskFreeSpaceA
 0002:0000014C       GetDiskFreeSpaceEx
 0001:0006AD24       GetDiskInfo
 0001:0006C490       GetDisplayDPI
 0001:0006B224       GetDisplayMode
 0001:0000654C       GetDlgItem
 0001:000304D0       GetDNSList
 0001:000A2FE8       GetDockAlign
 0001:000962E4       GetDockSiteAtPos
 0001:0003068C       GetDomain
 0001:000307F8       GetDomainName
 0001:00096610       GetDropCtl
 0001:0006DF08       GetDump
 0001:00002AA8       GetDynaMethod
 0001:0006DD88       GetEAX
 0001:0006DDB8       GetEBX
 0001:0006DDE8       GetECX
 0001:0006DE78       GetEDI
 0001:0005CAC0       GetEditText
 0001:0006DE18       GetEDX
 0001:0005A018       GetEF
 0001:0004D3A8       GetEffectiveAddress
 0001:0006DED8       GetEIP
 0001:0006E12C       GetEmptySection
 0001:000061F4       GetEnhMetaFileBits
 0001:000061FC       GetEnhMetaFileHeader
 0001:00006204       GetEnhMetaFilePaletteEntries
 0001:0001726C       GetEnumName
 0001:00017344       GetEnumNameValue
 0001:00017390       GetEnumValue
 0001:00005DFC       GetEnvironmentVariableA
 0001:00025148       GetEnvVariable
 0001:0000E20C       GetEraNamesAndYearOffsets
 0001:0000D710       GetEraYearOffset
 0001:0006DE48       GetESI
 0001:0006DEA8       GetESP
 0001:00052798       GetESP
 0001:000254E4       GetEurekaLogDir
 0001:0005A8DC       GetEurekaLogModuleVersion
 0001:0006A914       GetExceptionAddress
 0001:0000EB60       GetExceptionClass
 0001:0006A8FC       GetExceptionDate
 0001:0006A36C       GetExceptionMessage
 0001:0006A948       GetExceptionModuleName
 0001:0006AA2C       GetExceptionModuleVersion
 0001:0000ED44       GetExceptionObject
 0001:0006AAB0       GetExceptionType
 0001:0005BC0C       GetExceptMessage
 0001:00005E04       GetExitCodeProcess
 0001:00005E0C       GetExitCodeThread
 0001:00019F30       GetFieldClassTable
 0001:0003A41C       GetFieldValue
 0001:00005E14       GetFileAttributes
 0001:00005E1C       GetFileAttributesA
 0001:0003B3AC       GetFileContents
 0001:00040870       GetFileContents
 0001:0007D5CC       GetFileFormats
 0001:00054708       GetFileSize
 0001:00041320       GetFileSize
 0001:0000021C       GetFileSize
 0001:000314B8       GetFileSize
 0001:00000214       GetFileType
 0001:0000EFB4       GetFileVersion
 0001:0006B934       GetFileVersionEx
 0001:000060BC       GetFileVersionInfo
 0001:000060C4       GetFileVersionInfoA
 0001:000060CC       GetFileVersionInfoSize
 0001:000060D4       GetFileVersionInfoSizeA
 0001:00006554       GetFocus
 0001:00025398       GetFolder
 0001:0007A574       GetFontData
 0001:0000655C       GetForegroundWindow
 0001:0000F87C       GetFormatSettings
 0001:0000701C       GetFramesCallStackDump
 0001:0006AE18       GetFreeDisk
 0001:0006ACA4       GetFreeMemory
 0001:00005E24       GetFullPathName
 0001:00069778       GetFunctionAsm
 0001:0002E908       GetFunctionSize
 0001:000263C0       GetGMT
 0001:000069C4       GetGValue
 0001:00005E2C       GetHandleInformation
 0001:00079AE0       GetHashCode
 0001:000B3D94       GetHelpInfo
 0001:00082C70       GetHelpSystem
 0001:000B6600       GetHint
 0001:000B6638       GetHintControl
 0001:0002DF48       gethostbyname
 0001:0002DF78       gethostname
 0001:000ACD2C       GetHotkey
 0001:00040BAC       GetHTTPResponse
 0001:0003BAB8       GetHTTPResponse
 0001:00006564       GetIconInfo
 0001:0002D798       GetImageNtHeaders
 0001:0006BB28       GetIndexKeyName
 0001:0006C8E8       GetIniDefPrinter
 0001:000729AC       GetIntraWebExceptionType
 0001:000463E8       GetItemRect
 0001:0005FB34       GetItemText
 0001:0000657C       GetKeyboardLayout
 0001:00006584       GetKeyboardLayoutList
 0001:0000658C       GetKeyboardState
 0001:00002714       GetKeyboardType
 0001:0000656C       GetKeyNameText
 0001:00006574       GetKeyState
 0001:0006A8B0       GetLanguageString
 0001:00006594       GetLastActivePopup
 0001:000A12B0       GetLastChildZone
 0001:00005E34       GetLastError
 0001:000002B4       GetLastError
 0001:000076E4       GetLeakCount
 0001:0003AD88       GetListDefault
 0001:0003AA08       GetListValue
 0001:0000DE84       GetLocaleChar
 0001:0006A784       GetLocaleDataA
 0001:0006A744       GetLocaleDataW
 0001:0000FBF4       GetLocaleFormatSettings
 0001:00005E44       GetLocaleInfo
 0001:000002BC       GetLocaleInfo
 0001:00005E4C       GetLocaleInfoA
 0001:00005E54       GetLocaleInfoW
 0001:0000E048       GetLocaleMonthDayNames
 0001:0000DE38       GetLocaleStr
 0001:00005E3C       GetLocalTime
 0001:000958F8       GetLongHint
 0001:00025DB4       GetLongNameFromShort
 0001:0001763C       GetLongStrProp
 0001:000537F8       GetMainWindow
 0001:0000620C       GetMapMode
 0001:0003936C       GetMD5
 0001:0006AB58       GetMemInfo
 0001:000017BC       GetMemoryManager
 0001:0000659C       GetMenu
 0001:000B3D1C       GetMenuHelpContext
 0001:000065A4       GetMenuItemCount
 0001:000065AC       GetMenuItemID
 0001:000065B4       GetMenuItemInfo
 0001:000A9E7C       GetMenuSize
 0001:000065BC       GetMenuState
 0001:000065C4       GetMenuString
 0001:00017BE0       GetMethodProp
 0001:0003135C       GetModifiedDate
 0001:00025D10       GetModifiedDate
 0001:000542C0       GetModuleDescriptionAndVersion
 0001:000002C4       GetModuleFileName
 0001:00005E5C       GetModuleFileName
 0001:00005E64       GetModuleFileNameA
 0001:00005E6C       GetModuleHandle
 0001:000059D0       GetModuleHandle
 0001:000002CC       GetModuleHandle
 0001:00005E74       GetModuleHandleA
 0001:000540B4       GetModulePath
 0001:00054190       GetModuleSize
 0001:00054AAC       GetModulesList
 0001:0005491C       GetModulesWin9X
 0001:000547B8       GetModulesWinNT
 0001:00054220       GetModuleVer
 0001:00058BCC       GetModule_ProcedureEvent
 0002:0000D548       GetMonitorInfo
 0002:0000D54C       GetMonitorInfoA
 0002:0000D550       GetMonitorInfoW
 0001:0005DA78       GetMonitorWorkAreaFromActiveWnd
 0001:0005DA54       GetMonitorWorkAreaFromWnd
 0001:0005D970       GetMonitorWorkAreaFromWndEx
 0001:0000DEE8       GetMonthDayNames
 0001:00030A24       GetMXBestRecord
 0001:0003095C       GetMXRecord
 0001:00030B14       GetMXServerFromEmail
 0001:0006B7B0       GetNetworkData
 0001:000065CC       GetNextWindow
 0001:00006214       GetObject
 0001:000074D0       GetObjectCaller
 0001:00064EE8       GetOptimizedPalette
 0001:0003AC64       GetOptionsDefault
 0001:000083B0       GetOptionsFromExeFile
 0001:0003A808       GetOptionsValue
 0001:00017464       GetOrdProp
 0001:00051484       GetOSBuild
 0001:0006A8E4       GetOSCharset
 0001:0006A8D8       GetOSLanguage
 0001:0005105C       GetOSType
 0001:0006A730       GetOSUpdate
 0001:0005274C       GetOutOfMemoryCache
 0001:00064AC0       GetPaletteColors
 0001:0000621C       GetPaletteEntries
 0001:0006A514       GetParameters
 0001:00001A98       GetParamStr
 0001:000065D4       GetParent
 0001:000AF1E8       GetParentForm
 0001:000555D4       GetParentProcessID
 0001:0005CB1C       GetParentWnd
 0001:0005AC2C       GetPassword
 0001:00006224       GetPixel
 0001:0006CAA4       GetPrinterStr
 0001:00005E7C       GetPriorityClass
[...]
 19094 0001:00077F3B 19100 0001:00077F88 19106 0001:00077FD5 19107 0001:00077FDE
 19109 0001:00077FE3 19110 0001:00077FEC 19112 0001:00077FF1 19114 0001:00077FFF
 19115 0001:00078004 19119 0001:0007802E 19121 0001:0007803B 19124 0001:0007804F
 19125 0001:00078058 19127 0001:00078080 19131 0001:000780BC 19135 0001:000780C3
 19137 0001:000780CC 19138 0001:000780D1 19142 0001:00078100 19149 0001:000781D4
 19150 0001:000781E8 19151 0001:000781F6 19153 0001:00078209 19154 0001:00078213
 19156 0001:0007821D 19157 0001:00078230 19159 0001:00078237 19160 0001:00078241
 19161 0001:00078248 19162 0001:00078252 19163 0001:00078259 19164 0001:00078263
 19165 0001:0007826A 19166 0001:00078274 19167 0001:0007827B 19168 0001:00078285
 19170 0001:0007828C 19171 0001:00078291 19173 0001:0007829C 19175 0001:000782AE
 19176 0001:000782BB 19178 0001:000782C8 19180 0001:000782D1 19181 0001:000782E4
 19186 0001:000782EB 19187 0001:000782F4 19189 0001:00078303 19190 0001:0007830D
 19191 0001:00078314 19192 0001:0007831E 19193 0001:00078325 19194 0001:0007832F
 19196 0001:00078336 19197 0001:00078340 19198 0001:0007834A 19199 0001:00078354
 19200 0001:0007835E 19203 0001:00078365 19205 0001:0007836E 19206 0001:0007837A
 19207 0001:00078384 19210 0001:00078397 19211 0001:000783A1 19212 0001:000783A8
 19213 0001:000783B2 19214 0001:000783B9 19215 0001:000783C3 19217 0001:000783CA
 19218 0001:000783DA 19219 0001:000783EB 19220 0001:000783FB 19222 0001:0007840C
 19223 0001:0007841B 19230 0001:00078422 19232 0001:0007842B 19233 0001:00078436
 19234 0001:00078440 19235 0001:0007844A 19243 0001:00078451 19244 0001:00078456
 19246 0001:0007846A 19247 0001:00078474 19248 0001:0007847B 19250 0001:000784AA
 19297 0001:000784B0 19299 0001:000784C3 19300 0001:000784C8 19301 0001:000784CF
 19303 0001:000784D3 19304 0001:000784E0 19306 0001:0007850B 19315 0001:00078554
 19326 0001:00078568 19327 0001:00078594 19329 0001:00078704 19319 0001:00078724
 19320 0001:00078748 19321 0001:00078757 19322 0001:0007875C 19323 0001:0007876B
 19325 0001:00078785

Line numbers for typdef(typdef.pas) segment .text

    15 0001:000B93DC    15 0001:000B93E3

Line numbers for uLkJSON(uLkJSON.pas) segment .text

   587 0001:000CCDD4   588 0001:000CCDDD   589 0001:000CCDF3   590 0001:000CCDFB
   591 0001:000CCE4D   592 0001:000CCE59   594 0001:000CCEDF   595 0001:000CCEEB
   598 0001:000CCFA0   604 0001:000CCFA8   605 0001:000CCFAA   609 0001:000CCFAC
   610 0001:000CCFAE   613 0001:000CCFB0   614 0001:000CCFC4   615 0001:000CCFDB
   618 0001:000CCFE0   619 0001:000CCFE3   620 0001:000CCFEA   624 0001:000CCFEC
   625 0001:000CCFEE   628 0001:000CCFF0   629 0001:000CCFF3   630 0001:000CCFFF
   636 0001:000CD014   641 0001:000CD018   646 0001:000CD01C   647 0001:000CD01F
   648 0001:000CD026   649 0001:000CD032   653 0001:000CD034   654 0001:000CD037
   655 0001:000CD043   656 0001:000CD057   659 0001:000CD05C   660 0001:000CD062
   661 0001:000CD06C   665 0001:000CD070   666 0001:000CD072   669 0001:000CD074
   670 0001:000CD077   671 0001:000CD083   674 0001:000CD09C   675 0001:000CD0B9
   676 0001:000CD0F0   681 0001:000CD0F8   682 0001:000CD0FB   683 0001:000CD102
   684 0001:000CD10A   688 0001:000CD10C   689 0001:000CD110   690 0001:000CD11E
   691 0001:000CD12A   694 0001:000CD130   695 0001:000CD136   696 0001:000CD140
   700 0001:000CD144   701 0001:000CD146   704 0001:000CD148   705 0001:000CD14B
   706 0001:000CD157   709 0001:000CD170   710 0001:000CD189   711 0001:000CD1BB
   717 0001:000CD1C0   718 0001:000CD1C4   722 0001:000CD1C8   723 0001:000CD1E3
   724 0001:000CD1F1   725 0001:000CD224   728 0001:000CD22C   729 0001:000CD232
   730 0001:000CD23C   734 0001:000CD240   735 0001:000CD242   738 0001:000CD244
   739 0001:000CD247   740 0001:000CD253   743 0001:000CD26C   744 0001:000CD272
   745 0001:000CD27C   755 0001:000CD280   756 0001:000CD283   757 0001:000CD28A
   761 0001:000CD28C   762 0001:000CD28E   765 0001:000CD290   766 0001:000CD293
   767 0001:000CD29F   773 0001:000CD2B4   775 0001:000CD2B8   776 0001:000CD2BB
   778 0001:000CD2BC   779 0001:000CD2C4   782 0001:000CD2C8   783 0001:000CD2CB
   784 0001:000CD2D2   785 0001:000CD2E1   790 0001:000CD2E4   791 0001:000CD2E8
   792 0001:000CD306   793 0001:000CD30E   794 0001:000CD315   801 0001:000CD318
   802 0001:000CD320   804 0001:000CD32F   805 0001:000CD33D   806 0001:000CD34C
   807 0001:000CD353   809 0001:000CD357   810 0001:000CD36B   814 0001:000CD377
   817 0001:000CD380   820 0001:000CD388   821 0001:000CD38E   823 0001:000CD39D
   827 0001:000CD3A2   829 0001:000CD3AC   833 0001:000CD3B0   834 0001:000CD3B6
   838 0001:000CD3B8   839 0001:000CD3C0   843 0001:000CD3C4   844 0001:000CD3CD
   846 0001:000CD3DC   847 0001:000CD3EA   848 0001:000CD3F9   850 0001:000CD405
   877 0001:000CD40C   878 0001:000CD436   880 0001:000CD442   881 0001:000CD44A
   885 0001:000CD457   887 0001:000CD482   891 0001:000CD48C   892 0001:000CD4A8
   893 0001:000CD4BC   894 0001:000CD4E6   899 0001:000CD4EC   900 0001:000CD50B
   901 0001:000CD521   902 0001:000CD52F   903 0001:000CD564   908 0001:000CD56C
   909 0001:000CD589   910 0001:000CD59F   911 0001:000CD5A7   912 0001:000CD5E3
   917 0001:000CD5EC   918 0001:000CD60E   919 0001:000CD624   920 0001:000CD631
   921 0001:000CD661   926 0001:000CD668   927 0001:000CD68A   928 0001:000CD6A0
   929 0001:000CD6AD   930 0001:000CD6DD   935 0001:000CD6E4   936 0001:000CD701
   937 0001:000CD717   938 0001:000CD71F   939 0001:000CD751   944 0001:000CD758
   945 0001:000CD75B   946 0001:000CD762   947 0001:000CD767   948 0001:000CD76F
   951 0001:000CD774   952 0001:000CD777   953 0001:000CD77F   955 0001:000CD786
   956 0001:000CD78B   958 0001:000CD790   959 0001:000CD797  1023 0001:000CD79C
  1024 0001:000CD79E  1027 0001:000CD7A0  1028 0001:000CD7A3  1029 0001:000CD7AF
  1038 0001:000CD7C4  1039 0001:000CD7CE  1041 0001:000CD7D2  1042 0001:000CD7D5
  1044 0001:000CD7D7  1045 0001:000CD7E5  1046 0001:000CD7EF  1047 0001:000CD7F2
  1048 0001:000CD7FD  1052 0001:000CD803  1054 0001:000CD811  1090 0001:000CD818
  1091 0001:000CD839  1092 0001:000CD845  1094 0001:000CD84A  1099 0001:000CD84E
  1100 0001:000CD858  1102 0001:000CD87A  1108 0001:000CD880  1109 0001:000CD88C
  1111 0001:000CD892  1112 0001:000CD89A  1115 0001:000CD8AB  1116 0001:000CD8B7
  1118 0001:000CD8C4  1119 0001:000CD8C8  1121 0001:000CD8CA  1112 0001:000CD8CB
  1125 0001:000CD8D0  1127 0001:000CD8E3  1170 0001:000CD8EC  1171 0001:000CD8F5
  1172 0001:000CD90C  1176 0001:000CD910  1177 0001:000CD93A  1178 0001:000CD986
  1182 0001:000CD98C  1183 0001:000CD996  1184 0001:000CD9B8  1193 0001:000CD9C0
  1194 0001:000CD9C2  1197 0001:000CD9C4  1198 0001:000CD9C7  1199 0001:000CD9D3
  1204 0001:000CD9EC  1205 0001:000CDA05  1206 0001:000CDA11  1208 0001:000CDA1D
  1212 0001:000CDA2B  1214 0001:000CDA4C  1219 0001:000CDA54  1220 0001:000CDA5D
  1222 0001:000CDA6C  1226 0001:000CDA75  1227 0001:000CDA8B  1229 0001:000CDA95
  1245 0001:000CDA9C  1246 0001:000CDAB8  1247 0001:000CDACE  1248 0001:000CDAF8
  1251 0001:000CDB00  1252 0001:000CDB2F  1253 0001:000CDB3B  1255 0001:000CDB54
  1256 0001:000CDB87  1268 0001:000CDB90  1269 0001:000CDBA9  1270 0001:000CDBB2
  1275 0001:000CDBB5  1277 0001:000CDBDD  1280 0001:000CDBE4  1281 0001:000CDBEF
  1282 0001:000CDBFD  1283 0001:000CDC14  1288 0001:000CDC18  1289 0001:000CDC37
  1290 0001:000CDC4D  1291 0001:000CDC5B  1292 0001:000CDC90  1297 0001:000CDC98
  1298 0001:000CDCB5  1299 0001:000CDCCB  1300 0001:000CDCD3  1301 0001:000CDD0F
  1306 0001:000CDD18  1307 0001:000CDD3A  1308 0001:000CDD50  1309 0001:000CDD5D
  1310 0001:000CDD8D  1315 0001:000CDD94  1316 0001:000CDDB6  1317 0001:000CDDCC
  1318 0001:000CDDD9  1319 0001:000CDE09  1360 0001:000CDE10  1361 0001:000CDE2D
  1362 0001:000CDE43  1363 0001:000CDE4B  1364 0001:000CDE7D  1481 0001:000CDE84
  1482 0001:000CDE88  1483 0001:000CDE8D  1485 0001:000CDE96  1486 0001:000CDEA3
  1487 0001:000CDEAB  1491 0001:000CDEB9  1492 0001:000CDECC  1494 0001:000CDEDE
  1495 0001:000CDEE4  1496 0001:000CDEF0  1499 0001:000CDEF4  1500 0001:000CDEFA
  1501 0001:000CDF12  1502 0001:000CDF1A  1503 0001:000CDF20  1508 0001:000CDF24
  1509 0001:000CDF4A  1511 0001:000CDF5D  1512 0001:000CDF71  1513 0001:000CDF7C
  1514 0001:000CDF7E  1509 0001:000CDF7F  1515 0001:000CDF9F  1522 0001:000CDFA8
  1523 0001:000CDFC5  1524 0001:000CDFCD  1527 0001:000CDFDE  1535 0001:000CE00B
  1537 0001:000CE020  1538 0001:000CE02B  1539 0001:000CE030  1542 0001:000CE041
  1545 0001:000CE07C  1546 0001:000CE088  1548 0001:000CE09E  1549 0001:000CE0B2
  1550 0001:000CE0C6  1551 0001:000CE0D7  1552 0001:000CE0E8  1554 0001:000CE0F9
  1555 0001:000CE104  1557 0001:000CE138  1559 0001:000CE149  1540 0001:000CE14A
  1561 0001:000CE15A  1563 0001:000CE16B  1565 0001:000CE17C  1566 0001:000CE182
  1568 0001:000CE196  1570 0001:000CE1AA  1572 0001:000CE1BB  1574 0001:000CE1CF
  1576 0001:000CE1E0  1577 0001:000CE1EC  1578 0001:000CE1F4  1580 0001:000CE1FD
  1581 0001:000CE20D  1582 0001:000CE220  1578 0001:000CE221  1583 0001:000CE224
  1585 0001:000CE235  1587 0001:000CE246  1588 0001:000CE254  1589 0001:000CE263
  1590 0001:000CE273  1591 0001:000CE280  1592 0001:000CE28C  1594 0001:000CE2A6
  1597 0001:000CE2BC  1599 0001:000CE2CD  1600 0001:000CE2D9  1601 0001:000CE2E1
  1603 0001:000CE2EA  1604 0001:000CE2FA  1605 0001:000CE30D  1601 0001:000CE30E
  1606 0001:000CE311  1608 0001:000CE347  1611 0001:000CE3C8  1613 0001:000CE3F6
  1614 0001:000CE406  1617 0001:000CE40D  1618 0001:000CE412  1619 0001:000CE419
  1620 0001:000CE422  1621 0001:000CE42B  1622 0001:000CE435  1626 0001:000CE463
  1640 0001:000CE46C  1641 0001:000CE472  1642 0001:000CE482  1647 0001:000CE488
  1649 0001:000CE490  1648 0001:000CE492  1650 0001:000CE4B2  1655 0001:000CE4B8
  1656 0001:000CE4BE  1658 0001:000CE4C3  1662 0001:000CE4CA  1664 0001:000CE4DB
  1666 0001:000CE4E4  1668 0001:000CE4F5  1670 0001:000CE500  1672 0001:000CE511
  1673 0001:000CE51A  1677 0001:000CE522  1681 0001:000CE532  1687 0001:000CE538
  1688 0001:000CE55E  1689 0001:000CE56B  1691 0001:000CE591  1692 0001:000CE593
  1693 0001:000CE59B  1694 0001:000CE5AA  1695 0001:000CE5B1  1697 0001:000CE5BD
  1699 0001:000CE5E3  1700 0001:000CE5E5  1701 0001:000CE5ED  1702 0001:000CE5FC
  1703 0001:000CE603  1707 0001:000CE60F  1709 0001:000CE635  1715 0001:000CE65C
  1716 0001:000CE67F  1717 0001:000CE68C  1719 0001:000CE6B2  1720 0001:000CE6B4
  1721 0001:000CE6BC  1722 0001:000CE6CB  1726 0001:000CE6D7  1728 0001:000CE6F8
  1731 0001:000CE710  1732 0001:000CE71A  1735 0001:000CE71E  1736 0001:000CE720
  1733 0001:000CE721  1738 0001:000CE741  1739 0001:000CE749  1749 0001:000CE750
  1750 0001:000CE777  1751 0001:000CE783  1752 0001:000CE791  1753 0001:000CE799
  1755 0001:000CE7AD  1756 0001:000CE7AF  1758 0001:000CE7BD  1759 0001:000CE7C5
  1760 0001:000CE7D5  1761 0001:000CE7DD  1763 0001:000CE7FC  1764 0001:000CE7FE
  1765 0001:000CE80E  1767 0001:000CE816  1769 0001:000CE83A  1770 0001:000CE83C
  1771 0001:000CE862  1772 0001:000CE872  1774 0001:000CE876  1775 0001:000CE87A
  1776 0001:000CE889  1778 0001:000CE89E  1785 0001:000CE8B6  1786 0001:000CE8C1
  1787 0001:000CE8E4  1798 0001:000CE8EC  1799 0001:000CE90A  1800 0001:000CE918
  1801 0001:000CE91C  1804 0001:000CE92A  1807 0001:000CE93A  1809 0001:000CE945
  1810 0001:000CE946  1811 0001:000CE9A3  1812 0001:000CE9B4  1813 0001:000CE9C5
  1814 0001:000CE9D6  1815 0001:000CE9E7  1816 0001:000CE9F8  1817 0001:000CEA09
  1818 0001:000CEA17  1819 0001:000CEA25  1822 0001:000CEA33  1823 0001:000CEA70
  1828 0001:000CEA75  1829 0001:000CEA8B  1830 0001:000CEA8C  1832 0001:000CEAC5
  1839 0001:000CEB44  1840 0001:000CEB6C  1842 0001:000CEB79  1843 0001:000CEBA3
  1845 0001:000CEBAD  1846 0001:000CEBB0  1848 0001:000CEBB3  1850 0001:000CEBB7
  1851 0001:000CEBB9  1854 0001:000CEBBD  1855 0001:000CEBD0  1856 0001:000CEBE3
  1852 0001:000CEBE4  1859 0001:000CEBF7  1861 0001:000CEBFB  1862 0001:000CEBFF
  1865 0001:000CEC01  1867 0001:000CEC09  1868 0001:000CEC20  1869 0001:000CEC23
  1874 0001:000CEC29  1876 0001:000CEC2C  1878 0001:000CEC32  1879 0001:000CEC48
  1881 0001:000CEC4B  1885 0001:000CEC5A  1887 0001:000CEC68  1888 0001:000CEC73
  1889 0001:000CECA0  1895 0001:000CECA8  1896 0001:000CECBE  1897 0001:000CECC2
  1898 0001:000CECD0  1899 0001:000CECDF  1900 0001:000CECEC  1901 0001:000CECFC
  1902 0001:000CED0C  1903 0001:000CED1A  1904 0001:000CED2A  1907 0001:000CED2F
  1908 0001:000CED3C  1905 0001:000CED5C  1910 0001:000CED73  1911 0001:000CED80
  1912 0001:000CEDA6  1913 0001:000CEDB3  1915 0001:000CEDC3  1917 0001:000CEDC9
  1921 0001:000CEDD3  1922 0001:000CEDDE  1925 0001:000CEDF1  1932 0001:000CEDF8
  1933 0001:000CEE07  1934 0001:000CEE0B  1935 0001:000CEE19  1936 0001:000CEE1E
  1937 0001:000CEE2D  1938 0001:000CEE3A  1939 0001:000CEE4A  1940 0001:000CEE5A
  1941 0001:000CEE70  1942 0001:000CEE80  1943 0001:000CEE8D  1944 0001:000CEEB7
  1945 0001:000CEEC4  1946 0001:000CEEC7  1947 0001:000CEED8  1949 0001:000CEEFB
  1950 0001:000CEF09  1952 0001:000CEF0F  1953 0001:000CEF1A  1957 0001:000CEF24
  1960 0001:000CEF37  1966 0001:000CEF3C  1967 0001:000CEF52  1968 0001:000CEF56
  1969 0001:000CEF64  1970 0001:000CEF75  1971 0001:000CEF82  1972 0001:000CEF92
  1973 0001:000CEFA2  1974 0001:000CEFB0  1975 0001:000CEFC0  1978 0001:000CEFC5
  1979 0001:000CEFD2  1976 0001:000CEFF2  1981 0001:000CF009  1982 0001:000CF016
  1983 0001:000CF03C  1984 0001:000CF049  1986 0001:000CF059  1988 0001:000CF05F
  1992 0001:000CF069  1993 0001:000CF074  1996 0001:000CF087  2000 0001:000CF08C
  2001 0001:000CF099  2002 0001:000CF0A6  2003 0001:000CF0B8  2004 0001:000CF0CE
  2005 0001:000CF0E4  2006 0001:000CF0FA  2007 0001:000CF110  2008 0001:000CF126
  2009 0001:000CF12F  2013 0001:000CF134  2015 0001:000CF16A  2016 0001:000CF17A
  2019 0001:000CF181  2020 0001:000CF189  2021 0001:000CF193  2022 0001:000CF1A1
  2024 0001:000CF1AB  2026 0001:000CF1D7  2028 0001:000CF1DE  2030 0001:000CF1F8
  2032 0001:000CF22F  2034 0001:000CF27F  2422 0001:000CF294  2423 0001:000CF29A
  2424 0001:000CF2B3  2425 0001:000CF2CD  2426 0001:000CF2D5  2427 0001:000CF2E2
  2429 0001:000CF2E8  2430 0001:000CF2EF  2431 0001:000CF304  2432 0001:000CF310
  2433 0001:000CF31C  2441 0001:000CF320  2442 0001:000CF333  2443 0001:000CF33C
  2444 0001:000CF351  2445 0001:000CF353  2446 0001:000CF356  2447 0001:000CF35A
  2448 0001:000CF35D  2449 0001:000CF37A  2541 0001:000CF380  2542 0001:000CF38B
  2543 0001:000CF392  2544 0001:000CF3A0  2545 0001:000CF3B7  2550 0001:000CF3BC
  2551 0001:000CF3C4  2552 0001:000CF3C7  2555 0001:000CF3CC  2556 0001:000CF3DD
  2557 0001:000CF3ED  2553 0001:000CF3F0  2559 0001:000CF3FC  2564 0001:000CF404
  2565 0001:000CF40B  2567 0001:000CF418  2568 0001:000CF42A  2569 0001:000CF435
  2570 0001:000CF445  2571 0001:000CF452  2572 0001:000CF460  2573 0001:000CF466
  2577 0001:000CF46A  2578 0001:000CF47C  2579 0001:000CF48C  2580 0001:000CF49E
  2581 0001:000CF4B1  2582 0001:000CF4B3  2583 0001:000CF4C0  2585 0001:000CF4CF
  2587 0001:000CF4D4  2588 0001:000CF4E3  2589 0001:000CF4F0  2594 0001:000CF4F4
  2595 0001:000CF4F5  2597 0001:000CF503  2598 0001:000CF505  2599 0001:000CF507
  2600 0001:000CF50E  2602 0001:000CF513  2607 0001:000CF518  2608 0001:000CF519
  2610 0001:000CF52B  2611 0001:000CF52D  2612 0001:000CF52F  2613 0001:000CF536
  2614 0001:000CF53A  2616 0001:000CF53F  2619 0001:000CF574  2625 0001:000CF57B

Line numbers for publish(rtmp_d\publish.pas) segment .text

    89 0001:000CF9E8    90 0001:000CFA01    92 0001:000CFA05    93 0001:000CFA07
    95 0001:000CFA09    96 0001:000CFA1E    97 0001:000CFA2A   134 0001:000CFA3D
   135 0001:000CFA66   141 0001:000CFA6C   142 0001:000CFA74   143 0001:000CFA82
   144 0001:000CFA90   145 0001:000CFA9C   146 0001:000CFAA9   147 0001:000CFAC1
   148 0001:000CFAC8   149 0001:000CFACF   150 0001:000CFADD   163 0001:000CFAF8
   164 0001:000CFB1A   165 0001:000CFB21   167 0001:000CFB33   169 0001:000CFB3B
   172 0001:000CFB4C   175 0001:000CFB63   178 0001:000CFB7A   181 0001:000CFB91
   183 0001:000CFBA8   185 0001:000CFBB5   186 0001:000CFBC9   188 0001:000CFBCD
   190 0001:000CFBE2   191 0001:000CFBF4   194 0001:000CFC00   195 0001:000CFC11
   196 0001:000CFC21   197 0001:000CFC33   198 0001:000CFC42   199 0001:000CFC52
   200 0001:000CFC72   201 0001:000CFC8B   202 0001:000CFCA6   203 0001:000CFCC0
   204 0001:000CFCCF   205 0001:000CFCE9   207 0001:000CFCF1   209 0001:000CFD00
   210 0001:000CFD21   207 0001:000CFD24   211 0001:000CFD27   214 0001:000CFD37
   215 0001:000CFD48   216 0001:000CFD58   217 0001:000CFD6A   218 0001:000CFD79
   219 0001:000CFD89   220 0001:000CFDA9   221 0001:000CFDC2   222 0001:000CFDDD
   223 0001:000CFDF7   224 0001:000CFE06   225 0001:000CFE20   227 0001:000CFE28
   229 0001:000CFE37   230 0001:000CFE58   227 0001:000CFE5B   231 0001:000CFE5E
   233 0001:000CFE6E   234 0001:000CFE76   236 0001:000CFE83   237 0001:000CFEE2
   273 0001:000CFFD0   274 0001:000CFFF3   275 0001:000D0001   276 0001:000D000F
   277 0001:000D001D   278 0001:000D002A   279 0001:000D0037   282 0001:000D004F
   283 0001:000D0068   284 0001:000D0087   285 0001:000D00A0   286 0001:000D00B9
   287 0001:000D00CF   288 0001:000D00E8   289 0001:000D00FE   292 0001:000D0114
   293 0001:000D012D   294 0001:000D014C   295 0001:000D0165   296 0001:000D017E
   297 0001:000D018D   300 0001:000D019E   301 0001:000D01A2   303 0001:000D01A9
   307 0001:000D01BB   308 0001:000D01C7   309 0001:000D01D7   310 0001:000D01E7
   311 0001:000D0203   312 0001:000D0214   313 0001:000D0222   314 0001:000D0231
   319 0001:000D0251   320 0001:000D0261   321 0001:000D0271   322 0001:000D0281
   323 0001:000D029D   324 0001:000D02AE   325 0001:000D02BC   326 0001:000D02CB
   329 0001:000D02EB   330 0001:000D02FB   331 0001:000D030B   332 0001:000D031B
   333 0001:000D032A   334 0001:000D0339   335 0001:000D0348   336 0001:000D0357
   337 0001:000D0366   338 0001:000D0375   339 0001:000D0386   340 0001:000D0394
   341 0001:000D03A3   344 0001:000D03C3   347 0001:000D03F3   348 0001:000D0403
   349 0001:000D0413   350 0001:000D0423   351 0001:000D0432   352 0001:000D0441
   353 0001:000D0450   354 0001:000D0461   355 0001:000D046F   356 0001:000D047E
   359 0001:000D049E   360 0001:000D04AE   361 0001:000D04BE   362 0001:000D04CE
   363 0001:000D04DD   364 0001:000D04EC   365 0001:000D04FD   366 0001:000D050B
   367 0001:000D051A   370 0001:000D053A   371 0001:000D054A   372 0001:000D055A
   373 0001:000D056A   374 0001:000D0579   375 0001:000D058A   376 0001:000D0598
   377 0001:000D05A7   380 0001:000D05C7   381 0001:000D05D7   382 0001:000D05E7
   383 0001:000D05F7   384 0001:000D0608   385 0001:000D0616   386 0001:000D0625
   389 0001:000D0645   390 0001:000D064C   391 0001:000D068E   402 0001:000D08AC
   404 0001:000D08C4   405 0001:000D08D6   406 0001:000D08E2   407 0001:000D08F2
   408 0001:000D0902   409 0001:000D0913   410 0001:000D0921   411 0001:000D0930
   413 0001:000D0950   414 0001:000D0957   415 0001:000D0962   416 0001:000D098C
   428 0001:000D09D4   429 0001:000D09F2   430 0001:000D0A01   432 0001:000D0A12
   433 0001:000D0A24   434 0001:000D0A30   435 0001:000D0A40   436 0001:000D0A50
   437 0001:000D0A5F   438 0001:000D0A6E   439 0001:000D0A7F   440 0001:000D0A8D
   441 0001:000D0A9C   443 0001:000D0ABC   444 0001:000D0AC3   445 0001:000D0AEB
   447 0001:000D0B80   447 0001:000D0B87

Line numbers for rtmpPublish(E:\delphi_demo\rtmpPublish.dpr) segment .text

    11 0001:000D0E50    12 0001:000D0E60    13 0001:000D0E6C    14 0001:000D0E84
    15 0001:000D0E90

Bound resource files

C:\Program Files (x86)\EurekaLab\EurekaLog 6\Delphi7\DIALOG.RES
c:\program files (x86)\borland\delphi7\\Lib\Buttons.res
c:\program files (x86)\borland\delphi7\\Lib\ExtDlgs.res
c:\program files (x86)\borland\delphi7\\Lib\Controls.res
publish.dfm
rtmpPublish.res
rtmpPublish.drf


Program entry point at 0001:000D0E50
