
 Start         Length     Name                   Class
 0001:00000000 000CFA14H .text                   CODE
 0002:00000000 00008708H .data                   DATA
 0002:00008708 00004851H .bss                    BSS


Detailed map of segments

 0001:00000000 000059CF C=CODE     S=.text    G=(none)   M=System   ACBP=A9
 0001:000059D0 00000140 C=CODE     S=.text    G=(none)   M=SysInit  ACBP=A9
 0001:00005B10 00000078 C=CODE     S=.text    G=(none)   M=Types    ACBP=A9
 0001:00005B88 00001080 C=CODE     S=.text    G=(none)   M=Windows  ACBP=A9
 0001:00006C08 00001E63 C=CODE     S=.text    G=(none)   M=ELeaks   ACBP=A9
 0001:00008A6C 00000338 C=CODE     S=.text    G=(none)   M=SysConst ACBP=A9
 0001:00008DA4 00007D04 C=CODE     S=.text    G=(none)   M=SysUtils ACBP=A9
 0001:00010AA8 00000038 C=CODE     S=.text    G=(none)   M=Messages ACBP=A9
 0001:00010AE0 000007FB C=CODE     S=.text    G=(none)   M=VarUtils ACBP=A9
 0001:000112DC 00005CBE C=CODE     S=.text    G=(none)   M=Variants ACBP=A9
 0001:00016F9C 00000130 C=CODE     S=.text    G=(none)   M=RTLConsts ACBP=A9
 0001:000170CC 00000B2C C=CODE     S=.text    G=(none)   M=TypInfo  ACBP=A9
 0001:00017BF8 00000038 C=CODE     S=.text    G=(none)   M=ActiveX  ACBP=A9
 0001:00017C30 0000A102 C=CODE     S=.text    G=(none)   M=Classes  ACBP=A9
 0001:00021D34 00000038 C=CODE     S=.text    G=(none)   M=ETypes   ACBP=A9
 0001:00021D6C 00002944 C=CODE     S=.text    G=(none)   M=EConsts  ACBP=A9
 0001:000246B0 00004C08 C=CODE     S=.text    G=(none)   M=ECore    ACBP=A9
 0001:000292B8 0000470C C=CODE     S=.text    G=(none)   M=EDebug   ACBP=A9
 0001:0002D9C4 00000040 C=CODE     S=.text    G=(none)   M=ShellAPI ACBP=A9
 0001:0002DA04 00000534 C=CODE     S=.text    G=(none)   M=EWinSock ACBP=A9
 0001:0002DF38 000014FC C=CODE     S=.text    G=(none)   M=EHook    ACBP=A9
 0001:0002F434 000000E8 C=CODE     S=.text    G=(none)   M=ELang    ACBP=A9
 0001:0002F51C 00001740 C=CODE     S=.text    G=(none)   M=ESockets ACBP=A9
 0001:00030C5C 00007BE4 C=CODE     S=.text    G=(none)   M=EZlib2   ACBP=A9
 0001:00038840 00000AFC C=CODE     S=.text    G=(none)   M=EHash    ACBP=A9
 0001:0003933C 00000354 C=CODE     S=.text    G=(none)   M=EEncrypt ACBP=A9
 0001:00039690 00000358 C=CODE     S=.text    G=(none)   M=EBase64  ACBP=A9
 0001:000399E8 00000154 C=CODE     S=.text    G=(none)   M=EZip     ACBP=A9
 0001:00039B3C 00007CE8 C=CODE     S=.text    G=(none)   M=EWebTools ACBP=A9
 0001:00041824 000005A8 C=CODE     S=.text    G=(none)   M=EXMLBuilder ACBP=A9
 0001:00041DCC 0000440C C=CODE     S=.text    G=(none)   M=ELogManager ACBP=A9
 0001:000461D8 00001320 C=CODE     S=.text    G=(none)   M=EListView ACBP=A9
 0001:000474F8 000073F8 C=CODE     S=.text    G=(none)   M=EDisAsm  ACBP=A9
 0001:0004E8F0 00029D4C C=CODE     S=.text    G=(none)   M=ExceptionLog ACBP=A9
 0001:0007863C 000002E0 C=CODE     S=.text    G=(none)   M=Consts   ACBP=A9
 0001:0007891C 0000914B C=CODE     S=.text    G=(none)   M=Graphics ACBP=A9
 0001:00081A68 00000048 C=CODE     S=.text    G=(none)   M=Math     ACBP=A9
 0001:00081AB0 000002B8 C=CODE     S=.text    G=(none)   M=Contnrs  ACBP=A9
 0001:00081D68 00000190 C=CODE     S=.text    G=(none)   M=CommCtrl ACBP=A9
 0001:00081EF8 00000787 C=CODE     S=.text    G=(none)   M=MultiMon ACBP=A9
 0001:00082680 00000038 C=CODE     S=.text    G=(none)   M=Imm      ACBP=A9
 0001:000826B8 00000FF8 C=CODE     S=.text    G=(none)   M=HelpIntfs ACBP=A9
 0001:000836B0 00000038 C=CODE     S=.text    G=(none)   M=WinSpool ACBP=A9
 0001:000836E8 00000044 C=CODE     S=.text    G=(none)   M=Printers ACBP=A9
 0001:0008372C 0000031F C=CODE     S=.text    G=(none)   M=FlatSB   ACBP=A9
 0001:00083A4C 000001A4 C=CODE     S=.text    G=(none)   M=SyncObjs ACBP=A9
 0001:00083BF0 000009BB C=CODE     S=.text    G=(none)   M=UxTheme  ACBP=A9
 0001:000845AC 00000038 C=CODE     S=.text    G=(none)   M=RichEdit ACBP=A9
 0001:000845E4 00000038 C=CODE     S=.text    G=(none)   M=ToolWin  ACBP=A9
 0001:0008461C 00000038 C=CODE     S=.text    G=(none)   M=RegStr   ACBP=A9
 0001:00084654 00000038 C=CODE     S=.text    G=(none)   M=WinInet  ACBP=A9
 0001:0008468C 00000038 C=CODE     S=.text    G=(none)   M=UrlMon   ACBP=A9
 0001:000846C4 00000038 C=CODE     S=.text    G=(none)   M=ShlObj   ACBP=A9
 0001:000846FC 00000038 C=CODE     S=.text    G=(none)   M=CommDlg  ACBP=A9
 0001:00084734 00000038 C=CODE     S=.text    G=(none)   M=Dlgs     ACBP=A9
 0001:0008476C 0000130D C=CODE     S=.text    G=(none)   M=Dialogs  ACBP=A9
 0001:00085A7C 0000241E C=CODE     S=.text    G=(none)   M=ExtCtrls ACBP=A9
 0001:00087E9C 00000038 C=CODE     S=.text    G=(none)   M=ComStrs  ACBP=A9
 0001:00087ED4 00000094 C=CODE     S=.text    G=(none)   M=Clipbrd  ACBP=A9
 0001:00087F68 00000038 C=CODE     S=.text    G=(none)   M=StrUtils ACBP=A9
 0001:00087FA0 000000F5 C=CODE     S=.text    G=(none)   M=Buttons  ACBP=A9
 0001:00088098 00000038 C=CODE     S=.text    G=(none)   M=ExtDlgs  ACBP=A9
 0001:000880D0 00000068 C=CODE     S=.text    G=(none)   M=IniFiles ACBP=A9
 0001:00088138 00000068 C=CODE     S=.text    G=(none)   M=Registry ACBP=A9
 0001:000881A0 0000006C C=CODE     S=.text    G=(none)   M=Mapi     ACBP=A9
 0001:0008820C 00000058 C=CODE     S=.text    G=(none)   M=ExtActns ACBP=A9
 0001:00088264 00000038 C=CODE     S=.text    G=(none)   M=ListActns ACBP=A9
 0001:0008829C 00001334 C=CODE     S=.text    G=(none)   M=ComCtrls ACBP=A9
 0001:000895D0 00000B1C C=CODE     S=.text    G=(none)   M=Themes   ACBP=A9
 0001:0008A0EC 00006E64 C=CODE     S=.text    G=(none)   M=StdCtrls ACBP=A9
 0001:00090F50 00000168 C=CODE     S=.text    G=(none)   M=StdActns ACBP=A9
 0001:000910B8 00000D1F C=CODE     S=.text    G=(none)   M=WinHelpViewer ACBP=A9
 0001:00091DD8 00010CFB C=CODE     S=.text    G=(none)   M=Controls ACBP=A9
 0001:000A2AD4 00001292 C=CODE     S=.text    G=(none)   M=ActnList ACBP=A9
 0001:000A3D68 000016E4 C=CODE     S=.text    G=(none)   M=ImgList  ACBP=A9
 0001:000A544C 00006639 C=CODE     S=.text    G=(none)   M=Menus    ACBP=A9
 0001:000ABA88 0000C410 C=CODE     S=.text    G=(none)   M=Forms    ACBP=A9
 0001:000B7E98 00000038 C=CODE     S=.text    G=(none)   M=typdef   ACBP=A9
 0001:000B7ED0 00000050 C=CODE     S=.text    G=(none)   M=JConsts  ACBP=A9
 0001:000B7F20 000133EC C=CODE     S=.text    G=(none)   M=jpeg     ACBP=A9
 0001:000CB30C 00002D5C C=CODE     S=.text    G=(none)   M=uLkJSON  ACBP=A9
 0001:000CE068 0000169C C=CODE     S=.text    G=(none)   M=publish  ACBP=A9
 0001:000CF704 0000030D C=CODE     S=.text    G=(none)   M=Project2 ACBP=A9
 0002:00000000 000000A4 C=DATA     S=.data    G=DGROUP   M=System   ACBP=A9
 0002:000000A4 00000020 C=DATA     S=.data    G=DGROUP   M=SysInit  ACBP=A9
 0002:000000C4 00000014 C=DATA     S=.data    G=DGROUP   M=ELeaks   ACBP=A9
 0002:000000D8 00000258 C=DATA     S=.data    G=DGROUP   M=SysUtils ACBP=A9
 0002:00000330 00000008 C=DATA     S=.data    G=DGROUP   M=VarUtils ACBP=A9
 0002:00000338 0000008E C=DATA     S=.data    G=DGROUP   M=Variants ACBP=A9
 0002:000003C8 0000000C C=DATA     S=.data    G=DGROUP   M=TypInfo  ACBP=A9
 0002:000003D4 00000080 C=DATA     S=.data    G=DGROUP   M=Classes  ACBP=A9
 0002:00000454 00000908 C=DATA     S=.data    G=DGROUP   M=EConsts  ACBP=A9
 0002:00000D5C 00000050 C=DATA     S=.data    G=DGROUP   M=ECore    ACBP=A9
 0002:00000DAC 0000004C C=DATA     S=.data    G=DGROUP   M=EDebug   ACBP=A9
 0002:00000DF8 00000001 C=DATA     S=.data    G=DGROUP   M=EWinSock ACBP=A9
 0002:00000DFC 000001A0 C=DATA     S=.data    G=DGROUP   M=EHook    ACBP=A9
 0002:00000F9C 00000001 C=DATA     S=.data    G=DGROUP   M=ESockets ACBP=A9
 0002:00000FA0 00000E5C C=DATA     S=.data    G=DGROUP   M=EZlib2   ACBP=A9
 0002:00001DFC 00000212 C=DATA     S=.data    G=DGROUP   M=EHash    ACBP=A9
 0002:00002010 00000144 C=DATA     S=.data    G=DGROUP   M=EBase64  ACBP=A9
 0002:00002154 000034B0 C=DATA     S=.data    G=DGROUP   M=EWebTools ACBP=A9
 0002:00005604 00000020 C=DATA     S=.data    G=DGROUP   M=EXMLBuilder ACBP=A9
 0002:00005624 00000024 C=DATA     S=.data    G=DGROUP   M=ELogManager ACBP=A9
 0002:00005648 000012D5 C=DATA     S=.data    G=DGROUP   M=EDisAsm  ACBP=A9
 0002:00006920 000005E4 C=DATA     S=.data    G=DGROUP   M=ExceptionLog ACBP=A9
 0002:00006F04 0000030C C=DATA     S=.data    G=DGROUP   M=Graphics ACBP=A9
 0002:00007210 00000004 C=DATA     S=.data    G=DGROUP   M=Printers ACBP=A9
 0002:00007214 000000B4 C=DATA     S=.data    G=DGROUP   M=Dialogs  ACBP=A9
 0002:000072C8 0000018C C=DATA     S=.data    G=DGROUP   M=ExtCtrls ACBP=A9
 0002:00007454 0000002C C=DATA     S=.data    G=DGROUP   M=Buttons  ACBP=A9
 0002:00007480 00000008 C=DATA     S=.data    G=DGROUP   M=IniFiles ACBP=A9
 0002:00007488 00000008 C=DATA     S=.data    G=DGROUP   M=Registry ACBP=A9
 0002:00007490 00000008 C=DATA     S=.data    G=DGROUP   M=Mapi     ACBP=A9
 0002:00007498 00000044 C=DATA     S=.data    G=DGROUP   M=ComCtrls ACBP=A9
 0002:000074DC 00000068 C=DATA     S=.data    G=DGROUP   M=Themes   ACBP=A9
 0002:00007544 000000BC C=DATA     S=.data    G=DGROUP   M=StdCtrls ACBP=A9
 0002:00007600 0000013C C=DATA     S=.data    G=DGROUP   M=Controls ACBP=A9
 0002:0000773C 00000020 C=DATA     S=.data    G=DGROUP   M=ImgList  ACBP=A9
 0002:0000775C 000000EC C=DATA     S=.data    G=DGROUP   M=Menus    ACBP=A9
 0002:00007848 0000011C C=DATA     S=.data    G=DGROUP   M=Forms    ACBP=A9
 0002:00007964 00000908 C=DATA     S=.data    G=DGROUP   M=jpeg     ACBP=A9
 0002:00009000 00000664 C=BSS      S=.bss     G=DGROUP   M=System   ACBP=A9
 0002:00009664 00000010 C=BSS      S=.bss     G=DGROUP   M=SysInit  ACBP=A9
 0002:00009674 00000004 C=BSS      S=.bss     G=DGROUP   M=Types    ACBP=A9
 0002:00009678 00000004 C=BSS      S=.bss     G=DGROUP   M=Windows  ACBP=A9
 0002:0000967C 00000054 C=BSS      S=.bss     G=DGROUP   M=ELeaks   ACBP=A9
 0002:000096D0 00000004 C=BSS      S=.bss     G=DGROUP   M=SysConst ACBP=A9
 0002:000096D4 00000120 C=BSS      S=.bss     G=DGROUP   M=SysUtils ACBP=A9
 0002:000097F4 00000004 C=BSS      S=.bss     G=DGROUP   M=Messages ACBP=A9
 0002:000097F8 0000005C C=BSS      S=.bss     G=DGROUP   M=VarUtils ACBP=A9
 0002:00009854 00000040 C=BSS      S=.bss     G=DGROUP   M=Variants ACBP=A9
 0002:00009894 00000004 C=BSS      S=.bss     G=DGROUP   M=RTLConsts ACBP=A9
 0002:00009898 00000004 C=BSS      S=.bss     G=DGROUP   M=TypInfo  ACBP=A9
 0002:0000989C 00000004 C=BSS      S=.bss     G=DGROUP   M=ActiveX  ACBP=A9
 0002:000098A0 00000044 C=BSS      S=.bss     G=DGROUP   M=Classes  ACBP=A9
 0002:000098E4 00000004 C=BSS      S=.bss     G=DGROUP   M=ETypes   ACBP=A9
 0002:000098E8 00000004 C=BSS      S=.bss     G=DGROUP   M=EConsts  ACBP=A9
 0002:000098EC 00000009 C=BSS      S=.bss     G=DGROUP   M=ECore    ACBP=A9
 0002:000098F8 00000004 C=BSS      S=.bss     G=DGROUP   M=EDebug   ACBP=A9
 0002:000098FC 00000004 C=BSS      S=.bss     G=DGROUP   M=ShellAPI ACBP=A9
 0002:00009900 00000010 C=BSS      S=.bss     G=DGROUP   M=EWinSock ACBP=A9
 0002:00009910 00000010 C=BSS      S=.bss     G=DGROUP   M=EHook    ACBP=A9
 0002:00009920 00000004 C=BSS      S=.bss     G=DGROUP   M=ELang    ACBP=A9
 0002:00009924 00000004 C=BSS      S=.bss     G=DGROUP   M=ESockets ACBP=A9
 0002:00009928 00002894 C=BSS      S=.bss     G=DGROUP   M=EZlib2   ACBP=A9
 0002:0000C1BC 00000404 C=BSS      S=.bss     G=DGROUP   M=EHash    ACBP=A9
 0002:0000C5C0 0000001C C=BSS      S=.bss     G=DGROUP   M=EEncrypt ACBP=A9
 0002:0000C5DC 00000004 C=BSS      S=.bss     G=DGROUP   M=EBase64  ACBP=A9
 0002:0000C5E0 00000004 C=BSS      S=.bss     G=DGROUP   M=EZip     ACBP=A9
 0002:0000C5E4 00000048 C=BSS      S=.bss     G=DGROUP   M=EWebTools ACBP=A9
 0002:0000C62C 00000004 C=BSS      S=.bss     G=DGROUP   M=EXMLBuilder ACBP=A9
 0002:0000C630 00000004 C=BSS      S=.bss     G=DGROUP   M=ELogManager ACBP=A9
 0002:0000C634 00000004 C=BSS      S=.bss     G=DGROUP   M=EListView ACBP=A9
 0002:0000C638 00000004 C=BSS      S=.bss     G=DGROUP   M=EDisAsm  ACBP=A9
 0002:0000C63C 00000E84 C=BSS      S=.bss     G=DGROUP   M=ExceptionLog ACBP=A9
 0002:0000D4C0 00000004 C=BSS      S=.bss     G=DGROUP   M=Consts   ACBP=A9
 0002:0000D4C4 00000060 C=BSS      S=.bss     G=DGROUP   M=Graphics ACBP=A9
 0002:0000D524 00000004 C=BSS      S=.bss     G=DGROUP   M=Math     ACBP=A9
 0002:0000D528 00000004 C=BSS      S=.bss     G=DGROUP   M=Contnrs  ACBP=A9
 0002:0000D52C 0000000C C=BSS      S=.bss     G=DGROUP   M=CommCtrl ACBP=A9
 0002:0000D538 00000031 C=BSS      S=.bss     G=DGROUP   M=MultiMon ACBP=A9
 0002:0000D56C 00000004 C=BSS      S=.bss     G=DGROUP   M=Imm      ACBP=A9
 0002:0000D570 00000008 C=BSS      S=.bss     G=DGROUP   M=HelpIntfs ACBP=A9
 0002:0000D578 00000004 C=BSS      S=.bss     G=DGROUP   M=WinSpool ACBP=A9
 0002:0000D57C 00000004 C=BSS      S=.bss     G=DGROUP   M=Printers ACBP=A9
 0002:0000D580 00000034 C=BSS      S=.bss     G=DGROUP   M=FlatSB   ACBP=A9
 0002:0000D5B4 00000004 C=BSS      S=.bss     G=DGROUP   M=SyncObjs ACBP=A9
 0002:0000D5B8 000000CC C=BSS      S=.bss     G=DGROUP   M=UxTheme  ACBP=A9
 0002:0000D684 00000004 C=BSS      S=.bss     G=DGROUP   M=RichEdit ACBP=A9
 0002:0000D688 00000004 C=BSS      S=.bss     G=DGROUP   M=ToolWin  ACBP=A9
 0002:0000D68C 00000004 C=BSS      S=.bss     G=DGROUP   M=RegStr   ACBP=A9
 0002:0000D690 00000004 C=BSS      S=.bss     G=DGROUP   M=WinInet  ACBP=A9
 0002:0000D694 00000004 C=BSS      S=.bss     G=DGROUP   M=UrlMon   ACBP=A9
 0002:0000D698 00000004 C=BSS      S=.bss     G=DGROUP   M=ShlObj   ACBP=A9
 0002:0000D69C 00000004 C=BSS      S=.bss     G=DGROUP   M=CommDlg  ACBP=A9
 0002:0000D6A0 00000004 C=BSS      S=.bss     G=DGROUP   M=Dlgs     ACBP=A9
 0002:0000D6A4 00000038 C=BSS      S=.bss     G=DGROUP   M=Dialogs  ACBP=A9
 0002:0000D6DC 00000004 C=BSS      S=.bss     G=DGROUP   M=ExtCtrls ACBP=A9
 0002:0000D6E0 00000004 C=BSS      S=.bss     G=DGROUP   M=ComStrs  ACBP=A9
 0002:0000D6E4 0000000C C=BSS      S=.bss     G=DGROUP   M=Clipbrd  ACBP=A9
 0002:0000D6F0 00000004 C=BSS      S=.bss     G=DGROUP   M=StrUtils ACBP=A9
 0002:0000D6F4 00000030 C=BSS      S=.bss     G=DGROUP   M=Buttons  ACBP=A9
 0002:0000D724 00000004 C=BSS      S=.bss     G=DGROUP   M=ExtDlgs  ACBP=A9
 0002:0000D728 00000004 C=BSS      S=.bss     G=DGROUP   M=IniFiles ACBP=A9
 0002:0000D72C 00000004 C=BSS      S=.bss     G=DGROUP   M=Registry ACBP=A9
 0002:0000D730 00000004 C=BSS      S=.bss     G=DGROUP   M=Mapi     ACBP=A9
 0002:0000D734 00000009 C=BSS      S=.bss     G=DGROUP   M=ExtActns ACBP=A9
 0002:0000D740 00000004 C=BSS      S=.bss     G=DGROUP   M=ListActns ACBP=A9
 0002:0000D744 00000010 C=BSS      S=.bss     G=DGROUP   M=ComCtrls ACBP=A9
 0002:0000D754 00000008 C=BSS      S=.bss     G=DGROUP   M=Themes   ACBP=A9
 0002:0000D75C 00000004 C=BSS      S=.bss     G=DGROUP   M=StdCtrls ACBP=A9
 0002:0000D760 00000004 C=BSS      S=.bss     G=DGROUP   M=StdActns ACBP=A9
 0002:0000D764 00000014 C=BSS      S=.bss     G=DGROUP   M=WinHelpViewer ACBP=A9
 0002:0000D778 00000080 C=BSS      S=.bss     G=DGROUP   M=Controls ACBP=A9
 0002:0000D7F8 00000004 C=BSS      S=.bss     G=DGROUP   M=ActnList ACBP=A9
 0002:0000D7FC 0000000C C=BSS      S=.bss     G=DGROUP   M=ImgList  ACBP=A9
 0002:0000D808 00000010 C=BSS      S=.bss     G=DGROUP   M=Menus    ACBP=A9
 0002:0000D818 00000020 C=BSS      S=.bss     G=DGROUP   M=Forms    ACBP=A9
 0002:0000D838 00000004 C=BSS      S=.bss     G=DGROUP   M=typdef   ACBP=A9
 0002:0000D83C 00000004 C=BSS      S=.bss     G=DGROUP   M=JConsts  ACBP=A9
 0002:0000D840 00000004 C=BSS      S=.bss     G=DGROUP   M=jpeg     ACBP=A9
 0002:0000D844 00000004 C=BSS      S=.bss     G=DGROUP   M=uLkJSON  ACBP=A9
 0002:0000D848 00000008 C=BSS      S=.bss     G=DGROUP   M=publish  ACBP=A9


  Address         Publics by Name

 0001:000C8FF8       ..
 0001:000C86D0       ..
 0002:00001390       ..
 0001:000C8048       ..
 0001:000C7844       ..
 0002:00007E0C       ..
 0001:000C7308       ..
 0001:000C71AC       ..
 0001:000C667C       ..
 0001:000C5E54       ..
 0001:000369C4       ..
 0002:00001264       ..
 0001:000C9510       ..
 0001:000C4EA8       ..
 0002:0000B930       ..
 0002:000010F4       ..
 0001:000CA57C       ..
 0001:000C4D98       ..
 0002:000010A4       ..
 0002:00001050       ..
 0001:000C2E1C       ..
 0002:00009930       ..
 0001:000C18C8       ..
 0002:00007C0C       ..
 0001:000C15F8       ..
 0001:000C1304       ..
 0001:000C0274       ..
 0001:000BFB9C       ..
 0001:000BE89C       ..
 0002:00007B00       ..
 0001:000BDC54       ..
 0002:00001038       ..
 0001:000BD6AC       ..
 0001:000BD0C0       ..
 0001:00032F5C       ..
 0002:00007A80       ..
 0002:00001030       ..
 0001:000BC534       ..
 0001:000B9A40       ..
 0002:000079F0       ..
 0001:00032E94       ..
 0001:000BA6A4       ..
 0002:00001024       ..
 0001:000BAC08       ..
 0001:00031574       ..
 0001:000BB0CC       ..
 0002:00000FC8       ..
 0001:000BB80C       ..
 0002:000081AC       ..
 0001:00032A88       ..
 0002:00007A00       ..
 0002:000098F8       .03
 0002:000098FC       .1
 0002:0000966C       .1
 0002:0000C5DC       .1
 0002:0000D6A0       .1
 0002:0000D5A0       .1
 0002:0000D69C       .1
 0002:0000D698       .1
 0002:0000D694       .1
 0002:0000D6E0       .1
 0002:0000D730       .1
 0002:0000D690       .1
 0002:00009674       .1
 0002:0000C5C0       .1
 0002:0000D83C       .1
 0002:000098E4       .1
 0002:00009894       .1
 0002:0000D68C       .1
 0002:0000D76C       .1
 0002:0000D56C       .1
 0002:0000C1BC       .1
 0002:0000D558       .1
 0002:0000D838       .1
 0002:000096D0       .1
 0002:0000D6F0       .1
 0002:0000D52C       .1
 0002:0000D674       .1
 0002:00009910       .1
 0002:0000D684       .1
 0002:00009694       .1
 0002:00009920       .1
 0002:000097F4       .1
 0002:0000D4C0       .1
 0002:0000D6A4       .11
 0002:0000D6DC       .12
 0002:0000D4C8       .12
 0002:0000D524       .2
 0002:0000D754       .2
 0002:0000D84C       .2
 0002:0000D570       .2
 0002:00009928       .2
 0002:0000C638       .2
 0002:0000C634       .2
 0002:0000D6E8       .2
 0002:0000C660       .21
 0002:0000D528       .21
 0002:0000C5E0       .3
 0002:0000C62C       .3
 0002:0000D57C       .3
 0002:0000D578       .3
 0002:0000C630       .3
 0002:00009678       .3
 0002:0000989C       .3
 0002:00009924       .3
 0002:0000D7FC       .3
 0002:0000D724       .3
 0002:0000D840       .3
 0002:0000D844       .31
 0002:000097E4       .35
 0002:0000D744       .36
 0002:00009900       .4
 0002:0000D6F4       .4
 0002:0000D688       .4
 0002:000098F0       .4
 0002:0000D820       .41
 0002:0000D75C       .42
 0002:000098AC       .45
 0002:000098E8       .5
 0002:000095BC       .5
 0002:00009850       .5
 0002:0000D72C       .5
 0002:00009898       .6
 0002:0000D5B4       .6
 0002:0000C5E4       .7
 0002:0000D734       .72
 0002:0000D780       .72
 0002:0000D760       .73
 0002:0000D728       .8
 0002:0000D740       .8
 0002:0000D7F8       .8
 0002:00009874       .81
 0002:0000D810       .9
 0001:00001C9C       @AbstractError
 0001:0000441C       @AddRefArray
 0001:000043D4       @AddRefRecord
 0001:00002C58       @AfterConstruction
 0001:00002A8C       @AsClass
 0001:000036F0       @Assert
 0001:00002108       @AStrCmp
 0001:00002C68       @BeforeDestruction
 0001:0000281C       @BoundErr
 0001:00002AD8       @CallDynaInst
 0001:0000540C       @CheckAutoResult
 0001:00002C00       @ClassCreate
 0001:00002C50       @ClassDestroy
 0001:00001FD4       @Close
 0001:00001914       @Copy
 0001:00004610       @CopyArray
 0001:000044F4       @CopyRecord
 0001:00033908       @deflateInit2_
 0001:00004728       @DispCallByIDError
 0001:00011E00       @DispInvokeError
 0001:00004718       @Dispose
 0001:000031A8       @DoneExcept
 0001:00004CA8       @DynArrayAddRef
 0001:00004C80       @DynArrayAsg
 0001:00004C44       @DynArrayClear
 0001:00004A84       @DynArrayHigh
 0001:00004A7C       @DynArrayLength
 0001:00004C38       @DynArraySetLength
 0001:00003290       @ExceptionHandler
 0001:00002178       @FillChar
 0001:00032B54       @fill_fopen_filefunc
 0001:000043C8       @Finalize
 0001:000042DC       @FinalizeArray
 0001:00004290       @FinalizeRecord
 0001:00002AF0       @FindDynaInst
 0001:00001FC8       @Flush
 0001:00002810       @FpuInit
 0001:0000274C       @FpuMaskInit
 0001:0000174C       @FreeMem
 0001:0000172C       @GetMem
 0001:00005A48       @GetTls
 0001:0003308C       @get_crc_table
 0001:000036D8       @Halt
 0001:00003600       @Halt0
 0001:00002D7C       @HandleAnyException
 0001:00003068       @HandleAutoException
 0001:00003030       @HandleFinally
 0001:00002EA8       @HandleOnException
 0001:00034FFC       @inflateInit2_
 0001:00034A44       @inflate_fast
 0001:00036554       @inflate_table
 0001:00005A94       @InitExe
 0001:00004284       @Initialize
 0001:000041F0       @InitializeArray
 0001:000041C0       @InitializeRecord
 0001:000034C4       @InitImports
 0001:0000349C       @InitResStringImports
 0001:00003478       @InitResStrings
 0001:000019D0       @Insert
 0001:00001C4C       @INT
 0001:00005370       @IntfAddRef
 0001:00005340       @IntfCast
 0001:000052FC       @IntfClear
 0001:00005314       @IntfCopy
 0001:00002A68       @IsClass
 0001:0000271C       @isNECWindows
 0001:000C4CE8       @jcopy_block_row
 0001:000C4C9C       @jcopy_sample_rows
 0001:000C4C74       @jdiv_round_up
 0001:000BE808       @jinit_1pass_quantizer
 0001:000BFA7C       @jinit_2pass_quantizer
 0001:000C8484       @jinit_color_converter
 0001:000BDA88       @jinit_color_deconverter
 0001:000C5DA8       @jinit_compress_master
 0001:000C7F80       @jinit_c_coef_controller
 0001:000C7284       @jinit_c_main_controller
 0001:000C70E4       @jinit_c_master_control
 0001:000C779C       @jinit_c_prep_controller
 0001:000C8E70       @jinit_downsampler
 0001:000C11F0       @jinit_d_coef_controller
 0001:000C0194       @jinit_d_main_controller
 0001:000C1564       @jinit_d_post_controller
 0001:000C9494       @jinit_forward_dct
 0001:000BD080       @jinit_huff_decoder
 0001:000CB1D8       @jinit_huff_encoder
 0001:000BABC0       @jinit_input_controller
 0001:000C184C       @jinit_inverse_dct
 0001:000C4B18       @jinit_marker_reader
 0001:000C6628       @jinit_marker_writer
 0001:000BB7D4       @jinit_master_decompress
 0001:000BA56C       @jinit_memory_mgr
 0001:000BD62C       @jinit_merged_upsampler
 0001:000BC4C0       @jinit_phuff_decoder
 0001:000C9FA0       @jinit_phuff_encoder
 0001:000C1DAC       @jinit_upsampler
 0001:000C4D08       @jpeg_abort
 0001:000C4D80       @jpeg_alloc_huff_table
 0001:000C4D68       @jpeg_alloc_quant_table
 0001:000CA250       @jpeg_fdct_float
 0001:000C9FE4       @jpeg_fdct_ifast
 0001:000BC968       @jpeg_fill_bit_buffer
 0001:000BA678       @jpeg_free_large
 0001:000BA668       @jpeg_free_small
 0001:000CAF1C       @jpeg_gen_optimal_table
 0001:000BA670       @jpeg_get_large
 0001:000BA660       @jpeg_get_small
 0001:000BCAB4       @jpeg_huff_decode
 0001:000C2DE0       @jpeg_idct_1x1
 0001:000C2BF0       @jpeg_idct_2x2
 0001:000C283C       @jpeg_idct_4x4
 0001:000C1FC4       @jpeg_idct_float
 0001:000C2408       @jpeg_idct_ifast
 0001:000CA70C       @jpeg_make_c_derived_tbl
 0001:000BC66C       @jpeg_make_d_derived_tbl
 0001:000BA680       @jpeg_mem_available
 0001:000BA69C       @jpeg_mem_init
 0001:000BA6A0       @jpeg_mem_term
 0001:000BA68C       @jpeg_open_backing_store
 0001:000C49E4       @jpeg_resync_to_restart
 0001:000C5B6C       @jpeg_suppress_tables
 0001:000C4C84       @jround_up
 0001:000C4CF8       @jzero_far
 0001:00001958       @LGetDir
 0001:00003C60       @LStrAddRef
 0001:000037B8       @LStrArrayClr
 0001:000037E8       @LStrAsg
 0001:00003A78       @LStrCat
 0001:00003ABC       @LStrCat3
 0001:00003B30       @LStrCatN
 0001:00003794       @LStrClr
 0001:00003BBC       @LStrCmp
 0001:00003CD0       @LStrCopy
 0001:00003D10       @LStrDelete
 0001:00003A04       @LStrFromArray
 0001:0000397C       @LStrFromChar
 0001:0000398C       @LStrFromPChar
 0001:00003884       @LStrFromPCharLen
 0001:000039BC       @LStrFromPWChar
 0001:000038F0       @LStrFromPWCharLen
 0001:000039F8       @LStrFromString
 0001:00003A1C       @LStrFromWArray
 0001:00003A38       @LStrFromWStr
 0001:00003D58       @LStrInsert
 0001:0000382C       @LStrLAsg
 0001:00003A70       @LStrLen
 0001:00003E60       @LStrOfChar
 0001:00003DB4       @LStrPos
 0001:00003DFC       @LStrSetLength
 0001:00003C70       @LStrToPChar
 0001:00003A4C       @LStrToString
 0001:00004704       @New
 0001:00003858       @NewAnsiString
 0001:00003EBC       @NewWideString
 0001:00001BE4       @Pos
 0001:00002430       @Pow10
 0001:00002084       @PStrCmp
 0001:0000205C       @PStrCpy
 0001:0000202C       @PStrNCat
 0001:00002068       @PStrNCpy
 0001:00003154       @RaiseAgain
 0001:0000312C       @RaiseExcept
 0001:00002198       @RandInt
 0001:0000176C       @ReallocMem
 0001:00001D10       @RewritText
 0001:00001C6C       @ROUND
 0001:000036E4       @RunError
 0001:00002414       @SetEq
 0001:00001C24       @SetLength
 0001:00003438       @StartExe
 0001:00000304       @strlen
 0001:00001C78       @TRUNC
 0001:000031D8       @TryFinallyExit
 0001:00003CC8       @UniqueStringA
 0001:0000484C       @ValInt64
 0001:000021B4       @ValLong
 0001:00004404       @VarAddRef
 0001:0001656C       @VarAddRef
 0001:000126E0       @VarCast
 0001:000120EC       @VarClear
 0001:00012100       @VarClr
 0001:000042C4       @VarClr
 0001:000044DC       @VarCopy
 0001:00012414       @VarCopy
 0001:0001644C       @VarFromBool
 0001:000162D8       @VarFromByte
 0001:0001649C       @VarFromCurr
 0001:000163F4       @VarFromCurrency
 0001:00016420       @VarFromDate
 0001:00016540       @VarFromDisp
 0001:000163C8       @VarFromDouble
 0001:0001627C       @VarFromInt
 0001:00016378       @VarFromInt64
 0001:000162B8       @VarFromInteger
 0001:00016514       @VarFromIntf
 0001:00016318       @VarFromLongWord
 0001:000164B0       @VarFromLStr
 0001:00016474       @VarFromReal
 0001:00016338       @VarFromShortInt
 0001:000163A4       @VarFromSingle
 0001:00016358       @VarFromSmallInt
 0001:00016488       @VarFromTDateTime
 0001:000162F8       @VarFromWord
 0001:000164DC       @VarFromWStr
 0001:00011E54       @VarNull
 0001:00013EAC       @VarToBool
 0001:00013B64       @VarToBoolean
 0001:00012FA4       @VarToByte
 0001:00014D50       @VarToCurrency
 0001:000147E8       @VarToDate
 0001:000161D0       @VarToDisp
 0001:00014078       @VarToDouble
 0001:00013568       @VarToInt64
 0001:00012AA4       @VarToInteger
 0001:00016104       @VarToIntf
 0001:0001321C       @VarToLongWord
 0001:00015404       @VarToLStr
 0001:000143F4       @VarToReal
 0001:00012EF4       @VarToShortInt
 0001:00014410       @VarToSingle
 0001:0001304C       @VarToSmallInt
 0001:00013144       @VarToWord
 0001:00015B2C       @VarToWStr
 0001:00003E8C       @Write0LString
 0001:000022CC       @WriteBytes
 0001:0000239C       @WriteLn
 0001:00003E94       @WriteLString
 0001:00002320       @WriteSpaces
 0001:000041A0       @WStrAddRef
 0001:00003EFC       @WStrArrayClr
 0001:00003F20       @WStrAsg
 0001:00003EE4       @WStrClr
 0001:0000408C       @WStrCmp
 0001:00004110       @WStrCopy
 0001:00004060       @WStrFromLStr
 0001:00003FF4       @WStrFromPChar
 0001:00003F44       @WStrFromPCharLen
 0001:00004024       @WStrFromPWChar
 0001:00003FD0       @WStrFromPWCharLen
 0001:00004080       @WStrLen
 0001:0000415C       @WStrSetLength
 0001:00004070       @WStrToPWChar
 0001:000023F0       @_CLenToPasStr
 0001:000023E4       @_CToPasStr
 0001:000018E4       @_IOTest
 0001:00004754       @_lldiv
 0001:000047D0       @_llmod
 0001:00004730       @_llmul
 0001:00037BC4       @_tr_align
 0001:00037E90       @_tr_flush_block
 0001:000369C8       @_tr_init
 0001:00037B08       @_tr_stored_block
 0001:0000E5DC       Abort
 0002:0000C791       AbortOperation
 0001:00094AC0       AbsMin
 0001:0000E960       AbstractErrorHandler
 0002:0000902C       AbstractErrorProc
 0002:0000015C       AccessMode
 0001:00069F38       AccessViolationModuleInLongFormat
 0001:00001834       AcquireExceptionObject
 0001:00060B7C       ActicatePage
 0001:0001A010       ActivateClassGroup
 0002:0000C7D8       ActivateEurekaLog
 0001:00006364       ActivateKeyboardLayout
 0002:0000D7B4       ActiveDrag
 0001:00017C28       ActiveX
 0001:000A3D3C       ActnList
 0001:0003B4AC       AddAuthenticationToURL
 0001:00000438       AddBlockAfter
 0001:0007077C       AddCallerCallStack
 0001:00064A74       AddColor
 0001:0005C53C       AddCustomHeadersToLog
 0001:0005C3E0       AddCustomHeaderToLog
 0002:000003D4       AddDataModule
 0001:00030344       AddDNS
 0001:00009B40       AddExitProc
 0001:0001D44C       AddFinished
 0001:000A7080       AddIn
 0002:00009690       AddLeak
 0001:0005B110       AddModule
 0001:0005AFD8       AddModuleFromFileName
 0001:000051A0       AddModuleUnloadProc
 0001:00005190       AddModuleUnloadProc
 0001:00054BB8       AddNewProcess
 0001:00054F78       AddNewProcessEx
 0001:0001D484       AddNotFinished
 0001:0002E500       AddrSize
 0001:00069240       AddStr
 0001:0001DEA8       AddSubComponentsToLoaded
 0001:000202BC       AddThread
 0001:0005B1B0       AddToStack
 0001:0004364C       AddValueField
 0001:0003138C       AddZipFile
 0001:000CCFA4       add_child
 0001:0007C3F4       AdjustColor
 0001:000876E8       AdjustColors
 0001:00060ACC       AdjustDialog
 0001:0005DEF4       AdjustFlatStyle
 0001:000AE098       Adjustment
 0001:0000636C       AdjustWindowRectEx
 0001:00032B8C       adler32
 0001:00056A20       Advance
 0001:00065614       AfterScreenshot
 0001:00065358       AfterScreenshotToStream
 0002:000072D0       Alignments
 0002:000075F0       Alignments
 0002:0000754C       Alignments
 0002:00007820       Alignments
 0002:00007830       Alignments
 0001:000B4F90       AlignWork
 0001:0009A12C       AlignWork
 0002:000096AC       AllocatedList_End
 0002:000096A4       AllocatedList_Lock
 0002:000096A8       AllocatedList_Start
 0001:00021B14       AllocateHWnd
 0001:00009AF4       AllocMem
 0001:0004EDB8       AllocMemAlign
 0002:000095B4       AllocMemCount
 0002:000095B8       AllocMemSize
 0001:00081860       AllocPatternBitmap
 0001:000059F0       AllocTlsBuffer
 0002:000055E4       AlphaNumerics
 0002:0000760C       AnchorAlign
 0002:00007600       AnimateWindowProc
 0002:00007708       AnimationStyle
 0001:0000F2A0       AnsiCompareFileName
 0001:00009D20       AnsiCompareStr
 0001:00009D58       AnsiCompareText
 0001:0000A51C       AnsiLastChar
 0001:00006374       AnsiLower
 0001:00009CEC       AnsiLowerCase
 0001:0000F320       AnsiLowerCaseFileName
 0001:0000F268       AnsiPos
 0001:000AB894       AnsiSameCaption
 0001:00009D90       AnsiSameText
 0001:00009DA8       AnsiStrLIComp
 0001:0000F3AC       AnsiStrPos
 0001:0000F44C       AnsiStrRScan
 0001:0000F474       AnsiStrScan
 0001:0000578C       AnsiToUtf8
 0001:00009CB8       AnsiUpperCase
 0001:0001608C       AnyToIntf
 0001:0000C76C       AppendChars
 0001:0000CB30       AppendFormat
 0001:0000C7D0       AppendNumber
 0001:0000C7B0       AppendString
 0002:0000D818       Application
 0002:000003E4       ApplicationHandleException
 0001:0005B91C       ApplicationRestore
 0002:000003EC       ApplicationShowException
 0002:0000795C       AppVisible
 0001:00007664       AreTheSameLeak
 0001:00059EB8       ASMAssigned
 0002:00000E9C       AsmConst
 0001:00069D08       ASPDotNetWebSiteFile
 0001:0005F500       AssemblerDialogProc
 0001:0005046C       AssemblerToRTF
 0001:0000E944       AssertErrorHandler
 0002:00009024       AssertErrorProc
 0001:000174C0       AssignLongStr
 0001:00062F3C       AssignOnCloseData
 0001:0005CDFC       AssignPriority
 0001:0002D85C       AssignValidDebugInfo
 0001:00017A24       AssignVariant
 0002:000074D0       ATickMarks
 0001:000664A4       AttachedFile
 0001:0006673C       AttachedFiles
 0002:0000C654       AttachedFilesRequest
 0001:0006C380       AttrToString
 0002:0000C7DC       AutoCloseTimer
 0001:0005C2B4       AutoCloseTimerProc
 0002:0000960C       avail
 0001:0000AA04       BackfillGetDiskFreeSpaceEx
 0001:00097654       BackgroundClipped
 0001:00010D70       BackupVarBoolFromStr
 0001:00010ED0       BackupVarBStrFromBool
 0001:00010DF0       BackupVarBStrFromCy
 0001:00010E60       BackupVarBStrFromDate
 0001:00010D04       BackupVarCyFromStr
 0001:00010C98       BackupVarDateFromStr
 0001:00010B54       BackupVarI4FromStr
 0001:00010B00       BackupVariantChangeTypeEx
 0001:00010BC0       BackupVarR4FromStr
 0001:00010C2C       BackupVarR8FromStr
 0001:00039818       Base64Decode
 0001:00039914       Base64DecodeStr
 0001:00039978       Base64DecodeString
 0001:000396FC       Base64Encode
 0001:00066050       Base64EncodeFromFile
 0001:000398CC       Base64EncodeStr
 0001:00039970       Base64EncodeString
 0001:00039980       Base64EncodeToString
 0002:00002050       Base64Filler
 0001:0000EF38       Beep
 0001:0001A368       BeginGlobalLoading
 0001:0000637C       BeginPaint
 0001:00003748       BeginThread
 0001:0007C400       BetterSize
 0001:000A7EF4       BiDiDraw
 0001:00027414       BinToStr
 0001:000060EC       BitBlt
 0002:00007454       BitBtnCaptions
 0002:0000D6F8       BitBtnGlyphs
 0002:000071C4       BitCounts
 0002:000071BC       BitmapCanvasList
 0002:0000D4E0       BitmapImageLock
 0001:00010B3C       BiUnimplemented
 0002:00000428       BlockCode
 0002:000095E4       blockDescBlockList
 0002:000095E8       blockDescFreeList
 0001:00068DD0       BlockingSendInternetMessage
 0002:000000C8       BlockOverFoot
 0002:000000C4       BlockOverHead
 0002:00000D84       BOMBigEndian
 0002:00000D80       BOMUnicode
 0002:00000D88       BOMUTF8
 0002:000003C8       BooleanIdents
 0002:00000344       BooleanToStringRule
 0001:0000A230       BoolToStr
 0001:0001518C       BoolToWStrViaOS
 0002:00007544       BorderStyles
 0002:000072C8       BorderStyles
 0001:00019328       Bounds
 0001:00005B34       Bounds
 0002:000077C8       Breaks
 0002:0000D518       BrushManager
 0001:000B8BF8       BuildColorMap
 0001:000AA6A8       BuildImage
 0001:00055208       BuildListPS
 0001:000550D0       BuildListTH
 0001:000B8B50       BuildPalette
 0002:00007270       ButtonCaptions
 0002:00007244       ButtonNames
 0001:00088070       Buttons
 0002:00007844       Buttons
 0002:000075E8       ButtonStyles
 0002:0000D6B0       ButtonWidths
 0002:00006908       ByteRegs1
 0002:0000690C       ByteRegs2
 0001:0007BBE0       BytesPerScanline
 0001:00064BDC       BytesPerScanline
 0001:00064620       BytesSwap
 0001:0007BF38       ByteSwapColors
 0001:0000F01C       ByteToCharIndex
 0001:0000EFF4       ByteToCharLen
 0001:0000EFB8       ByteType
 0001:0000EF40       ByteTypeTest
 0002:0000D800       CachedComCtrlVer
 0002:0000C9D4       Cached_LogFile
 0001:00074B34       CalcAddr
 0001:00064650       CalcCRC
 0001:000396BC       CalcDecodedSize
 0001:000580B8       CalcDuplicatedException
 0001:00039690       CalcEncodedSize
 0001:00021A50       CalcJmpOffset
 0001:000A1DA8       CalcSplitterPos
 0001:0002E858       CalculateRelocatedAsmSize
 0001:000590CC       CallAttachedFilesRequest
 0001:0005913C       CallAttachedFilesRequestEvents
 0001:000CE4AC       CallBack
 0001:00059270       CallCustomButtonClickEvent
 0001:000592DC       CallCustomButtonClickEvents
 0001:00058FFC       CallCustomDataRequest
 0001:0005906C       CallCustomDataRequestEvents
 0001:000591A0       CallCustomWebFieldsRequest
 0001:00059210       CallCustomWebFieldsRequestEvents
 0001:00006CBC       CallerOfReallocMem
 0001:00058D00       CallExceptionActionNotify
 0001:0006CC7C       CallExceptionActionNotify_atSavedLogFile
 0001:0006CC58       CallExceptionActionNotify_atSavingLogFile
 0001:00067BC4       CallExceptionActionNotify_atSendingEmail
 0001:00067C0C       CallExceptionActionNotify_atSendingWebMessage
 0001:00067BE8       CallExceptionActionNotify_atSentEmail
 0001:00067C30       CallExceptionActionNotify_atSentWebMessage
 0001:0006CFF8       CallExceptionActionNotify_atShowedExceptionInfo
 0001:0006CFD4       CallExceptionActionNotify_atShowingExceptionInfo
 0001:00063F2C       CallExceptionActionNotify_atTerminating
 0001:00058E74       CallExceptionErrorNotify
 0001:0006CCA0       CallExceptionErrorNotify_atSavedLogFile
 0001:00067C54       CallExceptionErrorNotify_atSentEmail
 0001:00067C78       CallExceptionErrorNotify_atSentWebMessage
 0001:00058B08       CallExceptionNotify
 0001:00058B74       CallExceptionNotifyEvents
 0002:00006928       CallForGetLogText
 0002:00006924       CallFromCOMObject
 0001:00058BD8       CallHandledExceptionNotify
 0001:00058C44       CallHandledExceptionNotifyEvents
 0001:00059078       CallModuleEvent_AttachedFilesRequest
 0001:0005921C       CallModuleEvent_CustomButtonClickNotify
 0001:00058FA8       CallModuleEvent_CustomDataRequest
 0001:00059148       CallModuleEvent_CustomWebFieldsRequest
 0001:00058C50       CallModuleEvent_ExceptionActionNotify
 0001:00058DC8       CallModuleEvent_ExceptionErrorNotify
 0001:00058AB8       CallModuleEvent_ExceptionNotify
 0001:00058B80       CallModuleEvent_HandledExceptionNotify
 0001:000592E8       CallModuleEvent_PasswordRequest
 0001:00006384       CallNextHookEx
 0001:00058F3C       CallPasswordRequest
 0001:0005B59C       CallStackByAddresses
 0001:0005FA18       CallStackDialogProc
 0001:0000FFD8       CallTerminateProcs
 0001:0000638C       CallWindowProc
 0001:0006D01C       CallWriteIntraWebText
 0001:00073098       Call_HookedExceptionObject
 0001:00072DFC       Call_HookedRaise
 0001:000730C4       Call_HookedRtlUnwind
 0001:000641A8       CalsCoordinates
 0002:0000C792       CanAttachScreenshot
 0002:0000C78D       CanAttachScreenshot_Show
 0001:00095AF8       CancelDrag
 0002:0000C793       CanCopy
 0002:0000C78E       CanCopy_Show
 0001:0007780C       CanEnableEurekaLogInPackages
 0001:00059C9C       CanExit
 0002:0000C755       CanHookLibraries
 0002:00006E50       CannotProcessMessagesExceptions
 0002:00006E9C       CannotShowDialog
 0002:0000C958       CannotUseThread
 0001:000707F0       CanPauseThisThread
 0002:0000C78C       CanSendError_Show
 0002:0000C790       CanSendMessage
 0001:000748C4       CanShowHandledExceptionEx
 0002:0000C78F       CanSupport_Show
 0002:0000D7C8       CanvasList
 0002:0000D51C       CanvasList
 0002:0000CA04       CaptionFontName
 0002:0000721C       Captions
 0002:0000CC40       CAPTION_HEIGHT
 0002:000076C4       CaptureControl
 0002:00002010       cBase64Codec
 0002:00002054       cBase64Codec
 0002:00007768       cBooleanToItemAutoFlag
 0001:0005D934       CenterOnActiveWndMonitor
 0001:0005C238       CenterWindow
 0002:0000D6E6       CF_COMPONENT
 0002:0000D6E4       CF_PICTURE
 0002:0000C710       CGIHandleException
 0002:0000C6BC       CGIOutputFile
 0002:0000986C       ChangeAnyProc
 0001:00094078       ChangeBiDiModeAlignment
 0001:0000A59C       ChangeFileExt
 0001:00076D8C       ChangeFinalizationOrder
 0001:00062EB0       ChangeLogUserEmail
 0002:0000759C       CharCases
 0002:0000756C       CharCases
 0001:000038B4       CharFromWChar
 0001:0000F1F0       CharLength
 0001:00006394       CharLowerBuff
 0001:0000639C       CharNext
 0001:00000264       CharNext
 0002:00005628       chars
 0001:0007A3E4       CharsetToIdent
 0001:0000F104       CharToByteIndex
 0001:0000F168       CharToByteLen
 0001:000063A4       CharToOemA
 0001:000063AC       CharUpperBuff
 0001:0007C9C8       CheckBool
 0001:00077708       CheckCrc32
 0001:000264C8       CheckDirectoryExists
 0001:0003B418       CheckError
 0001:0002EE34       CheckFail
 0001:00076A58       CheckForMemoryLeaks
 0001:000568C8       CheckForResult
 0001:000262A0       CheckIntoIDE
 0001:00002CF8       CheckJmp
 0001:00030D38       CheckLibrary
 0001:0004F4B4       CheckMagicCode
 0001:000063B4       CheckMenuItem
 0001:000073A4       CheckOurPointer
 0002:000077B8       Checks
 0001:0001DEE4       CheckSubComponents
 0001:000202D4       CheckSynchronize
 0001:000ADACC       CheckTaskWindow
 0001:000957AC       CheckUndock
 0001:0000EE2C       CheckWin32Version
 0002:00000348       CInvalidCustomVariantType
 0002:0000776C       cItemAutoFlagToBoolean
 0002:00007764       cItemAutoFlagToMenu
 0001:00021CA0       Classes
 0001:00019DD4       ClassNotFound
 0002:00009868       ClearAnyProc
 0001:00079C74       ClearColor
 0001:000533B0       ClearInternalError
 0001:00016A2C       ClearVariantTypeList
 0002:0000CBA9       ClickLinkActive
 0001:00046AE4       ClickOnSign
 0001:000063BC       ClientToScreen
 0001:0009F390       ClientToWindow
 0002:000071B4       ClipboardFormats
 0001:00087F10       Clipbrd
 0001:00051894       CloneObject
 0001:000063C4       CloseClipboard
 0001:00005CAC       CloseHandle
 0001:00000204       CloseHandle
 0001:0005809C       CloseLogFile
 0001:000663C8       CloseSendDialog
 0001:0002DC90       closesocket
 0002:0000D5BC       CloseThemeData
 0001:0003154C       CloseZipFile
 0002:0000C718       CLXHandleException
 0002:0000C71C       CLXShowException
 0002:00009040       CmdLine
 0002:0000903C       CmdShow
 0002:00007760       cMenuAutoFlagToItem
 0001:00010B48       CmpUnimplemented
 0001:000CB8C0       code2utf
 0002:00006EC4       ColIdx
 0002:00006F34       Colors
 0001:0007A1DC       ColorToIdent
 0002:000072DC       ColorToPretyName
 0001:0007A1CC       ColorToRGB
 0002:0000CBDC       ColWidths
 0001:000060F4       CombineRgn
 0002:00007588       ComboBoxStyles
 0002:0000D530       ComCtl32DLL
 0002:0000D750       ComCtlVersion
 0001:000895C8       ComCtrls
 0002:0000D814       CommandPool
 0001:00081EF0       CommCtrl
 0001:0008472C       CommDlg
 0001:00000718       Commit
 0002:00009628       committedRoot
 0001:0006529C       CommonSaveToStream
 0001:0005A188       CompareEurekaFunctions
 0001:000A6664       CompareFront
 0001:00009C20       CompareMem
 0001:00054648       CompareModulesFunctions
 0001:00054A10       CompareProcessesFunctions
 0001:00009BF0       CompareStr
 0001:00005CB4       CompareString
 0001:00009C40       CompareText
 0001:0000A158       CompareWith
 0001:0006B15C       CompleteIP
 0001:0003D298       CompleteNumber
 0001:0004FA54       CompleteStr
 0001:000427DC       CompleteStr
 0001:0006C3DC       CompleteString
 0001:0002494C       CompleteVersion
 0001:0001DFC4       ComponentCreated
 0001:00038948       Compress
 0001:00032F48       compressBound
 0001:0007C798       ComputeAldusChecksum
 0001:00028ECC       ComputerName
 0001:00051350       ComputerName
 0001:00087ECC       ComStrs
 0001:0002DCBC       connect
 0001:00078914       Consts
 0001:00081D60       Contnrs
 0002:0000D786       ControlAtom
 0002:0000D78C       ControlAtomString
 0001:000B2860       ControlHasHelp
 0001:000A2A44       Controls
 0001:0000E37C       ConvertAddr
 0001:00006FA4       ConvertAddress
 0001:00025B70       ConvertAddress
 0001:0000C8C0       ConvertEraString
 0001:00009AB8       ConvertError
 0001:00009AD0       ConvertErrorFmt
 0001:00041EF4       ConvertNotDosText
 0001:00039E78       ConvertSpecialHTMLChars
 0001:0000CA28       ConvertYearString
 0001:00004A8C       CopyArray
 0001:0007EC4C       CopyBitmap
 0001:0007F314       CopyBitmapAsMask
 0001:000060FC       CopyEnhMetaFile
 0001:00006944       CopyMemory
 0001:0007F2B0       CopyPalette
 0001:000063CC       CopyRect
 0002:000074E0       Copyright
 0001:000595E4       CopyStrings
 0001:000A9754       CopyToBest
 0001:00007CCC       CountAllLeaks
 0001:0000F074       CountChars
 0002:0000D4F8       CounterLock
 0001:000608A0       CPUDialogProc
 0001:00050808       CPUToRTF
 0002:0000034C       CRangeToType
 0002:00001DFC       Crc16Tab
 0001:000330A0       crc32
 0002:0000C1C0       crc_table
 0002:00001FFC       crc_table_computed
 0001:00064DF0       Create8bitBitmap
 0001:0000E888       CreateAssertException
 0001:0000EA10       CreateAVObject
 0001:00006104       CreateBitmap
 0001:0000610C       CreateBrushIndirect
 0001:00006114       CreateCompatibleBitmap
 0001:0000611C       CreateCompatibleDC
 0001:0001E044       CreateComponent
 0001:00006AC0       CreateDialogA
 0001:0005BEDC       CreateDialogFonts
 0001:000063D4       CreateDialogParamA
 0001:0000612C       CreateDIBitmap
 0001:00006124       CreateDIBSection
 0001:0000AB08       CreateDir
 0001:00005CBC       CreateDirectory
 0001:00005CC4       CreateEvent
 0001:0005D0CC       CreateExceptionReport
 0001:00005CCC       CreateFile
 0001:00005CD4       CreateFileA
 0001:0000020C       CreateFileA
 0001:00005CDC       CreateFileMapping
 0001:00006134       CreateFontA
 0001:0000613C       CreateFontIndirect
 0001:00006144       CreateFontIndirectA
 0001:0006D028       CreateGeneralText
 0001:0000614C       CreateHalftonePalette
 0001:00055C74       CreateHTMLByLayout
 0001:000586A4       CreateHTMLFile
 0001:000063DC       CreateIcon
 0001:0000E7B4       CreateInOutError
 0001:0005D49C       CreateLeakReport
 0001:0006E0B8       CreateLogText
 0001:000063E4       CreateMenu
 0001:000851EC       CreateMessageDialog
 0001:00030768       CreateMXQuery
 0001:00064A10       CreateOctreeNode
 0001:00006154       CreatePalette
 0001:0000615C       CreatePenIndirect
 0001:000063EC       CreatePopupMenu
 0001:00005CE4       CreateProcessA
 0001:00006164       CreateRectRgn
 0001:0000616C       CreateRectRgnIndirect
 0001:00006174       CreateSolidBrush
 0001:0007BF90       CreateSystemPalette
 0001:0005604C       CreateTemplateFile
 0001:00005CEC       CreateThread
 0001:0000026C       CreateThread
 0001:0005D644       CreateThreadStr
 0001:000676B0       CreateTmpLogFile
 0001:00051ED4       CreateVirtualFile
 0001:00006A68       CreateWindow
 0001:00006A10       CreateWindowEx
 0001:00058770       CreateXMLLogCopy
 0001:00067C9C       CreateZIPFile
 0001:000312F8       CreateZipFile
 0001:00075F38       Create_EurekaLogUnitsList
 0002:00007604       CreationControl
 0002:00007214       CreationControl
 0002:000003B4       CRelationshipToBoolean
 0002:00000330       CResult
 0002:00000D5C       CriticalError
 0002:00006E74       CriticalExceptObject
 0002:00000154       cSimpleBoolStrs
 0002:00000360       CText
 0002:00007700       Ctl3DStyles
 0002:000075E0       Ctl3DStyles
 0002:00009620       curAlloc
 0002:000096DC       CurrencyDecimals
 0002:000096D8       CurrencyFormat
 0002:000096D4       CurrencyString
 0002:0000C744       CurrentAsmErrorLine
 0002:0000C74C       CurrentAsmErrorText
 0002:0000C750       CurrentCPUErrorText
 0002:0000C7E0       CurrentDialog
 0001:00074BA8       CurrentEurekaLogOptions
 0002:0000C748       CurrentGeneralErrorText
 0002:0000C6B8       CurrentOptions
 0002:0000C7F8       CurrentProcessWindowsList
 0002:00006E60       CurrentStackList
 0001:0000C758       CurrentYear
 0001:0000C088       CurrToStr
 0001:0001511C       CurrToWStrViaOS
 0002:000078E0       CursorMap
 0002:00007614       Cursors
 0001:00094398       CursorToIdent
 0002:000078D0       cUseAlpha
 0002:000078D8       cUseColorKey
 0002:0000C65C       CustomButtonClickNotify
 0002:0000C650       CustomDataRequest
 0002:0000C77C       CustomExceptMessage
 0001:00076AEC       CustomHandler
 0002:00006934       CustomSmtpHeloCommand
 0002:0000C658       CustomWebFieldsRequest
 0002:0000C5C4       CV
 0001:00009E7C       CvtInt
 0001:00009EE8       CvtInt64
 0002:00000198       CWNear
 0002:00000194       CWNear
 0001:0000C6A8       Date
 0002:000096DD       DateSeparator
 0001:0000D370       DateTimeToStr
 0001:00024EC4       DateTimeToStrFixed
 0001:0000D2E4       DateTimeToString
 0001:0000C220       DateTimeToTimeStamp
 0001:0000D340       DateToStr
 0001:00015154       DateToWStrViaOS
 0001:0000C680       DayOfWeek
 0002:0000C7F4       DbgSection
 0002:00000190       DCon10
 0002:00006F30       DDBsOnly
 0001:00021BC8       DeallocateHWnd
 0002:0000002C       DebugHook
 0002:0000C934       DebugHook_Assigned
 0001:00069290       DebugToStr
 0002:000096DB       DecimalSeparator
 0001:0000C5F0       DecodeDate
 0001:0000C4A4       DecodeDateFully
 0001:0002AD68       DecodeNameString
 0001:0000C314       DecodeTime
 0001:000007AC       Decommit
 0001:00000DC8       DecommitFree
 0002:000095FC       decommittedRoot
 0001:00039594       Decrypt
 0001:000B04E8       Default
 0001:000B5BB8       Default
 0002:00000024       Default8087CW
 0002:00007608       DefaultDockTreeClass
 0002:00000038       DefaultTextLineBreakStyle
 0002:000095C0       DefaultUserCodePage
 0002:00007184       DefBrushData
 0002:00006F04       DefFontData
 0001:000063F4       DefFrameProc
 0001:00033ED8       deflate
 0001:0003419C       deflateEnd
 0001:000338EC       deflateInit_
 0002:00000224       DefLongDayNames
 0002:000001D8       DefLongMonthNames
 0001:000063FC       DefMDIChildProc
 0002:00007164       DefPenData
 0002:00000208       DefShortDayNames
 0002:000001A8       DefShortMonthNames
 0001:00006404       DefWindowProc
 0001:0000640C       DefWindowProcA
 0001:00004CE4       DelayLoadResourceModule
 0001:00000468       DeleteBlock
 0001:00005CF4       DeleteCriticalSection
 0001:000003D8       DeleteCriticalSection
 0001:0000617C       DeleteDC
 0001:00006184       DeleteEnhMetaFile
 0001:00067E08       DeleteExtraFiles
 0001:0000A504       DeleteFile
 0001:00005CFC       DeleteFile
 0001:00005D04       DeleteFileA
 0001:000545D4       DeleteFileEx
 0001:00000C10       DeleteFree
 0001:00006414       DeleteMenu
 0001:0000618C       DeleteObject
 0001:0008FBD8       DeleteSelectedText
 0001:0006491C       DeleteTree
 0001:00052040       DeleteVirtualFile
 0002:00006EE4       DeniedChars
 0001:0007E808       DeselectBitmap
 0001:0000641C       DestroyCursor
 0001:0005C124       DestroyDialogFonts
 0001:00006424       DestroyIcon
 0001:00087FA0       DestroyLocals
 0001:0000642C       DestroyMenu
 0001:00006434       DestroyWindow
 0002:0000CC1C       DetailsActive
 0001:0005DF34       DetailsState
 0001:0000643C       DialogBoxParamA
 0001:00091A8C       DialogEnumerationTester
 0002:0000CC28       DialogHeight
 0001:00085A3C       Dialogs
 0002:0000C944       DialogType
 0002:000071C0       DIBPalSizes
 0002:00000094       dig
 0002:00000D60       Digits
 0001:00056028       DirectoryExists
 0001:000087AC       DisableMemoryLeaksCheck
 0001:000AD920       DisableTaskWindows
 0001:00006444       DispatchMessage
 0001:000B3B40       DispatchShortCut
 0002:00009000       DispCallByIDProc
 0001:00009A9C       DivMod
 0001:00084764       Dlgs
 0001:0005BB94       DlgTemplate
 0002:00009918       DllList
 0001:00099FBC       DoAlign
 0001:000B4E44       DoAlign
 0001:0009E070       DoCalcConstraints
 0002:0000D7BC       DockSiteList
 0001:000AA374       DoClick
 0001:0009B700       DoControlMsg
 0001:000AD8D0       DoDisableWindow
 0001:000950D8       DoDragOver
 0001:00009B14       DoExitProc
 0001:000A007C       DoFindControlZone
 0001:000ADA0C       DoFindWindow
 0001:000A0608       DoFindZone
 0001:000A0100       DoForEach
 0001:000A1A0C       DoGetNextLimit
 0001:00029210       Done
 0001:00008998       Done
 0001:0007806C       Done
 0001:00030BC8       Done
 0001:0002F308       Done
 0001:000AD898       DoneApplication
 0001:00075C08       DoneCheckFreeze
 0001:000A276C       DoneControls
 0002:0000C70C       DoneExcept
 0001:00076D40       DoneExceptAddr
 0001:0000ED3C       DoneExceptions
 0001:0003AE9C       DoneLib
 0001:00008538       DoneShareMem
 0001:000B1EBC       DoNestedActivation
 0001:00020270       DoneThreadSynchronization
 0001:00099B7C       DoPosition
 0001:000B4C94       DoPosition
 0001:000A1034       DoPrune
 0001:00086BA8       DoRect
 0001:000A150C       DoSaveZone
 0001:000A1710       DoSetNewBounds
 0001:00025208       DotNetHostedFile
 0001:00069D60       DotNetHostedFileHandle
 0001:00069D14       DotNetMainFile
 0002:00006E84       DotNetMetadataFile
 0002:00006EA4       Dots
 0002:000003D0       DotSep
 0001:0007D924       DoWrite
 0001:000A4CC4       DoWrite
 0001:0001B240       DoWrite
 0001:0007CC20       DoWrite
 0001:0009ACE8       DoWriteDesignSize
 0001:00098754       DoWriteIsControl
 0002:0000D7A0       DragCapture
 0002:0000D794       DragControl
 0001:00095820       DragDone
 0001:00095088       DragFindTarget
 0001:0009505C       DragFindWindow
 0002:0000D7B8       DragImageList
 0001:00095478       DragInit
 0001:000955E8       DragInitControl
 0002:0000D79C       DragInternalObject
 0001:00094FA4       DragMessage
 0002:0000D798       DragObject
 0002:0000D7C4       DragSave
 0002:0000D7AC       DragSaveCursor
 0002:0000D7A4       DragStartPos
 0002:0000D7B0       DragThreshold
 0001:000951A8       DragTo
 0001:000B5BF4       DrawAppIcon
 0001:000462A8       DrawBmp
 0001:00046E2C       DrawBottom
 0001:00062E04       DrawButton
 0001:00062C98       DrawClickHere
 0001:000A0BA0       DrawCloseButton
 0001:00062C10       DrawControl
 0001:0000644C       DrawEdge
 0001:00006454       DrawFocusRect
 0001:00046DB8       DrawFrame
 0001:0000645C       DrawFrameControl
 0001:000A0BF8       DrawGrabberLine
 0001:00006464       DrawIcon
 0001:0000646C       DrawIconEx
 0002:0000773C       DrawingStyles
 0001:00046ED4       DrawItem
 0001:00046E80       DrawLine
 0001:00006474       DrawMenuBar
 0001:000AB6B4       DrawMenuItem
 0001:00060E5C       DrawSupportLink
 0001:0000647C       DrawText
 0001:00006484       DrawTextA
 0002:0000D5C0       DrawThemeBackground
 0002:0000D5E4       DrawThemeEdge
 0002:0000D5E8       DrawThemeIcon
 0002:0000D66C       DrawThemeParentBackground
 0002:0000D5C4       DrawThemeText
 0001:0007BA60       DupBits
 0002:0000C794       DuplicatedException
 0001:00005D0C       DuplicateHandle
 0001:00004AA4       DynArrayClear
 0001:00004AAC       DynArraySetLength
 0001:000399E0       EBase64
 0001:000246A8       EConsts
 0001:00029288       ECore
 0001:0002D9BC       EDebug
 0002:00007828       EdgeStyle
 0002:000076F0       EdgeStyles
 0002:000075D0       EdgeStyles
 0001:0004E8E8       EDisAsm
 0001:00039688       EEncrypt
 0001:00039334       EHash
 0001:0000E788       EHeapException.FreeInstance
 0001:0002F404       EHook
 0001:0004246C       ElaborateString
 0001:0003B6D8       ElaborateURL
 0001:0003B840       ElaborateWebPage
 0001:0002F514       ELang
 0001:00008A58       ELeaks
 0001:000474F0       EListView
 0001:000461D0       ELogManager
 0001:000B81E0       EmitMessage
 0001:0000648C       EmptyClipboard
 0002:00009854       EmptyParam
 0002:000000D8       EmptyStr
 0002:000000DC       EmptyWideStr
 0002:0000045C       EMsgs
 0001:00008620       EnableMemoryLeaksCheck
 0001:00006494       EnableMenuItem
 0002:000077C0       Enables
 0001:0000649C       EnableScrollBar
 0001:000AD9D4       EnableTaskWindows
 0002:0000D654       EnableThemeDialogTexture
 0002:0000D670       EnableTheming
 0001:000064A4       EnableWindow
 0001:00064808       Encode
 0001:0000C474       EncodeDate
 0002:00005604       EncodedChars
 0001:0000C2D4       EncodeTime
 0001:00067814       EncodeURL
 0001:000064AC       EndDialog
 0001:0001A3F0       EndGlobalLoading
 0001:000064B4       EndPaint
 0001:0000378C       EndThread
 0001:000003C8       EnterCriticalSection
 0001:00005D14       EnterCriticalSection
 0001:00005D1C       EnumCalendarInfoA
 0002:0000D554       EnumDisplayMonitors
 0001:0000DFF0       EnumEraNames
 0001:0000E02C       EnumEraYearOffsets
 0001:000B0AAC       EnumMonitorsProc
 0001:00005D24       EnumSystemLocalesA
 0001:000064BC       EnumThreadWindows
 0001:0001D7F4       EnumValue
 0001:000064C4       EnumWindows
 0001:000537B4       EnumWindowsProc
 0001:000536FC       EnumWindowsProc
 0001:00053658       EnumWindowsProc
 0001:000538C8       EnumWindowsProc
 0001:0002A2B4       Eof
 0002:00005624       EOFLine
 0001:000064CC       EqualRect
 0002:000097A4       EraNames
 0001:0000D5FC       EraToYear
 0002:000097C0       EraYearOffsets
 0002:0000006C       errCaption
 0001:000A63B4       Error
 0001:0001CFD8       Error
 0001:00019978       Error
 0001:000018D8       Error
 0001:000656E0       Error
 0001:00008400       Error
 0002:00000004       ErrorAddr
 0001:0000188C       ErrorAt
 0001:0000E834       ErrorHandler
 0002:00000240       ErrorMap
 0002:00009008       ErrorProc
 0002:000093E8       ErrOutput
 0002:00000C34       EShowOptions
 0001:00030C28       ESockets
 0001:00021D64       ETypes
 0002:00000454       EurekaLogCurrentVersion
 0002:0000C7B0       EurekaLogList
 0001:00065FA8       EurekaLogSendEmail
 0002:00006938       EurekaLogUnits
 0002:0000C7D4       EurekaLogUnitsList
 0001:00059AB0       EurekaLog_AttachedFilesRequestEvent
 0001:0007377C       EurekaLog_CallCreateThread
 0001:00072F0C       EurekaLog_CallExceptObject
 0001:000738B4       EurekaLog_CallExitThread
 0001:00072D88       EurekaLog_CallGeneralRaise
 0001:00073810       EurekaLog_CallResumeThread
 0001:00059BF8       EurekaLog_CustomButtonClickEvent
 0001:00059A0C       EurekaLog_CustomDataRequestEventEx
 0001:00059B54       EurekaLog_CustomWebFieldsRequestEvent
 0001:000598C4       EurekaLog_ExceptionActionNotifyEvent
 0001:00059968       EurekaLog_ExceptionErrorNotifyEvent
 0001:0005977C       EurekaLog_ExceptionNotifyEvent
 0001:00059820       EurekaLog_HandledExceptionNotifyEvent
 0001:00073774       EurekaLog_LastDelphiException
 0001:00059668       EurekaLog_PasswordRequestEvent
 0001:000596AC       EurekaLog_PasswordRequestEventEx
 0002:000009BC       EVals
 0002:00000CF4       EVariablesOptions
 0001:0004181C       EWebTools
 0001:0002DF30       EWinSock
 0001:00001814       ExceptAddr
 0002:0000900C       ExceptClsProc
 0001:0000ECA8       ExceptHandler
 0001:0000E5FC       Exception.Create
 0001:0000E638       Exception.CreateFmt
 0001:0000E6B8       Exception.CreateRes
 0001:0000E6F4       Exception.CreateResFmt
 0002:0000C644       ExceptionActionNotify
 0002:0000901C       ExceptionClass
 0002:0000C68C       ExceptionCriticalSection
 0001:0000E388       ExceptionErrorMessage
 0002:0000C648       ExceptionErrorNotify
 0001:00052954       ExceptionLine
 0001:000785BC       ExceptionLog
 0001:00074ED8       ExceptionManager
 0002:0000C63C       ExceptionNotify
 0002:0000C6C4       ExceptionNumber
 0002:0000C7E8       ExceptionsTime
 0002:0000C7EC       ExceptionTime
 0001:000565B0       ExceptionTypeByAddr
 0002:00000278       ExceptMap
 0001:000723E0       ExceptNotify
 0001:000690B8       ExceptNotifyAfter1
 0001:000691B4       ExceptNotifyAfter2
 0001:000691C8       ExceptNotifyAfter3
 0001:000017F4       ExceptObject
 0002:00009010       ExceptObjProc
 0002:00009004       ExceptProc
 0001:00006194       ExcludeClipRect
 0001:0002643C       ExcludeLastBackslash
 0002:00000000       ExitCode
 0001:00003544       ExitDll
 0002:00009048       ExitProc
 0001:0000027C       ExitProcess
 0002:00009028       ExitProcessProc
 0002:00000150       ExitProcList
 0001:00005D2C       ExitThread
 0001:00000274       ExitThread
 0001:00041DC4       EXMLBuilder
 0001:0002511C       ExpandEnvVars
 0001:0000A778       ExpandFileName
 0001:0005A238       ExportedFunctions
 0001:0008825C       ExtActns
 0001:00087E6C       ExtCtrls
 0001:000880C8       ExtDlgs
 0001:00057BAC       ExtractDebugData
 0001:0000A664       ExtractFileDrive
 0001:0000A730       ExtractFileExt
 0001:00006C48       ExtractFileName
 0001:0000A6F8       ExtractFileName
 0001:0000A630       ExtractFilePath
 0001:0000A7B4       ExtractFilePathNoDrive
 0001:000753A8       ExtractGZipStream
 0001:00024BC0       ExtractList
 0001:0000A840       ExtractRelativePath
 0001:00057690       ExtractStr
 0001:00026024       ExtractStringsEx
 0001:0005CEE4       ExtractThreadByList
 0001:00043B64       ExtractValue
 0001:0000619C       ExtTextOut
 0001:00039B34       EZip
 0001:00038838       EZlib2
 0002:0000C9E0       fActive
 0002:00006E98       fActivePage
 0002:000097E0       FalseBoolStrs
 0002:0000C9FC       fBigFont
 0002:0000C9E4       fCaptionFont
 0002:0000D6EC       FClipboard
 0002:00000184       FCon1E18
 0002:0000C9D8       fDlgBack
 0001:0006C74C       FetchStr
 0002:0000C9EC       fFixedFont1
 0002:0000C9F0       fFixedFont2
 0001:0000A398       FileAge
 0001:0000A390       FileClose
 0001:0000A2F8       FileCreate
 0001:0000A2D4       FileCreate
 0001:0000AA78       FileDateToDateTime
 0001:0000A400       FileExists
 0002:000071B8       FileFormats
 0002:0000000C       FileMode
 0001:00001D58       FileNOPProc
 0001:0000A27C       FileOpen
 0001:0000A300       FileRead
 0002:000003FC       FilerSignature
 0001:0000A358       FileSeek
 0001:00005D34       FileTimeToDosDateTime
 0001:00005D3C       FileTimeToLocalFileTime
 0001:0000A32C       FileWrite
 0001:00000CF8       FillAfterGap
 0001:000588FC       FillAttachedList
 0001:00000CA4       FillBeforeGap
 0001:00000D90       FillerSizeAfterGap
 0001:00000D20       FillerSizeBeforeGap
 0001:000064D4       FillRect
 0001:00054ACC       FillThreadsCount
 0001:000CB21C       Finalization
 0001:00017094       Finalization
 0001:00082680       Finalization
 0001:000108A8       Finalization
 0001:00082640       Finalization
 0001:00017BA0       Finalization
 0001:000058A8       Finalization
 0001:00030BD0       Finalization
 0001:0001129C       Finalization
 0001:00005AD8       Finalization
 0001:00005B50       Finalization
 0001:0002F4E4       Finalization
 0001:0008A0A0       Finalization
 0001:00008D6C       Finalization
 0001:0002F3B0       Finalization
 0001:00084734       Finalization
 0001:000CF704       Finalization
 0001:0002DF00       Finalization
 0001:0002D9CC       Finalization
 0001:0002D920       Finalization
 0001:000846FC       Finalization
 0001:00017BF8       Finalization
 0001:000846C4       Finalization
 0001:00008A20       Finalization
 0001:0008468C       Finalization
 0001:000417CC       Finalization
 0001:0004E84C       Finalization
 0001:00041D94       Finalization
 0001:0008820C       Finalization
 0001:000CE030       Finalization
 0001:00087F68       Finalization
 0001:00084654       Finalization
 0001:00088038       Finalization
 0001:00029214       Finalization
 0001:000881B4       Finalization
 0001:000CF6CC       Finalization
 0001:0008461C       Finalization
 0001:00046194       Finalization
 0001:000845E4       Finalization
 0001:00090F18       Finalization
 0001:000845AC       Finalization
 0001:000B7EE8       Finalization
 0001:0008453C       Finalization
 0001:000B7E98       Finalization
 0001:000B7DF8       Finalization
 0001:00087E24       Finalization
 0001:00091080       Finalization
 0001:00024624       Finalization
 0001:00021D34       Finalization
 0001:00021BF0       Finalization
 0001:00087ED4       Finalization
 0001:00010AA8       Finalization
 0001:00091D04       Finalization
 0001:00081EC0       Finalization
 0001:00088098       Finalization
 0001:000474C0       Finalization
 0001:000AB990       Finalization
 0001:00083BB8       Finalization
 0001:00081D30       Finalization
 0001:000A5414       Finalization
 0001:000A3D0C       Finalization
 0001:000A29DC       Finalization
 0001:00083A0C       Finalization
 0001:00078400       Finalization
 0001:000788E4       Finalization
 0001:00006BD0       Finalization
 0001:00081A78       Finalization
 0001:00081898       Finalization
 0001:00087E9C       Finalization
 0001:000880E8       Finalization
 0001:000836B0       Finalization
 0001:00088150       Finalization
 0001:000836E8       Finalization
 0001:00038808       Finalization
 0001:00089550       Finalization
 0001:000859E0       Finalization
 0001:00039304       Finalization
 0001:00083668       Finalization
 0001:00039658       Finalization
 0001:000399B0       Finalization
 0001:00039B04       Finalization
 0001:00088264       Finalization
 0001:00016E78       Finalization
 0002:00009684       FinalizationProc
 0001:00004A9C       FinalizeArray
 0001:00003378       FinalizeUnits
 0001:000AA134       Find
 0001:00056C54       FindBetterMatch
 0001:00004D54       FindBS
 0001:00019E94       FindClass
 0001:00004CDC       FindClassHInstance
 0001:0000A4E8       FindClose
 0001:0000028C       FindClose
 0001:00005D44       FindClose
 0001:00000C74       FindCommitted
 0001:00094178       FindControl
 0001:000A0834       FindControlAtPos
 0001:00016D88       FindCustomVariantType
 0001:00016CD0       FindCustomVariantType
 0001:00095B44       FindDragTarget
 0001:00067630       FindEOFLine
 0001:0003B2B0       FindErrorMessage
 0001:0006CF78       FindException
 0001:0001E1F4       FindExistingComponent
 0001:0000A474       FindFirst
 0001:00005D4C       FindFirstFile
 0001:00000294       FindFirstFile
 0001:00005D54       FindFirstFileA
 0001:00054D68       FindFullPath
 0001:00057AA0       FindFunction
 0001:0001A280       FindGlobalComponent
 0001:000ADB18       FindGlobalComponent
 0002:000098B8       FindGlobalComponentProcs
 0001:0004F4C8       FindHandled
 0001:00004CB4       FindHInstance
 0001:0001A128       FindIdentToInt
 0001:00007730       FindLeakAddress
 0001:00007954       FindLeakClassName
 0001:00007688       FindLeakSons
 0001:000775F4       FindMainInstance
 0001:0000A410       FindMatchingFile
 0001:00053D88       FindModuleType
 0002:0000D6AC       FindMsg
 0001:0001D384       FindNestedComponent
 0001:0000A4C4       FindNext
 0001:00005D5C       FindNextFile
 0001:000075E4       FindNextValidLeak
 0001:0002A424       FindParam
 0001:000A637C       FindPopupControl
 0001:00010F64       FindProc
 0001:0002DB2C       FindProc
 0001:00054A18       FindProcess
 0001:00005D64       FindResource
 0001:00005D6C       FindResourceA
 0001:00004D2C       FindResourceHInstance
 0001:000B764C       FindScanline
 0001:0003AA14       FindSelected
 0001:000ADA70       FindTopMostWindow
 0001:0001F0D8       FindUniqueName
 0001:00016860       FindVarData
 0001:00095B10       FindVCLWindow
 0001:000064DC       FindWindow
 0001:00091AE4       FindWinHelp
 0001:0004F480       FirstProc
 0002:0000CA08       FixedFontName1
 0002:0000CA0C       FixedFontName2
 0002:0000CA00       FixedFontSize
 0002:0000CC44       FixedTmpOptionsFile
 0001:0007EC00       FixupBitFields
 0002:00007838       Flags
 0002:000097F0       FLanguages
 0001:00083A3C       FlatSB
 0002:0000D580       FlatSB_EnableScrollBar
 0002:0000D58C       FlatSB_GetScrollInfo
 0002:0000D590       FlatSB_GetScrollPos
 0002:0000D588       FlatSB_GetScrollRange
 0002:0000D598       FlatSB_SetScrollInfo
 0002:0000D594       FlatSB_SetScrollPos
 0001:0008372C       FlatSB_SetScrollProp
 0002:0000D59C       FlatSB_SetScrollRange
 0002:0000D584       FlatSB_ShowScrollBar
 0002:0000C9F4       fLinkFont
 0002:0000C9F8       fLinkFont2
 0002:0000CB84       fListViewItems
 0002:00006008       FloatingPointOpcodes
 0001:0000BBCC       FloatToDecimal
 0001:0000C024       FloatToStr
 0001:0000C054       FloatToStr
 0001:0000B600       FloatToText
 0001:0000B32C       FloatToText
 0001:0000B8D8       FloatToTextFmt
 0001:00001FBC       Flush
 0001:00005D74       FlushInstructionCache
 0002:0000C9DC       fMemoBack
 0002:0000CB64       fMonitor
 0002:0000CB6C       fMonitorInfo
 0002:0000019C       FMSecsPerDay
 0001:0000B228       FmtStr
 0002:00007854       FocusCount
 0002:00007850       FocusMessages
 0002:000070D4       FontCharsets
 0002:0000D510       FontManager
 0001:00074E24       ForceApplicationTermination
 0001:000264EC       ForceDirectoriesEx
 0001:00078348       ForceUseConstant
 0001:000ADAEC       ForegroundTask
 0002:0000D848       Form1
 0002:000001A4       Format
 0001:0000B214       Format
 0001:0000AE1C       FormatBuf
 0001:0000AE10       FormatClearStr
 0001:0006CB98       FormatComplete
 0001:0000D384       FormatDateTime
 0001:0000AD94       FormatError
 0002:0000017C       FormatErrorStrs
 0001:0000C0B8       FormatFloat
 0001:00005D7C       FormatMessage
 0001:000B81E8       FormatMessage
 0001:0002D2F8       FormatProcName
 0001:0000ADEC       FormatVarToStr
 0001:000B7E54       Forms
 0001:00002428       FPower10
 0002:00007210       FPrinter
 0001:00086C6C       Frame3D
 0001:000064E4       FrameRect
 0001:00007CA0       FreeAllLeaks
 0001:00010488       FreeAndNil
 0001:000518C8       FreeClonedObject
 0001:000009E0       FreeCommitted
 0001:00000F00       FreeCurAlloc
 0001:00095C04       FreeDeviceContext
 0001:00095CC0       FreeDeviceContexts
 0001:000219BC       FreeIntConstList
 0001:0000029C       FreeLibrary
 0001:00005D84       FreeLibrary
 0001:0007E75C       FreeMemoryContexts
 0001:00021AF0       FreeObjectInstance
 0001:000ADB98       FreeObjectInstance
 0001:00052600       FreeOutOfMemoryCache
 0001:00005DA4       FreeResource
 0001:000656A4       FreeScreenshot
 0001:00000660       FreeSpace
 0001:0000FFF4       FreeTerminateProcs
 0001:00083BF0       FreeThemeLibrary
 0002:0000C758       FreezeThread
 0002:0000D74C       FRichEditModule
 0002:0000CB68       fSendBmp
 0002:0000C618       FtpOpenFile
 0001:000411F4       FTPUploadFiles
 0002:0000C9E8       fVariableFont
 0001:0007BA50       GDICheck
 0001:0007B9A8       GDIError
 0001:000061A4       GdiFlush
 0001:00060698       GeneralDialogProc
 0001:00072B68       GeneralRaise
 0001:00050008       GeneralToRTF
 0001:000687C4       GenerateCustomWebFieldsString
 0001:00055F04       GenerateHTML
 0001:00040638       GenerateMultipartBoundary
 0001:0003C068       GenerateMultipartBoundary
 0001:00040774       GenerateRequestBody
 0001:0003C138       GenerateRequestBody
 0001:00001C44       Get8087CW
 0001:00005DAC       GetACP
 0001:0006A598       GetActiveControlClass
 0001:0006A5B0       GetActiveControlText
 0001:0006A4B8       GetActiveFormClass
 0001:0006A504       GetActiveFormText
 0001:0005D6B4       GetActiveMonitorData
 0001:000064EC       GetActiveWindow
 0001:0006B2A0       GetAdapterInfo
 0001:00054A98       GetAllocatedMemory
 0001:00057A80       GetAndSetFunctionSize
 0001:000B5320       GetAnimation
 0001:0006AE08       GetApplicationName
 0001:0005382C       GetApplicationRect
 0001:0006A498       GetApplicationUpTime
 0001:0002E668       GetAsmSize
 0001:00084B48       GetAveCharSize
 0001:0005B990       GetBaseOfStack
 0001:000061AC       GetBitmapBits
 0001:000003E0       GetBlockDesc
 0001:00062D7C       GetBottonWidth
 0001:000061B4       GetBrushOrgEx
 0001:000069C8       GetBValue
 0001:0005B86C       GetCallStackByAddresses
 0001:00052640       GetCallStackDump
 0001:000064F4       GetCapture
 0001:00094440       GetCaptureControl
 0001:00019E40       GetClass
 0001:000064FC       GetClassInfo
 0001:00006504       GetClassName
 0001:0000650C       GetClassNameA
 0001:00006514       GetClientRect
 0001:0000651C       GetClipboardData
 0001:0007D47C       GetClipboardFormats
 0001:000061BC       GetClipBox
 0001:0000037C       GetCmdShow
 0001:000A3EDC       GetColor
 0001:00047340       GetColumnAlign
 0001:00047314       GetColumnCount
 0001:00088B74       GetComCtlVersion
 0001:00005DBC       GetCommandLine
 0001:000002A4       GetCommandLine
 0001:0000082C       GetCommitted
 0001:000008BC       GetCommittedAt
 0001:0006C5F4       GetCompanyName
 0001:0006A43C       GetCompilationDate
 0001:0004FADC       GetCompleteTimeStr
 0001:00005DC4       GetComputerNameA
 0001:0009B2B4       GetControlAtPos
 0001:00071E58       GetControlClass
 0001:00071EB4       GetControlText
 0001:0000C81C       GetCount
 0001:00005DB4       GetCPInfo
 0001:000388E4       GetCRC16
 0001:0003889C       GetCRC32
 0001:0000AAE4       GetCurrentDir
 0001:000002AC       GetCurrentDirectory
 0001:000061C4       GetCurrentObject
 0001:000061CC       GetCurrentPositionEx
 0001:0006C8C4       GetCurrentPrinterHandle
 0001:00005DCC       GetCurrentProcess
 0001:00005DD4       GetCurrentProcessId
 0001:0005B998       GetCurrentStackPointer
 0001:00074ED0       GetCurrentStackPointer
 0002:0000D664       GetCurrentThemeName
 0001:00005DDC       GetCurrentThread
 0001:00005DE4       GetCurrentThreadId
 0001:0000036C       GetCurrentThreadId
 0001:0000693C       GetCurrentTime
 0001:000518E8       GetCurrentTopOfStack
 0001:0006C41C       GetCurrentUserPrivileges
 0001:00006524       GetCursor
 0001:000B765C       GetCursorHeightMargin
 0001:0000652C       GetCursorPos
 0001:000074BC       GetDataCaller
 0001:0000C848       GetDate
 0001:00005DEC       GetDateFormat
 0001:0000D514       GetDateOrder
 0001:00006534       GetDC
 0001:0000653C       GetDCEx
 0001:000061D4       GetDCOrgEx
 0001:0005B170       GetDebugDetail
 0001:00069330       GetDebugInfoEx
 0001:00057EA4       GetDebugInfosByAddr
 0001:0005786C       GetDebugPartialInfo
 0001:0006C7E0       GetDefaultPrinter
 0001:000814A8       GetDefFontCharSet
 0001:00006544       GetDesktopWindow
 0001:000061EC       GetDeviceCaps
 0001:00060AA8       GetDialogState
 0001:0007C9B0       GetDIB
 0001:000061DC       GetDIBColorTable
 0001:000061E4       GetDIBits
 0001:0007C8F8       GetDIBSizes
 0001:0007BBC0       GetDInColors
 0001:00005DF4       GetDiskFreeSpaceA
 0002:0000014C       GetDiskFreeSpaceEx
 0001:0006ABBC       GetDiskInfo
 0001:0006C328       GetDisplayDPI
 0001:0006B0BC       GetDisplayMode
 0001:0000654C       GetDlgItem
 0001:00030368       GetDNSList
 0001:000A1AEC       GetDockAlign
 0001:00094DE8       GetDockSiteAtPos
 0001:00030524       GetDomain
 0001:00030690       GetDomainName
 0001:00095114       GetDropCtl
 0001:0006DDA0       GetDump
 0001:00002AA8       GetDynaMethod
 0001:0006DC20       GetEAX
 0001:0006DC50       GetEBX
 0001:0006DC80       GetECX
 0001:0006DD10       GetEDI
 0001:0005C958       GetEditText
 0001:0006DCB0       GetEDX
 0001:00059EB0       GetEF
 0001:0004D240       GetEffectiveAddress
 0001:0006DD70       GetEIP
 0001:0006DFC4       GetEmptySection
 0001:000061F4       GetEnhMetaFileBits
 0001:000061FC       GetEnhMetaFileHeader
 0001:00006204       GetEnhMetaFilePaletteEntries
 0001:00017104       GetEnumName
 0001:000171DC       GetEnumNameValue
 0001:00017228       GetEnumValue
 0001:00005DFC       GetEnvironmentVariableA
 0001:00024FE0       GetEnvVariable
 0001:0000E0A4       GetEraNamesAndYearOffsets
 0001:0000D5A8       GetEraYearOffset
 0001:0006DCE0       GetESI
 0001:00052630       GetESP
 0001:0006DD40       GetESP
 0001:0002537C       GetEurekaLogDir
 0001:0005A774       GetEurekaLogModuleVersion
 0001:0006A7AC       GetExceptionAddress
 0001:0000E9F8       GetExceptionClass
 0001:0006A794       GetExceptionDate
 0001:0006A204       GetExceptionMessage
 0001:0006A7E0       GetExceptionModuleName
 0001:0006A8C4       GetExceptionModuleVersion
 0001:0000EBDC       GetExceptionObject
 0001:0006A948       GetExceptionType
 0001:0005BAA4       GetExceptMessage
 0001:00005E04       GetExitCodeProcess
 0001:00005E0C       GetExitCodeThread
 0001:00019DC8       GetFieldClassTable
 0001:0003A2B4       GetFieldValue
 0001:00005E14       GetFileAttributes
 0001:00005E1C       GetFileAttributesA
 0001:0003B244       GetFileContents
 0001:00040708       GetFileContents
 0001:0007D45C       GetFileFormats
 0001:000545A0       GetFileSize
 0001:000411B8       GetFileSize
 0001:00031350       GetFileSize
 0001:0000021C       GetFileSize
 0001:00000214       GetFileType
 0001:0000EE4C       GetFileVersion
 0001:0006B7CC       GetFileVersionEx
 0001:000060BC       GetFileVersionInfo
 0001:000060C4       GetFileVersionInfoA
 0001:000060CC       GetFileVersionInfoSize
 0001:000060D4       GetFileVersionInfoSizeA
 0001:00006554       GetFocus
 0001:00025230       GetFolder
 0001:0007A404       GetFontData
 0001:0000655C       GetForegroundWindow
 0001:0000F714       GetFormatSettings
 0001:0000701C       GetFramesCallStackDump
 0001:0006ACB0       GetFreeDisk
 0001:0006AB3C       GetFreeMemory
 0001:00005E24       GetFullPathName
 0001:00069610       GetFunctionAsm
 0001:0002E7A0       GetFunctionSize
 0001:00026258       GetGMT
 0001:000069C4       GetGValue
 0001:00005E2C       GetHandleInformation
 0001:00079970       GetHashCode
 0001:000B2898       GetHelpInfo
 0001:00082B00       GetHelpSystem
 0001:000B5104       GetHint
 0001:000B513C       GetHintControl
 0001:0002DDE0       gethostbyname
 0001:0002DE10       gethostname
 0001:000AB830       GetHotkey
 0001:0003B950       GetHTTPResponse
 0001:00040A44       GetHTTPResponse
 0001:00006564       GetIconInfo
 0001:0002D630       GetImageNtHeaders
 0001:0006B9C0       GetIndexKeyName
 0001:0006C780       GetIniDefPrinter
 0001:00072844       GetIntraWebExceptionType
 0001:00046280       GetItemRect
 0001:0005F9CC       GetItemText
 0001:0000657C       GetKeyboardLayout
 0001:00006584       GetKeyboardLayoutList
 0001:0000658C       GetKeyboardState
 0001:00002714       GetKeyboardType
 0001:0000656C       GetKeyNameText
 0001:00006574       GetKeyState
 0001:0006A748       GetLanguageString
 0001:00006594       GetLastActivePopup
 0001:0009FDB4       GetLastChildZone
 0001:00005E34       GetLastError
 0001:000002B4       GetLastError
 0001:000076E4       GetLeakCount
 0001:0003AC20       GetListDefault
 0001:0003A8A0       GetListValue
 0001:0000DD1C       GetLocaleChar
 0001:0006A61C       GetLocaleDataA
 0001:0006A5DC       GetLocaleDataW
 0001:0000FA8C       GetLocaleFormatSettings
 0001:00005E44       GetLocaleInfo
 0001:000002BC       GetLocaleInfo
 0001:00005E4C       GetLocaleInfoA
 0001:00005E54       GetLocaleInfoW
 0001:0000DEE0       GetLocaleMonthDayNames
 0001:0000DCD0       GetLocaleStr
 0001:00005E3C       GetLocalTime
 0001:000943FC       GetLongHint
 0001:00025C4C       GetLongNameFromShort
 0001:000174D4       GetLongStrProp
 0001:00053690       GetMainWindow
 0001:0000620C       GetMapMode
 0001:00039204       GetMD5
 0001:0006A9F0       GetMemInfo
 0001:000017BC       GetMemoryManager
 0001:0000659C       GetMenu
 0001:000B2820       GetMenuHelpContext
 0001:000065A4       GetMenuItemCount
 0001:000065AC       GetMenuItemID
 0001:000065B4       GetMenuItemInfo
 0001:000A8980       GetMenuSize
 0001:000065BC       GetMenuState
 0001:000065C4       GetMenuString
 0001:00017A78       GetMethodProp
 0001:000311F4       GetModifiedDate
 0001:00025BA8       GetModifiedDate
 0001:00054158       GetModuleDescriptionAndVersion
 0001:000002C4       GetModuleFileName
 0001:00005E5C       GetModuleFileName
 0001:00005E64       GetModuleFileNameA
 0001:000002CC       GetModuleHandle
 0001:00005E6C       GetModuleHandle
 0001:000059D0       GetModuleHandle
 0001:00005E74       GetModuleHandleA
 0001:00053F4C       GetModulePath
 0001:00054028       GetModuleSize
 0001:00054944       GetModulesList
 0001:000547B4       GetModulesWin9X
 0001:00054650       GetModulesWinNT
 0001:000540B8       GetModuleVer
 0001:00058A64       GetModule_ProcedureEvent
 0002:0000D548       GetMonitorInfo
 0002:0000D54C       GetMonitorInfoA
 0002:0000D550       GetMonitorInfoW
 0001:0005D910       GetMonitorWorkAreaFromActiveWnd
 0001:0005D8EC       GetMonitorWorkAreaFromWnd
 0001:0005D808       GetMonitorWorkAreaFromWndEx
 0001:0000DD80       GetMonthDayNames
 0001:000308BC       GetMXBestRecord
 0001:000307F4       GetMXRecord
 0001:000309AC       GetMXServerFromEmail
 0001:0006B648       GetNetworkData
 0001:000065CC       GetNextWindow
 0001:00006214       GetObject
 0001:000074D0       GetObjectCaller
 0001:00064D80       GetOptimizedPalette
 0001:0003AAFC       GetOptionsDefault
 0001:000083B0       GetOptionsFromExeFile
 0001:0003A6A0       GetOptionsValue
 0001:000172FC       GetOrdProp
 0001:0005131C       GetOSBuild
 0001:0006A77C       GetOSCharset
 0001:0006A770       GetOSLanguage
 0001:00050EF4       GetOSType
 0001:0006A5C8       GetOSUpdate
 0001:000525E4       GetOutOfMemoryCache
 0001:00064958       GetPaletteColors
 0001:0000621C       GetPaletteEntries
 0001:0006A3AC       GetParameters
 0001:00001A98       GetParamStr
 0001:000065D4       GetParent
 0001:000ADCEC       GetParentForm
 0001:0005546C       GetParentProcessID
 0001:0005C9B4       GetParentWnd
 0001:0005AAC4       GetPassword
 0001:00006224       GetPixel
 0001:0006C93C       GetPrinterStr
 0001:00005E7C       GetPriorityClass
 0001:00005E84       GetPrivateProfileStringA
 0001:000002D4       GetProcAddress
 0001:00005E8C       GetProcAddress
[...]
 19109 0001:00077E7B 19110 0001:00077E84 19112 0001:00077E89 19114 0001:00077E97
 19115 0001:00077E9C 19119 0001:00077EC6 19121 0001:00077ED3 19124 0001:00077EE7
 19125 0001:00077EF0 19127 0001:00077F18 19131 0001:00077F54 19135 0001:00077F5B
 19137 0001:00077F64 19138 0001:00077F69 19142 0001:00077F98 19149 0001:0007806C
 19150 0001:00078080 19151 0001:0007808E 19153 0001:000780A1 19154 0001:000780AB
 19156 0001:000780B5 19157 0001:000780C8 19159 0001:000780CF 19160 0001:000780D9
 19161 0001:000780E0 19162 0001:000780EA 19163 0001:000780F1 19164 0001:000780FB
 19165 0001:00078102 19166 0001:0007810C 19167 0001:00078113 19168 0001:0007811D
 19170 0001:00078124 19171 0001:00078129 19173 0001:00078134 19175 0001:00078146
 19176 0001:00078153 19178 0001:00078160 19180 0001:00078169 19181 0001:0007817C
 19186 0001:00078183 19187 0001:0007818C 19189 0001:0007819B 19190 0001:000781A5
 19191 0001:000781AC 19192 0001:000781B6 19193 0001:000781BD 19194 0001:000781C7
 19196 0001:000781CE 19197 0001:000781D8 19198 0001:000781E2 19199 0001:000781EC
 19200 0001:000781F6 19203 0001:000781FD 19205 0001:00078206 19206 0001:00078212
 19207 0001:0007821C 19210 0001:0007822F 19211 0001:00078239 19212 0001:00078240
 19213 0001:0007824A 19214 0001:00078251 19215 0001:0007825B 19217 0001:00078262
 19218 0001:00078272 19219 0001:00078283 19220 0001:00078293 19222 0001:000782A4
 19223 0001:000782B3 19230 0001:000782BA 19232 0001:000782C3 19233 0001:000782CE
 19234 0001:000782D8 19235 0001:000782E2 19243 0001:000782E9 19244 0001:000782EE
 19246 0001:00078302 19247 0001:0007830C 19248 0001:00078313 19250 0001:00078342
 19297 0001:00078348 19299 0001:0007835B 19300 0001:00078360 19301 0001:00078367
 19303 0001:0007836B 19304 0001:00078378 19306 0001:000783A3 19315 0001:000783EC
 19326 0001:00078400 19327 0001:0007842C 19329 0001:0007859C 19319 0001:000785BC
 19320 0001:000785E0 19321 0001:000785EF 19322 0001:000785F4 19323 0001:00078603
 19325 0001:0007861D

Line numbers for typdef(typdef.pas) segment .text

    15 0001:000B7EC8    15 0001:000B7ECF

Line numbers for uLkJSON(uLkJSON.pas) segment .text

   587 0001:000CB8C0   588 0001:000CB8C9   589 0001:000CB8DF   590 0001:000CB8E7
   591 0001:000CB939   592 0001:000CB945   594 0001:000CB9CB   595 0001:000CB9D7
   598 0001:000CBA8C   604 0001:000CBA94   605 0001:000CBA96   609 0001:000CBA98
   610 0001:000CBA9A   613 0001:000CBA9C   614 0001:000CBAB0   615 0001:000CBAC7
   618 0001:000CBACC   619 0001:000CBACF   620 0001:000CBAD6   624 0001:000CBAD8
   625 0001:000CBADA   628 0001:000CBADC   629 0001:000CBADF   630 0001:000CBAEB
   636 0001:000CBB00   641 0001:000CBB04   646 0001:000CBB08   647 0001:000CBB0B
   648 0001:000CBB12   649 0001:000CBB1E   653 0001:000CBB20   654 0001:000CBB23
   655 0001:000CBB2F   656 0001:000CBB43   659 0001:000CBB48   660 0001:000CBB4E
   661 0001:000CBB58   665 0001:000CBB5C   666 0001:000CBB5E   669 0001:000CBB60
   670 0001:000CBB63   671 0001:000CBB6F   674 0001:000CBB88   675 0001:000CBBA5
   676 0001:000CBBDC   681 0001:000CBBE4   682 0001:000CBBE7   683 0001:000CBBEE
   684 0001:000CBBF6   688 0001:000CBBF8   689 0001:000CBBFC   690 0001:000CBC0A
   691 0001:000CBC16   694 0001:000CBC1C   695 0001:000CBC22   696 0001:000CBC2C
   700 0001:000CBC30   701 0001:000CBC32   704 0001:000CBC34   705 0001:000CBC37
   706 0001:000CBC43   709 0001:000CBC5C   710 0001:000CBC75   711 0001:000CBCA7
   717 0001:000CBCAC   718 0001:000CBCB0   722 0001:000CBCB4   723 0001:000CBCCF
   724 0001:000CBCDD   725 0001:000CBD10   728 0001:000CBD18   729 0001:000CBD1E
   730 0001:000CBD28   734 0001:000CBD2C   735 0001:000CBD2E   738 0001:000CBD30
   739 0001:000CBD33   740 0001:000CBD3F   743 0001:000CBD58   744 0001:000CBD5E
   745 0001:000CBD68   755 0001:000CBD6C   756 0001:000CBD6F   757 0001:000CBD76
   761 0001:000CBD78   762 0001:000CBD7A   765 0001:000CBD7C   766 0001:000CBD7F
   767 0001:000CBD8B   773 0001:000CBDA0   775 0001:000CBDA4   776 0001:000CBDA7
   778 0001:000CBDA8   779 0001:000CBDB0   782 0001:000CBDB4   783 0001:000CBDB7
   784 0001:000CBDBE   785 0001:000CBDCD   790 0001:000CBDD0   791 0001:000CBDD4
   792 0001:000CBDF2   793 0001:000CBDFA   794 0001:000CBE01   801 0001:000CBE04
   802 0001:000CBE0C   804 0001:000CBE1B   805 0001:000CBE29   806 0001:000CBE38
   807 0001:000CBE3F   809 0001:000CBE43   810 0001:000CBE57   814 0001:000CBE63
   817 0001:000CBE6C   820 0001:000CBE74   821 0001:000CBE7A   823 0001:000CBE89
   827 0001:000CBE8E   829 0001:000CBE98   833 0001:000CBE9C   834 0001:000CBEA2
   838 0001:000CBEA4   839 0001:000CBEAC   843 0001:000CBEB0   844 0001:000CBEB9
   846 0001:000CBEC8   847 0001:000CBED6   848 0001:000CBEE5   850 0001:000CBEF1
   877 0001:000CBEF8   878 0001:000CBF22   880 0001:000CBF2E   881 0001:000CBF36
   885 0001:000CBF43   887 0001:000CBF6E   891 0001:000CBF78   892 0001:000CBF94
   893 0001:000CBFA8   894 0001:000CBFD2   899 0001:000CBFD8   900 0001:000CBFF7
   901 0001:000CC00D   902 0001:000CC01B   903 0001:000CC050   908 0001:000CC058
   909 0001:000CC075   910 0001:000CC08B   911 0001:000CC093   912 0001:000CC0CF
   917 0001:000CC0D8   918 0001:000CC0FA   919 0001:000CC110   920 0001:000CC11D
   921 0001:000CC14D   926 0001:000CC154   927 0001:000CC176   928 0001:000CC18C
   929 0001:000CC199   930 0001:000CC1C9   935 0001:000CC1D0   936 0001:000CC1ED
   937 0001:000CC203   938 0001:000CC20B   939 0001:000CC23D   944 0001:000CC244
   945 0001:000CC247   946 0001:000CC24E   947 0001:000CC253   948 0001:000CC25B
   951 0001:000CC260   952 0001:000CC263   953 0001:000CC26B   955 0001:000CC272
   956 0001:000CC277   958 0001:000CC27C   959 0001:000CC283  1023 0001:000CC288
  1024 0001:000CC28A  1027 0001:000CC28C  1028 0001:000CC28F  1029 0001:000CC29B
  1038 0001:000CC2B0  1039 0001:000CC2BA  1041 0001:000CC2BE  1042 0001:000CC2C1
  1044 0001:000CC2C3  1045 0001:000CC2D1  1046 0001:000CC2DB  1047 0001:000CC2DE
  1048 0001:000CC2E9  1052 0001:000CC2EF  1054 0001:000CC2FD  1090 0001:000CC304
  1091 0001:000CC325  1092 0001:000CC331  1094 0001:000CC336  1099 0001:000CC33A
  1100 0001:000CC344  1102 0001:000CC366  1108 0001:000CC36C  1109 0001:000CC378
  1111 0001:000CC37E  1112 0001:000CC386  1115 0001:000CC397  1116 0001:000CC3A3
  1118 0001:000CC3B0  1119 0001:000CC3B4  1121 0001:000CC3B6  1112 0001:000CC3B7
  1125 0001:000CC3BC  1127 0001:000CC3CF  1170 0001:000CC3D8  1171 0001:000CC3E1
  1172 0001:000CC3F8  1176 0001:000CC3FC  1177 0001:000CC426  1178 0001:000CC472
  1182 0001:000CC478  1183 0001:000CC482  1184 0001:000CC4A4  1193 0001:000CC4AC
  1194 0001:000CC4AE  1197 0001:000CC4B0  1198 0001:000CC4B3  1199 0001:000CC4BF
  1204 0001:000CC4D8  1205 0001:000CC4F1  1206 0001:000CC4FD  1208 0001:000CC509
  1212 0001:000CC517  1214 0001:000CC538  1219 0001:000CC540  1220 0001:000CC549
  1222 0001:000CC558  1226 0001:000CC561  1227 0001:000CC577  1229 0001:000CC581
  1245 0001:000CC588  1246 0001:000CC5A4  1247 0001:000CC5BA  1248 0001:000CC5E4
  1251 0001:000CC5EC  1252 0001:000CC61B  1253 0001:000CC627  1255 0001:000CC640
  1256 0001:000CC673  1268 0001:000CC67C  1269 0001:000CC695  1270 0001:000CC69E
  1275 0001:000CC6A1  1277 0001:000CC6C9  1280 0001:000CC6D0  1281 0001:000CC6DB
  1282 0001:000CC6E9  1283 0001:000CC700  1288 0001:000CC704  1289 0001:000CC723
  1290 0001:000CC739  1291 0001:000CC747  1292 0001:000CC77C  1297 0001:000CC784
  1298 0001:000CC7A1  1299 0001:000CC7B7  1300 0001:000CC7BF  1301 0001:000CC7FB
  1306 0001:000CC804  1307 0001:000CC826  1308 0001:000CC83C  1309 0001:000CC849
  1310 0001:000CC879  1315 0001:000CC880  1316 0001:000CC8A2  1317 0001:000CC8B8
  1318 0001:000CC8C5  1319 0001:000CC8F5  1360 0001:000CC8FC  1361 0001:000CC919
  1362 0001:000CC92F  1363 0001:000CC937  1364 0001:000CC969  1481 0001:000CC970
  1482 0001:000CC974  1483 0001:000CC979  1485 0001:000CC982  1486 0001:000CC98F
  1487 0001:000CC997  1491 0001:000CC9A5  1492 0001:000CC9B8  1494 0001:000CC9CA
  1495 0001:000CC9D0  1496 0001:000CC9DC  1499 0001:000CC9E0  1500 0001:000CC9E6
  1501 0001:000CC9FE  1502 0001:000CCA06  1503 0001:000CCA0C  1508 0001:000CCA10
  1509 0001:000CCA36  1511 0001:000CCA49  1512 0001:000CCA5D  1513 0001:000CCA68
  1514 0001:000CCA6A  1509 0001:000CCA6B  1515 0001:000CCA8B  1522 0001:000CCA94
  1523 0001:000CCAB1  1524 0001:000CCAB9  1527 0001:000CCACA  1535 0001:000CCAF7
  1537 0001:000CCB0C  1538 0001:000CCB17  1539 0001:000CCB1C  1542 0001:000CCB2D
  1545 0001:000CCB68  1546 0001:000CCB74  1548 0001:000CCB8A  1549 0001:000CCB9E
  1550 0001:000CCBB2  1551 0001:000CCBC3  1552 0001:000CCBD4  1554 0001:000CCBE5
  1555 0001:000CCBF0  1557 0001:000CCC24  1559 0001:000CCC35  1540 0001:000CCC36
  1561 0001:000CCC46  1563 0001:000CCC57  1565 0001:000CCC68  1566 0001:000CCC6E
  1568 0001:000CCC82  1570 0001:000CCC96  1572 0001:000CCCA7  1574 0001:000CCCBB
  1576 0001:000CCCCC  1577 0001:000CCCD8  1578 0001:000CCCE0  1580 0001:000CCCE9
  1581 0001:000CCCF9  1582 0001:000CCD0C  1578 0001:000CCD0D  1583 0001:000CCD10
  1585 0001:000CCD21  1587 0001:000CCD32  1588 0001:000CCD40  1589 0001:000CCD4F
  1590 0001:000CCD5F  1591 0001:000CCD6C  1592 0001:000CCD78  1594 0001:000CCD92
  1597 0001:000CCDA8  1599 0001:000CCDB9  1600 0001:000CCDC5  1601 0001:000CCDCD
  1603 0001:000CCDD6  1604 0001:000CCDE6  1605 0001:000CCDF9  1601 0001:000CCDFA
  1606 0001:000CCDFD  1608 0001:000CCE33  1611 0001:000CCEB4  1613 0001:000CCEE2
  1614 0001:000CCEF2  1617 0001:000CCEF9  1618 0001:000CCEFE  1619 0001:000CCF05
  1620 0001:000CCF0E  1621 0001:000CCF17  1622 0001:000CCF21  1626 0001:000CCF4F
  1640 0001:000CCF58  1641 0001:000CCF5E  1642 0001:000CCF6E  1647 0001:000CCF74
  1649 0001:000CCF7C  1648 0001:000CCF7E  1650 0001:000CCF9E  1655 0001:000CCFA4
  1656 0001:000CCFAA  1658 0001:000CCFAF  1662 0001:000CCFB6  1664 0001:000CCFC7
  1666 0001:000CCFD0  1668 0001:000CCFE1  1670 0001:000CCFEC  1672 0001:000CCFFD
  1673 0001:000CD006  1677 0001:000CD00E  1681 0001:000CD01E  1687 0001:000CD024
  1688 0001:000CD04A  1689 0001:000CD057  1691 0001:000CD07D  1692 0001:000CD07F
  1693 0001:000CD087  1694 0001:000CD096  1695 0001:000CD09D  1697 0001:000CD0A9
  1699 0001:000CD0CF  1700 0001:000CD0D1  1701 0001:000CD0D9  1702 0001:000CD0E8
  1703 0001:000CD0EF  1707 0001:000CD0FB  1709 0001:000CD121  1715 0001:000CD148
  1716 0001:000CD16B  1717 0001:000CD178  1719 0001:000CD19E  1720 0001:000CD1A0
  1721 0001:000CD1A8  1722 0001:000CD1B7  1726 0001:000CD1C3  1728 0001:000CD1E4
  1731 0001:000CD1FC  1732 0001:000CD206  1735 0001:000CD20A  1736 0001:000CD20C
  1733 0001:000CD20D  1738 0001:000CD22D  1739 0001:000CD235  1749 0001:000CD23C
  1750 0001:000CD263  1751 0001:000CD26F  1752 0001:000CD27D  1753 0001:000CD285
  1755 0001:000CD299  1756 0001:000CD29B  1758 0001:000CD2A9  1759 0001:000CD2B1
  1760 0001:000CD2C1  1761 0001:000CD2C9  1763 0001:000CD2E8  1764 0001:000CD2EA
  1765 0001:000CD2FA  1767 0001:000CD302  1769 0001:000CD326  1770 0001:000CD328
  1771 0001:000CD34E  1772 0001:000CD35E  1774 0001:000CD362  1775 0001:000CD366
  1776 0001:000CD375  1778 0001:000CD38A  1785 0001:000CD3A2  1786 0001:000CD3AD
  1787 0001:000CD3D0  1798 0001:000CD3D8  1799 0001:000CD3F6  1800 0001:000CD404
  1801 0001:000CD408  1804 0001:000CD416  1807 0001:000CD426  1809 0001:000CD431
  1810 0001:000CD432  1811 0001:000CD48F  1812 0001:000CD4A0  1813 0001:000CD4B1
  1814 0001:000CD4C2  1815 0001:000CD4D3  1816 0001:000CD4E4  1817 0001:000CD4F5
  1818 0001:000CD503  1819 0001:000CD511  1822 0001:000CD51F  1823 0001:000CD55C
  1828 0001:000CD561  1829 0001:000CD577  1830 0001:000CD578  1832 0001:000CD5B1
  1839 0001:000CD630  1840 0001:000CD658  1842 0001:000CD665  1843 0001:000CD68F
  1845 0001:000CD699  1846 0001:000CD69C  1848 0001:000CD69F  1850 0001:000CD6A3
  1851 0001:000CD6A5  1854 0001:000CD6A9  1855 0001:000CD6BC  1856 0001:000CD6CF
  1852 0001:000CD6D0  1859 0001:000CD6E3  1861 0001:000CD6E7  1862 0001:000CD6EB
  1865 0001:000CD6ED  1867 0001:000CD6F5  1868 0001:000CD70C  1869 0001:000CD70F
  1874 0001:000CD715  1876 0001:000CD718  1878 0001:000CD71E  1879 0001:000CD734
  1881 0001:000CD737  1885 0001:000CD746  1887 0001:000CD754  1888 0001:000CD75F
  1889 0001:000CD78C  1895 0001:000CD794  1896 0001:000CD7AA  1897 0001:000CD7AE
  1898 0001:000CD7BC  1899 0001:000CD7CB  1900 0001:000CD7D8  1901 0001:000CD7E8
  1902 0001:000CD7F8  1903 0001:000CD806  1904 0001:000CD816  1907 0001:000CD81B
  1908 0001:000CD828  1905 0001:000CD848  1910 0001:000CD85F  1911 0001:000CD86C
  1912 0001:000CD892  1913 0001:000CD89F  1915 0001:000CD8AF  1917 0001:000CD8B5
  1921 0001:000CD8BF  1922 0001:000CD8CA  1925 0001:000CD8DD  1932 0001:000CD8E4
  1933 0001:000CD8F3  1934 0001:000CD8F7  1935 0001:000CD905  1936 0001:000CD90A
  1937 0001:000CD919  1938 0001:000CD926  1939 0001:000CD936  1940 0001:000CD946
  1941 0001:000CD95C  1942 0001:000CD96C  1943 0001:000CD979  1944 0001:000CD9A3
  1945 0001:000CD9B0  1946 0001:000CD9B3  1947 0001:000CD9C4  1949 0001:000CD9E7
  1950 0001:000CD9F5  1952 0001:000CD9FB  1953 0001:000CDA06  1957 0001:000CDA10
  1960 0001:000CDA23  1966 0001:000CDA28  1967 0001:000CDA3E  1968 0001:000CDA42
  1969 0001:000CDA50  1970 0001:000CDA61  1971 0001:000CDA6E  1972 0001:000CDA7E
  1973 0001:000CDA8E  1974 0001:000CDA9C  1975 0001:000CDAAC  1978 0001:000CDAB1
  1979 0001:000CDABE  1976 0001:000CDADE  1981 0001:000CDAF5  1982 0001:000CDB02
  1983 0001:000CDB28  1984 0001:000CDB35  1986 0001:000CDB45  1988 0001:000CDB4B
  1992 0001:000CDB55  1993 0001:000CDB60  1996 0001:000CDB73  2000 0001:000CDB78
  2001 0001:000CDB85  2002 0001:000CDB92  2003 0001:000CDBA4  2004 0001:000CDBBA
  2005 0001:000CDBD0  2006 0001:000CDBE6  2007 0001:000CDBFC  2008 0001:000CDC12
  2009 0001:000CDC1B  2013 0001:000CDC20  2015 0001:000CDC56  2016 0001:000CDC66
  2019 0001:000CDC6D  2020 0001:000CDC75  2021 0001:000CDC7F  2022 0001:000CDC8D
  2024 0001:000CDC97  2026 0001:000CDCC3  2028 0001:000CDCCA  2030 0001:000CDCE4
  2032 0001:000CDD1B  2034 0001:000CDD6B  2422 0001:000CDD80  2423 0001:000CDD86
  2424 0001:000CDD9F  2425 0001:000CDDB9  2426 0001:000CDDC1  2427 0001:000CDDCE
  2429 0001:000CDDD4  2430 0001:000CDDDB  2431 0001:000CDDF0  2432 0001:000CDDFC
  2433 0001:000CDE08  2441 0001:000CDE0C  2442 0001:000CDE1F  2443 0001:000CDE28
  2444 0001:000CDE3D  2445 0001:000CDE3F  2446 0001:000CDE42  2447 0001:000CDE46
  2448 0001:000CDE49  2449 0001:000CDE66  2541 0001:000CDE6C  2542 0001:000CDE77
  2543 0001:000CDE7E  2544 0001:000CDE8C  2545 0001:000CDEA3  2550 0001:000CDEA8
  2551 0001:000CDEB0  2552 0001:000CDEB3  2555 0001:000CDEB8  2556 0001:000CDEC9
  2557 0001:000CDED9  2553 0001:000CDEDC  2559 0001:000CDEE8  2564 0001:000CDEF0
  2565 0001:000CDEF7  2567 0001:000CDF04  2568 0001:000CDF16  2569 0001:000CDF21
  2570 0001:000CDF31  2571 0001:000CDF3E  2572 0001:000CDF4C  2573 0001:000CDF52
  2577 0001:000CDF56  2578 0001:000CDF68  2579 0001:000CDF78  2580 0001:000CDF8A
  2581 0001:000CDF9D  2582 0001:000CDF9F  2583 0001:000CDFAC  2585 0001:000CDFBB
  2587 0001:000CDFC0  2588 0001:000CDFCF  2589 0001:000CDFDC  2594 0001:000CDFE0
  2595 0001:000CDFE1  2597 0001:000CDFEF  2598 0001:000CDFF1  2599 0001:000CDFF3
  2600 0001:000CDFFA  2602 0001:000CDFFF  2607 0001:000CE004  2608 0001:000CE005
  2610 0001:000CE017  2611 0001:000CE019  2612 0001:000CE01B  2613 0001:000CE022
  2614 0001:000CE026  2616 0001:000CE02B  2619 0001:000CE060  2625 0001:000CE067

Line numbers for publish(publish.pas) segment .text

    85 0001:000CE4AC    86 0001:000CE4CB    88 0001:000CE4CF    89 0001:000CE4D1
    91 0001:000CE4D6    92 0001:000CE4E4    93 0001:000CE4F2    94 0001:000CE507
    95 0001:000CE521    96 0001:000CE53F    98 0001:000CE54E    99 0001:000CE567
   104 0001:000CE576   105 0001:000CE57D   106 0001:000CE5B3   112 0001:000CE600
   113 0001:000CE608   114 0001:000CE616   115 0001:000CE624   116 0001:000CE630
   117 0001:000CE63D   118 0001:000CE655   119 0001:000CE65C   120 0001:000CE663
   121 0001:000CE671   134 0001:000CE68C   135 0001:000CE6AE   136 0001:000CE6B5
   138 0001:000CE6C7   140 0001:000CE6CF   143 0001:000CE6E0   146 0001:000CE6F7
   149 0001:000CE70E   152 0001:000CE725   154 0001:000CE73C   156 0001:000CE749
   157 0001:000CE75D   159 0001:000CE761   161 0001:000CE776   162 0001:000CE788
   165 0001:000CE794   166 0001:000CE7A5   167 0001:000CE7B5   168 0001:000CE7C7
   169 0001:000CE7D6   170 0001:000CE7E6   171 0001:000CE806   172 0001:000CE81F
   173 0001:000CE83A   174 0001:000CE854   175 0001:000CE863   176 0001:000CE87D
   178 0001:000CE885   180 0001:000CE894   181 0001:000CE8B5   178 0001:000CE8B8
   182 0001:000CE8BB   185 0001:000CE8CB   186 0001:000CE8DC   187 0001:000CE8EC
   188 0001:000CE8FE   189 0001:000CE90D   190 0001:000CE91D   191 0001:000CE93D
   192 0001:000CE956   193 0001:000CE971   194 0001:000CE98B   195 0001:000CE99A
   196 0001:000CE9B4   198 0001:000CE9BC   200 0001:000CE9CB   201 0001:000CE9EC
   198 0001:000CE9EF   202 0001:000CE9F2   204 0001:000CEA02   205 0001:000CEA0A
   207 0001:000CEA17   208 0001:000CEA76   244 0001:000CEB64   245 0001:000CEB87
   246 0001:000CEB95   247 0001:000CEBA3   248 0001:000CEBB1   249 0001:000CEBBE
   250 0001:000CEBCB   253 0001:000CEBE3   254 0001:000CEBFC   255 0001:000CEC1B
   256 0001:000CEC34   257 0001:000CEC4D   258 0001:000CEC63   259 0001:000CEC7C
   260 0001:000CEC92   263 0001:000CECA8   264 0001:000CECC1   265 0001:000CECE0
   266 0001:000CECF9   267 0001:000CED12   268 0001:000CED21   271 0001:000CED32
   272 0001:000CED36   274 0001:000CED3D   278 0001:000CED4F   279 0001:000CED5B
   280 0001:000CED6B   281 0001:000CED7B   282 0001:000CED97   283 0001:000CEDA8
   284 0001:000CEDB6   285 0001:000CEDC5   290 0001:000CEDE5   291 0001:000CEDF5
   292 0001:000CEE05   293 0001:000CEE15   294 0001:000CEE31   295 0001:000CEE42
   296 0001:000CEE50   297 0001:000CEE5F   300 0001:000CEE7F   301 0001:000CEE8F
   302 0001:000CEE9F   303 0001:000CEEAF   304 0001:000CEEBE   305 0001:000CEECD
   306 0001:000CEEDC   307 0001:000CEEEB   308 0001:000CEEFA   309 0001:000CEF09
   310 0001:000CEF1A   311 0001:000CEF28   312 0001:000CEF37   315 0001:000CEF57
   318 0001:000CEF87   319 0001:000CEF97   320 0001:000CEFA7   321 0001:000CEFB7
   322 0001:000CEFC6   323 0001:000CEFD5   324 0001:000CEFE4   325 0001:000CEFF5
   326 0001:000CF003   327 0001:000CF012   330 0001:000CF032   331 0001:000CF042
   332 0001:000CF052   333 0001:000CF062   334 0001:000CF071   335 0001:000CF080
   336 0001:000CF091   337 0001:000CF09F   338 0001:000CF0AE   341 0001:000CF0CE
   342 0001:000CF0DE   343 0001:000CF0EE   344 0001:000CF0FE   345 0001:000CF10D
   346 0001:000CF11E   347 0001:000CF12C   348 0001:000CF13B   351 0001:000CF15B
   352 0001:000CF16B   353 0001:000CF17B   354 0001:000CF18B   355 0001:000CF19C
   356 0001:000CF1AA   357 0001:000CF1B9   360 0001:000CF1D9   361 0001:000CF1E0
   362 0001:000CF222   373 0001:000CF440   375 0001:000CF458   376 0001:000CF46A
   377 0001:000CF476   378 0001:000CF486   379 0001:000CF496   380 0001:000CF4A7
   381 0001:000CF4B5   382 0001:000CF4C4   384 0001:000CF4E4   385 0001:000CF4EB
   386 0001:000CF513   398 0001:000CF550   399 0001:000CF56E   400 0001:000CF57D
   402 0001:000CF58E   403 0001:000CF5A0   404 0001:000CF5AC   405 0001:000CF5BC
   406 0001:000CF5CC   407 0001:000CF5DB   408 0001:000CF5EA   409 0001:000CF5FB
   410 0001:000CF609   411 0001:000CF618   413 0001:000CF638   414 0001:000CF63F
   415 0001:000CF667   417 0001:000CF6FC   417 0001:000CF703

Line numbers for Project2(E:\delphi_demo\rtmp_d\Project2.dpr) segment .text

    10 0001:000CF9CC    11 0001:000CF9DC    12 0001:000CF9E8    13 0001:000CFA00
    14 0001:000CFA0C

Bound resource files

C:\Program Files (x86)\EurekaLab\EurekaLog 6\Delphi7\DIALOG.RES
c:\program files (x86)\borland\delphi7\\Lib\Buttons.res
c:\program files (x86)\borland\delphi7\\Lib\ExtDlgs.res
c:\program files (x86)\borland\delphi7\\Lib\Controls.res
publish.dfm
Project2.res
Project2.drf


Program entry point at 0001:000CF9CC
