
 Start         Length     Name                   Class
 0001:00000000 000B284CH .text                   CODE
 0002:00000000 00007D8CH .data                   DATA
 0002:00007D8C 00004845H .bss                    BSS


Detailed map of segments

 0001:00000000 00005997 C=CODE     S=.text    G=(none)   M=System   ACBP=A9
 0001:00005998 00000140 C=CODE     S=.text    G=(none)   M=SysInit  ACBP=A9
 0001:00005AD8 00000078 C=CODE     S=.text    G=(none)   M=Types    ACBP=A9
 0001:00005B50 00001068 C=CODE     S=.text    G=(none)   M=Windows  ACBP=A9
 0001:00006BB8 00001E63 C=CODE     S=.text    G=(none)   M=ELeaks   ACBP=A9
 0001:00008A1C 00000338 C=CODE     S=.text    G=(none)   M=SysConst ACBP=A9
 0001:00008D54 000072C0 C=CODE     S=.text    G=(none)   M=SysUtils ACBP=A9
 0001:00010014 00000038 C=CODE     S=.text    G=(none)   M=Messages ACBP=A9
 0001:0001004C 000007FB C=CODE     S=.text    G=(none)   M=VarUtils ACBP=A9
 0001:00010848 00002A42 C=CODE     S=.text    G=(none)   M=Variants ACBP=A9
 0001:0001328C 00000130 C=CODE     S=.text    G=(none)   M=RTLConsts ACBP=A9
 0001:000133BC 00000B2C C=CODE     S=.text    G=(none)   M=TypInfo  ACBP=A9
 0001:00013EE8 00000038 C=CODE     S=.text    G=(none)   M=ActiveX  ACBP=A9
 0001:00013F20 0000A0DA C=CODE     S=.text    G=(none)   M=Classes  ACBP=A9
 0001:0001DFFC 00000038 C=CODE     S=.text    G=(none)   M=ETypes   ACBP=A9
 0001:0001E034 00002944 C=CODE     S=.text    G=(none)   M=EConsts  ACBP=A9
 0001:00020978 00004C08 C=CODE     S=.text    G=(none)   M=ECore    ACBP=A9
 0001:00025580 0000470C C=CODE     S=.text    G=(none)   M=EDebug   ACBP=A9
 0001:00029C8C 00000040 C=CODE     S=.text    G=(none)   M=ShellAPI ACBP=A9
 0001:00029CCC 00000534 C=CODE     S=.text    G=(none)   M=EWinSock ACBP=A9
 0001:0002A200 000014FC C=CODE     S=.text    G=(none)   M=EHook    ACBP=A9
 0001:0002B6FC 000000E8 C=CODE     S=.text    G=(none)   M=ELang    ACBP=A9
 0001:0002B7E4 00001740 C=CODE     S=.text    G=(none)   M=ESockets ACBP=A9
 0001:0002CF24 00007BE4 C=CODE     S=.text    G=(none)   M=EZlib2   ACBP=A9
 0001:00034B08 00000AFC C=CODE     S=.text    G=(none)   M=EHash    ACBP=A9
 0001:00035604 00000354 C=CODE     S=.text    G=(none)   M=EEncrypt ACBP=A9
 0001:00035958 00000358 C=CODE     S=.text    G=(none)   M=EBase64  ACBP=A9
 0001:00035CB0 00000154 C=CODE     S=.text    G=(none)   M=EZip     ACBP=A9
 0001:00035E04 00007CE8 C=CODE     S=.text    G=(none)   M=EWebTools ACBP=A9
 0001:0003DAEC 000005A8 C=CODE     S=.text    G=(none)   M=EXMLBuilder ACBP=A9
 0001:0003E094 0000440C C=CODE     S=.text    G=(none)   M=ELogManager ACBP=A9
 0001:000424A0 00001320 C=CODE     S=.text    G=(none)   M=EListView ACBP=A9
 0001:000437C0 000073F8 C=CODE     S=.text    G=(none)   M=EDisAsm  ACBP=A9
 0001:0004ABB8 00029D4C C=CODE     S=.text    G=(none)   M=ExceptionLog ACBP=A9
 0001:00074904 000002C8 C=CODE     S=.text    G=(none)   M=Consts   ACBP=A9
 0001:00074BCC 00008E0F C=CODE     S=.text    G=(none)   M=Graphics ACBP=A9
 0001:0007D9DC 00000048 C=CODE     S=.text    G=(none)   M=Math     ACBP=A9
 0001:0007DA24 000002B8 C=CODE     S=.text    G=(none)   M=Contnrs  ACBP=A9
 0001:0007DCDC 000000F4 C=CODE     S=.text    G=(none)   M=CommCtrl ACBP=A9
 0001:0007DDD0 00000787 C=CODE     S=.text    G=(none)   M=MultiMon ACBP=A9
 0001:0007E558 00000038 C=CODE     S=.text    G=(none)   M=Imm      ACBP=A9
 0001:0007E590 00000FF8 C=CODE     S=.text    G=(none)   M=HelpIntfs ACBP=A9
 0001:0007F588 00000038 C=CODE     S=.text    G=(none)   M=WinSpool ACBP=A9
 0001:0007F5C0 00000044 C=CODE     S=.text    G=(none)   M=Printers ACBP=A9
 0001:0007F604 0000031F C=CODE     S=.text    G=(none)   M=FlatSB   ACBP=A9
 0001:0007F924 000001A4 C=CODE     S=.text    G=(none)   M=SyncObjs ACBP=A9
 0001:0007FAC8 000009BB C=CODE     S=.text    G=(none)   M=UxTheme  ACBP=A9
 0001:00080484 00000038 C=CODE     S=.text    G=(none)   M=RichEdit ACBP=A9
 0001:000804BC 00000038 C=CODE     S=.text    G=(none)   M=ToolWin  ACBP=A9
 0001:000804F4 00000038 C=CODE     S=.text    G=(none)   M=RegStr   ACBP=A9
 0001:0008052C 00000038 C=CODE     S=.text    G=(none)   M=WinInet  ACBP=A9
 0001:00080564 00000038 C=CODE     S=.text    G=(none)   M=UrlMon   ACBP=A9
 0001:0008059C 00000038 C=CODE     S=.text    G=(none)   M=ShlObj   ACBP=A9
 0001:000805D4 00000038 C=CODE     S=.text    G=(none)   M=CommDlg  ACBP=A9
 0001:0008060C 00000038 C=CODE     S=.text    G=(none)   M=Dlgs     ACBP=A9
 0001:00080644 0000130D C=CODE     S=.text    G=(none)   M=Dialogs  ACBP=A9
 0001:00081954 0000241E C=CODE     S=.text    G=(none)   M=ExtCtrls ACBP=A9
 0001:00083D74 00000038 C=CODE     S=.text    G=(none)   M=ComStrs  ACBP=A9
 0001:00083DAC 00000094 C=CODE     S=.text    G=(none)   M=Clipbrd  ACBP=A9
 0001:00083E40 00000038 C=CODE     S=.text    G=(none)   M=StrUtils ACBP=A9
 0001:00083E78 000000F5 C=CODE     S=.text    G=(none)   M=Buttons  ACBP=A9
 0001:00083F70 00000038 C=CODE     S=.text    G=(none)   M=ExtDlgs  ACBP=A9
 0001:00083FA8 00000068 C=CODE     S=.text    G=(none)   M=IniFiles ACBP=A9
 0001:00084010 00000068 C=CODE     S=.text    G=(none)   M=Registry ACBP=A9
 0001:00084078 0000006C C=CODE     S=.text    G=(none)   M=Mapi     ACBP=A9
 0001:000840E4 00000058 C=CODE     S=.text    G=(none)   M=ExtActns ACBP=A9
 0001:0008413C 00000038 C=CODE     S=.text    G=(none)   M=ListActns ACBP=A9
 0001:00084174 00000180 C=CODE     S=.text    G=(none)   M=ComCtrls ACBP=A9
 0001:000842F4 00000A0C C=CODE     S=.text    G=(none)   M=Themes   ACBP=A9
 0001:00084D00 0000623C C=CODE     S=.text    G=(none)   M=StdCtrls ACBP=A9
 0001:0008AF3C 00000168 C=CODE     S=.text    G=(none)   M=StdActns ACBP=A9
 0001:0008B0A4 00000D1F C=CODE     S=.text    G=(none)   M=WinHelpViewer ACBP=A9
 0001:0008BDC4 00010CFB C=CODE     S=.text    G=(none)   M=Controls ACBP=A9
 0001:0009CAC0 00001292 C=CODE     S=.text    G=(none)   M=ActnList ACBP=A9
 0001:0009DD54 000016E4 C=CODE     S=.text    G=(none)   M=ImgList  ACBP=A9
 0001:0009F438 00006639 C=CODE     S=.text    G=(none)   M=Menus    ACBP=A9
 0001:000A5A74 0000C410 C=CODE     S=.text    G=(none)   M=Forms    ACBP=A9
 0001:000B1E84 00000118 C=CODE     S=.text    G=(none)   M=ShareMem ACBP=A9
 0001:000B1F9C 00000038 C=CODE     S=.text    G=(none)   M=test     ACBP=A9
 0001:000B1FD4 00000038 C=CODE     S=.text    G=(none)   M=uLkJSON  ACBP=A9
 0001:000B200C 00000538 C=CODE     S=.text    G=(none)   M=publish  ACBP=A9
 0001:000B2544 00000305 C=CODE     S=.text    G=(none)   M=Project2 ACBP=A9
 0002:00000000 000000A4 C=DATA     S=.data    G=DGROUP   M=System   ACBP=A9
 0002:000000A4 00000020 C=DATA     S=.data    G=DGROUP   M=SysInit  ACBP=A9
 0002:000000C4 00000014 C=DATA     S=.data    G=DGROUP   M=ELeaks   ACBP=A9
 0002:000000D8 00000254 C=DATA     S=.data    G=DGROUP   M=SysUtils ACBP=A9
 0002:0000032C 00000008 C=DATA     S=.data    G=DGROUP   M=VarUtils ACBP=A9
 0002:00000334 0000008E C=DATA     S=.data    G=DGROUP   M=Variants ACBP=A9
 0002:000003C4 0000000C C=DATA     S=.data    G=DGROUP   M=TypInfo  ACBP=A9
 0002:000003D0 00000080 C=DATA     S=.data    G=DGROUP   M=Classes  ACBP=A9
 0002:00000450 00000908 C=DATA     S=.data    G=DGROUP   M=EConsts  ACBP=A9
 0002:00000D58 00000050 C=DATA     S=.data    G=DGROUP   M=ECore    ACBP=A9
 0002:00000DA8 0000004C C=DATA     S=.data    G=DGROUP   M=EDebug   ACBP=A9
 0002:00000DF4 00000001 C=DATA     S=.data    G=DGROUP   M=EWinSock ACBP=A9
 0002:00000DF8 000001A0 C=DATA     S=.data    G=DGROUP   M=EHook    ACBP=A9
 0002:00000F98 00000001 C=DATA     S=.data    G=DGROUP   M=ESockets ACBP=A9
 0002:00000F9C 00000E5C C=DATA     S=.data    G=DGROUP   M=EZlib2   ACBP=A9
 0002:00001DF8 00000212 C=DATA     S=.data    G=DGROUP   M=EHash    ACBP=A9
 0002:0000200C 00000144 C=DATA     S=.data    G=DGROUP   M=EBase64  ACBP=A9
 0002:00002150 000034B0 C=DATA     S=.data    G=DGROUP   M=EWebTools ACBP=A9
 0002:00005600 00000020 C=DATA     S=.data    G=DGROUP   M=EXMLBuilder ACBP=A9
 0002:00005620 00000024 C=DATA     S=.data    G=DGROUP   M=ELogManager ACBP=A9
 0002:00005644 000012D5 C=DATA     S=.data    G=DGROUP   M=EDisAsm  ACBP=A9
 0002:0000691C 000005E4 C=DATA     S=.data    G=DGROUP   M=ExceptionLog ACBP=A9
 0002:00006F00 00000304 C=DATA     S=.data    G=DGROUP   M=Graphics ACBP=A9
 0002:00007204 00000004 C=DATA     S=.data    G=DGROUP   M=Printers ACBP=A9
 0002:00007208 000000B4 C=DATA     S=.data    G=DGROUP   M=Dialogs  ACBP=A9
 0002:000072BC 0000018C C=DATA     S=.data    G=DGROUP   M=ExtCtrls ACBP=A9
 0002:00007448 0000002C C=DATA     S=.data    G=DGROUP   M=Buttons  ACBP=A9
 0002:00007474 00000008 C=DATA     S=.data    G=DGROUP   M=IniFiles ACBP=A9
 0002:0000747C 00000008 C=DATA     S=.data    G=DGROUP   M=Registry ACBP=A9
 0002:00007484 00000008 C=DATA     S=.data    G=DGROUP   M=Mapi     ACBP=A9
 0002:0000748C 00000018 C=DATA     S=.data    G=DGROUP   M=ComCtrls ACBP=A9
 0002:000074A4 00000068 C=DATA     S=.data    G=DGROUP   M=Themes   ACBP=A9
 0002:0000750C 000000AC C=DATA     S=.data    G=DGROUP   M=StdCtrls ACBP=A9
 0002:000075B8 0000013C C=DATA     S=.data    G=DGROUP   M=Controls ACBP=A9
 0002:000076F4 00000020 C=DATA     S=.data    G=DGROUP   M=ImgList  ACBP=A9
 0002:00007714 000000EC C=DATA     S=.data    G=DGROUP   M=Menus    ACBP=A9
 0002:00007800 0000011C C=DATA     S=.data    G=DGROUP   M=Forms    ACBP=A9
 0002:00008000 00000664 C=BSS      S=.bss     G=DGROUP   M=System   ACBP=A9
 0002:00008664 00000010 C=BSS      S=.bss     G=DGROUP   M=SysInit  ACBP=A9
 0002:00008674 00000004 C=BSS      S=.bss     G=DGROUP   M=Types    ACBP=A9
 0002:00008678 00000004 C=BSS      S=.bss     G=DGROUP   M=Windows  ACBP=A9
 0002:0000867C 00000054 C=BSS      S=.bss     G=DGROUP   M=ELeaks   ACBP=A9
 0002:000086D0 00000004 C=BSS      S=.bss     G=DGROUP   M=SysConst ACBP=A9
 0002:000086D4 00000120 C=BSS      S=.bss     G=DGROUP   M=SysUtils ACBP=A9
 0002:000087F4 00000004 C=BSS      S=.bss     G=DGROUP   M=Messages ACBP=A9
 0002:000087F8 0000005C C=BSS      S=.bss     G=DGROUP   M=VarUtils ACBP=A9
 0002:00008854 00000040 C=BSS      S=.bss     G=DGROUP   M=Variants ACBP=A9
 0002:00008894 00000004 C=BSS      S=.bss     G=DGROUP   M=RTLConsts ACBP=A9
 0002:00008898 00000004 C=BSS      S=.bss     G=DGROUP   M=TypInfo  ACBP=A9
 0002:0000889C 00000004 C=BSS      S=.bss     G=DGROUP   M=ActiveX  ACBP=A9
 0002:000088A0 00000044 C=BSS      S=.bss     G=DGROUP   M=Classes  ACBP=A9
 0002:000088E4 00000004 C=BSS      S=.bss     G=DGROUP   M=ETypes   ACBP=A9
 0002:000088E8 00000004 C=BSS      S=.bss     G=DGROUP   M=EConsts  ACBP=A9
 0002:000088EC 00000009 C=BSS      S=.bss     G=DGROUP   M=ECore    ACBP=A9
 0002:000088F8 00000004 C=BSS      S=.bss     G=DGROUP   M=EDebug   ACBP=A9
 0002:000088FC 00000004 C=BSS      S=.bss     G=DGROUP   M=ShellAPI ACBP=A9
 0002:00008900 00000010 C=BSS      S=.bss     G=DGROUP   M=EWinSock ACBP=A9
 0002:00008910 00000010 C=BSS      S=.bss     G=DGROUP   M=EHook    ACBP=A9
 0002:00008920 00000004 C=BSS      S=.bss     G=DGROUP   M=ELang    ACBP=A9
 0002:00008924 00000004 C=BSS      S=.bss     G=DGROUP   M=ESockets ACBP=A9
 0002:00008928 00002894 C=BSS      S=.bss     G=DGROUP   M=EZlib2   ACBP=A9
 0002:0000B1BC 00000404 C=BSS      S=.bss     G=DGROUP   M=EHash    ACBP=A9
 0002:0000B5C0 0000001C C=BSS      S=.bss     G=DGROUP   M=EEncrypt ACBP=A9
 0002:0000B5DC 00000004 C=BSS      S=.bss     G=DGROUP   M=EBase64  ACBP=A9
 0002:0000B5E0 00000004 C=BSS      S=.bss     G=DGROUP   M=EZip     ACBP=A9
 0002:0000B5E4 00000048 C=BSS      S=.bss     G=DGROUP   M=EWebTools ACBP=A9
 0002:0000B62C 00000004 C=BSS      S=.bss     G=DGROUP   M=EXMLBuilder ACBP=A9
 0002:0000B630 00000004 C=BSS      S=.bss     G=DGROUP   M=ELogManager ACBP=A9
 0002:0000B634 00000004 C=BSS      S=.bss     G=DGROUP   M=EListView ACBP=A9
 0002:0000B638 00000004 C=BSS      S=.bss     G=DGROUP   M=EDisAsm  ACBP=A9
 0002:0000B63C 00000E84 C=BSS      S=.bss     G=DGROUP   M=ExceptionLog ACBP=A9
 0002:0000C4C0 00000004 C=BSS      S=.bss     G=DGROUP   M=Consts   ACBP=A9
 0002:0000C4C4 00000060 C=BSS      S=.bss     G=DGROUP   M=Graphics ACBP=A9
 0002:0000C524 00000004 C=BSS      S=.bss     G=DGROUP   M=Math     ACBP=A9
 0002:0000C528 00000004 C=BSS      S=.bss     G=DGROUP   M=Contnrs  ACBP=A9
 0002:0000C52C 00000004 C=BSS      S=.bss     G=DGROUP   M=CommCtrl ACBP=A9
 0002:0000C530 00000031 C=BSS      S=.bss     G=DGROUP   M=MultiMon ACBP=A9
 0002:0000C564 00000004 C=BSS      S=.bss     G=DGROUP   M=Imm      ACBP=A9
 0002:0000C568 00000008 C=BSS      S=.bss     G=DGROUP   M=HelpIntfs ACBP=A9
 0002:0000C570 00000004 C=BSS      S=.bss     G=DGROUP   M=WinSpool ACBP=A9
 0002:0000C574 00000004 C=BSS      S=.bss     G=DGROUP   M=Printers ACBP=A9
 0002:0000C578 00000034 C=BSS      S=.bss     G=DGROUP   M=FlatSB   ACBP=A9
 0002:0000C5AC 00000004 C=BSS      S=.bss     G=DGROUP   M=SyncObjs ACBP=A9
 0002:0000C5B0 000000CC C=BSS      S=.bss     G=DGROUP   M=UxTheme  ACBP=A9
 0002:0000C67C 00000004 C=BSS      S=.bss     G=DGROUP   M=RichEdit ACBP=A9
 0002:0000C680 00000004 C=BSS      S=.bss     G=DGROUP   M=ToolWin  ACBP=A9
 0002:0000C684 00000004 C=BSS      S=.bss     G=DGROUP   M=RegStr   ACBP=A9
 0002:0000C688 00000004 C=BSS      S=.bss     G=DGROUP   M=WinInet  ACBP=A9
 0002:0000C68C 00000004 C=BSS      S=.bss     G=DGROUP   M=UrlMon   ACBP=A9
 0002:0000C690 00000004 C=BSS      S=.bss     G=DGROUP   M=ShlObj   ACBP=A9
 0002:0000C694 00000004 C=BSS      S=.bss     G=DGROUP   M=CommDlg  ACBP=A9
 0002:0000C698 00000004 C=BSS      S=.bss     G=DGROUP   M=Dlgs     ACBP=A9
 0002:0000C69C 00000038 C=BSS      S=.bss     G=DGROUP   M=Dialogs  ACBP=A9
 0002:0000C6D4 00000004 C=BSS      S=.bss     G=DGROUP   M=ExtCtrls ACBP=A9
 0002:0000C6D8 00000004 C=BSS      S=.bss     G=DGROUP   M=ComStrs  ACBP=A9
 0002:0000C6DC 0000000C C=BSS      S=.bss     G=DGROUP   M=Clipbrd  ACBP=A9
 0002:0000C6E8 00000004 C=BSS      S=.bss     G=DGROUP   M=StrUtils ACBP=A9
 0002:0000C6EC 00000030 C=BSS      S=.bss     G=DGROUP   M=Buttons  ACBP=A9
 0002:0000C71C 00000004 C=BSS      S=.bss     G=DGROUP   M=ExtDlgs  ACBP=A9
 0002:0000C720 00000004 C=BSS      S=.bss     G=DGROUP   M=IniFiles ACBP=A9
 0002:0000C724 00000004 C=BSS      S=.bss     G=DGROUP   M=Registry ACBP=A9
 0002:0000C728 00000004 C=BSS      S=.bss     G=DGROUP   M=Mapi     ACBP=A9
 0002:0000C72C 00000009 C=BSS      S=.bss     G=DGROUP   M=ExtActns ACBP=A9
 0002:0000C738 00000004 C=BSS      S=.bss     G=DGROUP   M=ListActns ACBP=A9
 0002:0000C73C 00000010 C=BSS      S=.bss     G=DGROUP   M=ComCtrls ACBP=A9
 0002:0000C74C 00000008 C=BSS      S=.bss     G=DGROUP   M=Themes   ACBP=A9
 0002:0000C754 00000004 C=BSS      S=.bss     G=DGROUP   M=StdCtrls ACBP=A9
 0002:0000C758 00000004 C=BSS      S=.bss     G=DGROUP   M=StdActns ACBP=A9
 0002:0000C75C 00000014 C=BSS      S=.bss     G=DGROUP   M=WinHelpViewer ACBP=A9
 0002:0000C770 00000080 C=BSS      S=.bss     G=DGROUP   M=Controls ACBP=A9
 0002:0000C7F0 00000004 C=BSS      S=.bss     G=DGROUP   M=ActnList ACBP=A9
 0002:0000C7F4 0000000C C=BSS      S=.bss     G=DGROUP   M=ImgList  ACBP=A9
 0002:0000C800 00000010 C=BSS      S=.bss     G=DGROUP   M=Menus    ACBP=A9
 0002:0000C810 00000020 C=BSS      S=.bss     G=DGROUP   M=Forms    ACBP=A9
 0002:0000C830 00000004 C=BSS      S=.bss     G=DGROUP   M=ShareMem ACBP=A9
 0002:0000C834 00000004 C=BSS      S=.bss     G=DGROUP   M=test     ACBP=A9
 0002:0000C838 00000004 C=BSS      S=.bss     G=DGROUP   M=uLkJSON  ACBP=A9
 0002:0000C83C 00000008 C=BSS      S=.bss     G=DGROUP   M=publish  ACBP=A9


  Address         Publics by Name

 0001:00032C8C       ..
 0001:0002F224       ..
 0002:00001034       ..
 0002:00008930       ..
 0002:000010F0       ..
 0002:0000A930       ..
 0001:0002D83C       ..
 0002:00000FC4       ..
 0001:0002ED50       ..
 0002:0000104C       ..
 0002:0000138C       ..
 0002:000010A0       ..
 0002:00001020       ..
 0001:0002F15C       ..
 0002:00001260       ..
 0002:0000102C       ..
 0002:000088F8       .03
 0002:0000C698       .1
 0002:0000C834       .1
 0002:000088E4       .1
 0002:0000C6D8       .1
 0002:0000C6E8       .1
 0002:0000C728       .1
 0002:000087F4       .1
 0002:00008894       .1
 0002:000086D0       .1
 0002:0000C4C0       .1
 0002:00008694       .1
 0002:0000C52C       .1
 0002:00008910       .1
 0002:0000C764       .1
 0002:0000866C       .1
 0002:0000C694       .1
 0002:0000C690       .1
 0002:0000C68C       .1
 0002:0000C688       .1
 0002:0000C684       .1
 0002:0000C67C       .1
 0002:0000C66C       .1
 0002:0000C598       .1
 0002:000088FC       .1
 0002:0000B1BC       .1
 0002:0000C564       .1
 0002:0000B5C0       .1
 0002:0000C830       .1
 0002:0000C550       .1
 0002:0000B5DC       .1
 0002:00008674       .1
 0002:00008920       .1
 0002:0000C69C       .11
 0002:0000C6D4       .12
 0002:0000C4C8       .12
 0002:0000B638       .2
 0002:0000B634       .2
 0002:0000C524       .2
 0002:00008928       .2
 0002:0000C840       .2
 0002:0000C74C       .2
 0002:0000C568       .2
 0002:0000C6E0       .2
 0002:0000B660       .21
 0002:0000C528       .21
 0002:0000B62C       .3
 0002:00008678       .3
 0002:00008924       .3
 0002:0000C574       .3
 0002:0000C7F4       .3
 0002:0000C71C       .3
 0002:0000889C       .3
 0002:0000C570       .3
 0002:0000B5E0       .3
 0002:0000B630       .3
 0002:0000C838       .31
 0002:000087E4       .35
 0002:0000C73C       .36
 0002:0000C680       .4
 0002:00008900       .4
 0002:0000C6EC       .4
 0002:000088F0       .4
 0002:0000C818       .41
 0002:0000C754       .42
 0002:000088AC       .45
 0002:00008850       .5
 0002:000088E8       .5
 0002:000085BC       .5
 0002:0000C724       .5
 0002:00008898       .6
 0002:0000C5AC       .6
 0002:0000B5E4       .7
 0002:0000C72C       .72
 0002:0000C778       .72
 0002:0000C758       .73
 0002:0000C738       .8
 0002:0000C720       .8
 0002:0000C7F0       .8
 0002:00008874       .81
 0002:0000C808       .9
 0001:00001C9C       @AbstractError
 0001:000043E4       @AddRefArray
 0001:0000439C       @AddRefRecord
 0001:00002C50       @AfterConstruction
 0001:00002A84       @AsClass
 0001:000036E8       @Assert
 0001:00002108       @AStrCmp
 0001:00002C60       @BeforeDestruction
 0001:00002AD0       @CallDynaInst
 0001:000053D4       @CheckAutoResult
 0001:00002BF8       @ClassCreate
 0001:00002C48       @ClassDestroy
 0001:00001FD4       @Close
 0001:00001934       @Copy
 0001:000045D8       @CopyArray
 0001:000044BC       @CopyRecord
 0001:0002FBD0       @deflateInit2_
 0001:000046F0       @DispCallByIDError
 0001:000112E8       @DispInvokeError
 0001:000046E0       @Dispose
 0001:000031A0       @DoneExcept
 0001:00004C70       @DynArrayAddRef
 0001:00004C48       @DynArrayAsg
 0001:00004C0C       @DynArrayClear
 0001:00004A4C       @DynArrayHigh
 0001:00004A44       @DynArrayLength
 0001:00004C00       @DynArraySetLength
 0001:00003288       @ExceptionHandler
 0001:00002178       @FillChar
 0001:0002EE1C       @fill_fopen_filefunc
 0001:00004390       @Finalize
 0001:000042A4       @FinalizeArray
 0001:00004258       @FinalizeRecord
 0001:00002AE8       @FindDynaInst
 0001:00001FC8       @Flush
 0001:00002810       @FpuInit
 0001:0000274C       @FpuMaskInit
 0001:0000173C       @FreeMem
 0001:0000171C       @GetMem
 0001:00005A10       @GetTls
 0001:0002F354       @get_crc_table
 0001:000036D0       @Halt
 0001:000035F8       @Halt0
 0001:00002D74       @HandleAnyException
 0001:00003060       @HandleAutoException
 0001:00003028       @HandleFinally
 0001:00002EA0       @HandleOnException
 0001:000312C4       @inflateInit2_
 0001:00030D0C       @inflate_fast
 0001:0003281C       @inflate_table
 0001:00005A5C       @InitExe
 0001:0000424C       @Initialize
 0001:000041B8       @InitializeArray
 0001:00004188       @InitializeRecord
 0001:000034BC       @InitImports
 0001:00003494       @InitResStringImports
 0001:00003470       @InitResStrings
 0001:000019F0       @Insert
 0001:00005338       @IntfAddRef
 0001:00005308       @IntfCast
 0001:000052C4       @IntfClear
 0001:000052DC       @IntfCopy
 0001:00002A60       @IsClass
 0001:0000271C       @isNECWindows
 0001:00001978       @LGetDir
 0001:00003C58       @LStrAddRef
 0001:000037B0       @LStrArrayClr
 0001:000037E0       @LStrAsg
 0001:00003A70       @LStrCat
 0001:00003AB4       @LStrCat3
 0001:00003B28       @LStrCatN
 0001:0000378C       @LStrClr
 0001:00003BB4       @LStrCmp
 0001:00003CC8       @LStrCopy
 0001:00003D08       @LStrDelete
 0001:000039FC       @LStrFromArray
 0001:00003974       @LStrFromChar
 0001:00003984       @LStrFromPChar
 0001:0000387C       @LStrFromPCharLen
 0001:000039B4       @LStrFromPWChar
 0001:000038E8       @LStrFromPWCharLen
 0001:000039F0       @LStrFromString
 0001:00003A14       @LStrFromWArray
 0001:00003A30       @LStrFromWStr
 0001:00003D50       @LStrInsert
 0001:00003824       @LStrLAsg
 0001:00003A68       @LStrLen
 0001:00003E58       @LStrOfChar
 0001:00003DAC       @LStrPos
 0001:00003DF4       @LStrSetLength
 0001:00003C68       @LStrToPChar
 0001:00003A44       @LStrToString
 0001:000046CC       @New
 0001:00003850       @NewAnsiString
 0001:00003EB4       @NewWideString
 0001:00001C04       @Pos
 0001:00002430       @Pow10
 0001:00002084       @PStrCmp
 0001:0000205C       @PStrCpy
 0001:0000202C       @PStrNCat
 0001:00002068       @PStrNCpy
 0001:0000314C       @RaiseAgain
 0001:00003124       @RaiseExcept
 0001:00002198       @RandInt
 0001:0000175C       @ReallocMem
 0001:00001D10       @RewritText
 0001:00001C6C       @ROUND
 0001:000036DC       @RunError
 0001:00002414       @SetEq
 0001:00001C44       @SetLength
 0001:00003430       @StartExe
 0001:000002F4       @strlen
 0001:00001C78       @TRUNC
 0001:000031D0       @TryFinallyExit
 0001:00003CC0       @UniqueStringA
 0001:00004814       @ValInt64
 0001:000021B4       @ValLong
 0001:000129E0       @VarAddRef
 0001:000043CC       @VarAddRef
 0001:000115D4       @VarClear
 0001:000115E8       @VarClr
 0001:0000428C       @VarClr
 0001:000044A4       @VarCopy
 0001:000118FC       @VarCopy
 0001:00012918       @VarFromBool
 0001:00012968       @VarFromCurr
 0001:000128B0       @VarFromInt
 0001:000128EC       @VarFromInt64
 0001:0001297C       @VarFromLStr
 0001:00012940       @VarFromReal
 0001:00012954       @VarFromTDateTime
 0001:000129A8       @VarFromWStr
 0001:0001133C       @VarNull
 0001:00011C28       @VarToLStr
 0001:00012350       @VarToWStr
 0001:00003E84       @Write0LString
 0001:000022CC       @WriteBytes
 0001:0000239C       @WriteLn
 0001:00003E8C       @WriteLString
 0001:00002320       @WriteSpaces
 0001:00004168       @WStrAddRef
 0001:00003EF4       @WStrArrayClr
 0001:00003F18       @WStrAsg
 0001:00003EDC       @WStrClr
 0001:00004054       @WStrCmp
 0001:000040D8       @WStrCopy
 0001:00004028       @WStrFromLStr
 0001:00003F3C       @WStrFromPCharLen
 0001:00003FEC       @WStrFromPWChar
 0001:00003FC8       @WStrFromPWCharLen
 0001:00004048       @WStrLen
 0001:00004124       @WStrSetLength
 0001:00004038       @WStrToPWChar
 0001:000023F0       @_CLenToPasStr
 0001:000023E4       @_CToPasStr
 0001:00001904       @_IOTest
 0001:0000471C       @_lldiv
 0001:00004798       @_llmod
 0001:000046F8       @_llmul
 0001:00033E8C       @_tr_align
 0001:00034158       @_tr_flush_block
 0001:00032C90       @_tr_init
 0001:00033DD0       @_tr_stored_block
 0001:0000DEAC       Abort
 0002:0000B791       AbortOperation
 0001:0008EAAC       AbsMin
 0001:0000E230       AbstractErrorHandler
 0002:0000802C       AbstractErrorProc
 0002:0000015C       AccessMode
 0001:00066200       AccessViolationModuleInLongFormat
 0001:00001854       AcquireExceptionObject
 0001:0005CE44       ActicatePage
 0001:000162D8       ActivateClassGroup
 0002:0000B7D8       ActivateEurekaLog
 0001:00006314       ActivateKeyboardLayout
 0002:0000C7AC       ActiveDrag
 0001:00013F18       ActiveX
 0001:0009DD28       ActnList
 0001:00037774       AddAuthenticationToURL
 0001:00000428       AddBlockAfter
 0001:0006CA44       AddCallerCallStack
 0001:00060D3C       AddColor
 0001:00058804       AddCustomHeadersToLog
 0001:000586A8       AddCustomHeaderToLog
 0002:000003D0       AddDataModule
 0001:0002C60C       AddDNS
 0001:00009A18       AddExitProc
 0001:00019714       AddFinished
 0001:000A106C       AddIn
 0002:00008690       AddLeak
 0001:000573D8       AddModule
 0001:000572A0       AddModuleFromFileName
 0001:00005168       AddModuleUnloadProc
 0001:00005158       AddModuleUnloadProc
 0001:00050E80       AddNewProcess
 0001:00051240       AddNewProcessEx
 0001:0001974C       AddNotFinished
 0001:0002A7C8       AddrSize
 0001:00065508       AddStr
 0001:0001A170       AddSubComponentsToLoaded
 0001:0001C584       AddThread
 0001:00057478       AddToStack
 0001:0003F914       AddValueField
 0001:0002D654       AddZipFile
 0001:000786A4       AdjustColor
 0001:000835C0       AdjustColors
 0001:0005CD94       AdjustDialog
 0001:0005A1BC       AdjustFlatStyle
 0001:000A8084       Adjustment
 0001:0000631C       AdjustWindowRectEx
 0001:0002EE54       adler32
 0001:00052CE8       Advance
 0001:000618DC       AfterScreenshot
 0001:00061620       AfterScreenshotToStream
 0002:000077D8       Alignments
 0002:000077E8       Alignments
 0002:000072C4       Alignments
 0002:00007514       Alignments
 0001:00094118       AlignWork
 0001:000AEF7C       AlignWork
 0002:000086AC       AllocatedList_End
 0002:000086A4       AllocatedList_Lock
 0002:000086A8       AllocatedList_Start
 0001:0001DDDC       AllocateHWnd
 0001:000099CC       AllocMem
 0001:0004B080       AllocMemAlign
 0002:000085B4       AllocMemCount
 0002:000085B8       AllocMemSize
 0001:0007D7D4       AllocPatternBitmap
 0001:000059B8       AllocTlsBuffer
 0002:000055E0       AlphaNumerics
 0002:000075C4       AnchorAlign
 0002:000075B8       AnimateWindowProc
 0002:000076C0       AnimationStyle
 0001:0000EB70       AnsiCompareFileName
 0001:00009BF8       AnsiCompareStr
 0001:00009C30       AnsiCompareText
 0001:0000A3D4       AnsiLastChar
 0001:00006324       AnsiLower
 0001:00009BC4       AnsiLowerCase
 0001:0000EBF0       AnsiLowerCaseFileName
 0001:0000EB38       AnsiPos
 0001:000A5880       AnsiSameCaption
 0001:00009C68       AnsiSameText
 0001:00009C80       AnsiStrLIComp
 0001:0000EC7C       AnsiStrPos
 0001:0000ED1C       AnsiStrRScan
 0001:0000ED44       AnsiStrScan
 0001:00005754       AnsiToUtf8
 0001:00009B90       AnsiUpperCase
 0001:0000C1BC       AppendChars
 0001:0000C580       AppendFormat
 0001:0000C220       AppendNumber
 0001:0000C200       AppendString
 0002:0000C810       Application
 0002:000003E0       ApplicationHandleException
 0001:00057BE4       ApplicationRestore
 0002:000003E8       ApplicationShowException
 0002:00007914       AppVisible
 0001:00007614       AreTheSameLeak
 0001:00056180       ASMAssigned
 0002:00000E98       AsmConst
 0001:00065FD0       ASPDotNetWebSiteFile
 0001:0005B7C8       AssemblerDialogProc
 0001:0004C734       AssemblerToRTF
 0001:0000E214       AssertErrorHandler
 0002:00008024       AssertErrorProc
 0001:000137B0       AssignLongStr
 0001:0005F204       AssignOnCloseData
 0001:000590C4       AssignPriority
 0001:00029B24       AssignValidDebugInfo
 0001:00013D14       AssignVariant
 0001:0006276C       AttachedFile
 0001:00062A04       AttachedFiles
 0002:0000B654       AttachedFilesRequest
 0001:00068648       AttrToString
 0002:0000B7DC       AutoCloseTimer
 0001:0005857C       AutoCloseTimerProc
 0002:0000860C       avail
 0001:0000A8BC       BackfillGetDiskFreeSpaceEx
 0001:00091640       BackgroundClipped
 0001:000102DC       BackupVarBoolFromStr
 0001:0001043C       BackupVarBStrFromBool
 0001:0001035C       BackupVarBStrFromCy
 0001:000103CC       BackupVarBStrFromDate
 0001:00010270       BackupVarCyFromStr
 0001:00010204       BackupVarDateFromStr
 0001:000100C0       BackupVarI4FromStr
 0001:0001006C       BackupVariantChangeTypeEx
 0001:0001012C       BackupVarR4FromStr
 0001:00010198       BackupVarR8FromStr
 0001:00035AE0       Base64Decode
 0001:00035BDC       Base64DecodeStr
 0001:00035C40       Base64DecodeString
 0001:000359C4       Base64Encode
 0001:00062318       Base64EncodeFromFile
 0001:00035B94       Base64EncodeStr
 0001:00035C38       Base64EncodeString
 0001:00035C48       Base64EncodeToString
 0002:0000204C       Base64Filler
 0001:0000E808       Beep
 0001:00016630       BeginGlobalLoading
 0001:0000632C       BeginPaint
 0001:00003740       BeginThread
 0001:000786B0       BetterSize
 0001:000A1EE0       BiDiDraw
 0001:000236DC       BinToStr
 0001:000060AC       BitBlt
 0002:00007448       BitBtnCaptions
 0002:0000C6F0       BitBtnGlyphs
 0002:000071B8       BitmapCanvasList
 0002:0000C4E0       BitmapImageLock
 0001:000100A8       BiUnimplemented
 0002:00000424       BlockCode
 0002:000085E4       blockDescBlockList
 0002:000085E8       blockDescFreeList
 0001:00065098       BlockingSendInternetMessage
 0002:000000C8       BlockOverFoot
 0002:000000C4       BlockOverHead
 0002:00000D80       BOMBigEndian
 0002:00000D7C       BOMUnicode
 0002:00000D84       BOMUTF8
 0002:000003C4       BooleanIdents
 0002:00000340       BooleanToStringRule
 0001:0000A0E8       BoolToStr
 0001:000119B0       BoolToWStrViaOS
 0002:000072BC       BorderStyles
 0002:0000750C       BorderStyles
 0001:00005AFC       Bounds
 0001:000155F0       Bounds
 0002:00007780       Breaks
 0002:0000C518       BrushManager
 0001:000A4694       BuildImage
 0001:000514D0       BuildListPS
 0001:00051398       BuildListTH
 0002:00007264       ButtonCaptions
 0002:00007238       ButtonNames
 0002:000077FC       Buttons
 0001:00083F48       Buttons
 0002:000075B0       ButtonStyles
 0002:0000C6A8       ButtonWidths
 0002:00006904       ByteRegs1
 0002:00006908       ByteRegs2
 0001:00077E90       BytesPerScanline
 0001:00060EA4       BytesPerScanline
 0001:000608E8       BytesSwap
 0001:000781E8       ByteSwapColors
 0001:0000E8EC       ByteToCharIndex
 0001:0000E8C4       ByteToCharLen
 0001:0000E888       ByteType
 0001:0000E810       ByteTypeTest
 0002:0000C7F8       CachedComCtrlVer
 0002:0000B9D4       Cached_LogFile
 0001:00070DFC       CalcAddr
 0001:00060918       CalcCRC
 0001:00035984       CalcDecodedSize
 0001:00054380       CalcDuplicatedException
 0001:00035958       CalcEncodedSize
 0001:0001DD18       CalcJmpOffset
 0001:0009BD94       CalcSplitterPos
 0001:0002AB20       CalculateRelocatedAsmSize
 0001:00055394       CallAttachedFilesRequest
 0001:00055404       CallAttachedFilesRequestEvents
 0001:00055538       CallCustomButtonClickEvent
 0001:000555A4       CallCustomButtonClickEvents
 0001:000552C4       CallCustomDataRequest
 0001:00055334       CallCustomDataRequestEvents
 0001:00055468       CallCustomWebFieldsRequest
 0001:000554D8       CallCustomWebFieldsRequestEvents
 0001:00006C6C       CallerOfReallocMem
 0001:00054FC8       CallExceptionActionNotify
 0001:00068F44       CallExceptionActionNotify_atSavedLogFile
 0001:00068F20       CallExceptionActionNotify_atSavingLogFile
 0001:00063E8C       CallExceptionActionNotify_atSendingEmail
 0001:00063ED4       CallExceptionActionNotify_atSendingWebMessage
 0001:00063EB0       CallExceptionActionNotify_atSentEmail
 0001:00063EF8       CallExceptionActionNotify_atSentWebMessage
 0001:000692C0       CallExceptionActionNotify_atShowedExceptionInfo
 0001:0006929C       CallExceptionActionNotify_atShowingExceptionInfo
 0001:000601F4       CallExceptionActionNotify_atTerminating
 0001:0005513C       CallExceptionErrorNotify
 0001:00068F68       CallExceptionErrorNotify_atSavedLogFile
 0001:00063F1C       CallExceptionErrorNotify_atSentEmail
 0001:00063F40       CallExceptionErrorNotify_atSentWebMessage
 0001:00054DD0       CallExceptionNotify
 0001:00054E3C       CallExceptionNotifyEvents
 0002:00006924       CallForGetLogText
 0002:00006920       CallFromCOMObject
 0001:00054EA0       CallHandledExceptionNotify
 0001:00054F0C       CallHandledExceptionNotifyEvents
 0001:00055340       CallModuleEvent_AttachedFilesRequest
 0001:000554E4       CallModuleEvent_CustomButtonClickNotify
 0001:00055270       CallModuleEvent_CustomDataRequest
 0001:00055410       CallModuleEvent_CustomWebFieldsRequest
 0001:00054F18       CallModuleEvent_ExceptionActionNotify
 0001:00055090       CallModuleEvent_ExceptionErrorNotify
 0001:00054D80       CallModuleEvent_ExceptionNotify
 0001:00054E48       CallModuleEvent_HandledExceptionNotify
 0001:000555B0       CallModuleEvent_PasswordRequest
 0001:00006334       CallNextHookEx
 0001:00055204       CallPasswordRequest
 0001:00057864       CallStackByAddresses
 0001:0005BCE0       CallStackDialogProc
 0001:0000F544       CallTerminateProcs
 0001:0000633C       CallWindowProc
 0001:000692E4       CallWriteIntraWebText
 0001:0006F360       Call_HookedExceptionObject
 0001:0006F0C4       Call_HookedRaise
 0001:0006F38C       Call_HookedRtlUnwind
 0001:00060470       CalsCoordinates
 0002:0000B792       CanAttachScreenshot
 0002:0000B78D       CanAttachScreenshot_Show
 0001:0008FAE4       CancelDrag
 0002:0000B793       CanCopy
 0002:0000B78E       CanCopy_Show
 0001:00073AD4       CanEnableEurekaLogInPackages
 0001:00055F64       CanExit
 0002:0000B755       CanHookLibraries
 0002:00006E4C       CannotProcessMessagesExceptions
 0002:00006E98       CannotShowDialog
 0002:0000B958       CannotUseThread
 0001:0006CAB8       CanPauseThisThread
 0002:0000B78C       CanSendError_Show
 0002:0000B790       CanSendMessage
 0001:00070B8C       CanShowHandledExceptionEx
 0002:0000B78F       CanSupport_Show
 0002:0000C51C       CanvasList
 0002:0000C7C0       CanvasList
 0002:0000BA04       CaptionFontName
 0002:00007210       Captions
 0002:0000BC40       CAPTION_HEIGHT
 0002:0000767C       CaptureControl
 0002:00002050       cBase64Codec
 0002:0000200C       cBase64Codec
 0002:00007720       cBooleanToItemAutoFlag
 0001:00059BFC       CenterOnActiveWndMonitor
 0001:00058500       CenterWindow
 0002:0000C6DE       CF_COMPONENT
 0002:0000C6DC       CF_PICTURE
 0002:0000B710       CGIHandleException
 0002:0000B6BC       CGIOutputFile
 0002:0000886C       ChangeAnyProc
 0001:0008E064       ChangeBiDiModeAlignment
 0001:0000A454       ChangeFileExt
 0001:00073054       ChangeFinalizationOrder
 0001:0005F178       ChangeLogUserEmail
 0002:00007564       CharCases
 0002:00007534       CharCases
 0001:000038AC       CharFromWChar
 0001:0000EAC0       CharLength
 0001:00006344       CharLowerBuff
 0001:00000254       CharNext
 0001:0000634C       CharNext
 0002:00005624       chars
 0001:00076694       CharsetToIdent
 0001:0000E9D4       CharToByteIndex
 0001:0000EA38       CharToByteLen
 0001:00006354       CharToOemA
 0001:0000635C       CharUpperBuff
 0001:00078C78       CheckBool
 0001:000739D0       CheckCrc32
 0001:00022790       CheckDirectoryExists
 0001:000376E0       CheckError
 0001:0002B0FC       CheckFail
 0001:00072D20       CheckForMemoryLeaks
 0001:00052B90       CheckForResult
 0001:00022568       CheckIntoIDE
 0001:00002CF0       CheckJmp
 0001:0002D000       CheckLibrary
 0001:0004B77C       CheckMagicCode
 0001:00006364       CheckMenuItem
 0001:00007354       CheckOurPointer
 0002:00007770       Checks
 0001:0001A1AC       CheckSubComponents
 0001:0001C59C       CheckSynchronize
 0001:000A7AB8       CheckTaskWindow
 0001:0008F798       CheckUndock
 0001:0000E6FC       CheckWin32Version
 0002:00000344       CInvalidCustomVariantType
 0002:00007724       cItemAutoFlagToBoolean
 0002:0000771C       cItemAutoFlagToMenu
 0001:0001DF68       Classes
 0001:0001609C       ClassNotFound
 0002:00008868       ClearAnyProc
 0001:00075F24       ClearColor
 0001:0004F678       ClearInternalError
 0001:00012D1C       ClearVariantTypeList
 0002:0000BBA9       ClickLinkActive
 0001:00042DAC       ClickOnSign
 0001:0000636C       ClientToScreen
 0001:0009937C       ClientToWindow
 0002:000071B0       ClipboardFormats
 0001:00083DE8       Clipbrd
 0001:0004DB5C       CloneObject
 0001:00006374       CloseClipboard
 0001:000001F4       CloseHandle
 0001:00005C74       CloseHandle
 0001:00054364       CloseLogFile
 0001:00062690       CloseSendDialog
 0001:00029F58       closesocket
 0002:0000C5B4       CloseThemeData
 0001:0002D814       CloseZipFile
 0002:0000B718       CLXHandleException
 0002:0000B71C       CLXShowException
 0002:00008040       CmdLine
 0002:0000803C       CmdShow
 0002:00007718       cMenuAutoFlagToItem
 0001:000100B4       CmpUnimplemented
 0002:00006EC0       ColIdx
 0002:00006F30       Colors
 0001:0007648C       ColorToIdent
 0002:000072D0       ColorToPretyName
 0001:0007647C       ColorToRGB
 0002:0000BBDC       ColWidths
 0001:000060B4       CombineRgn
 0002:00007550       ComboBoxStyles
 0002:0000C748       ComCtlVersion
 0001:000842EC       ComCtrls
 0002:0000C80C       CommandPool
 0001:0007DDC8       CommCtrl
 0001:00080604       CommDlg
 0001:00000708       Commit
 0002:00008628       committedRoot
 0001:00061564       CommonSaveToStream
 0001:00056450       CompareEurekaFunctions
 0001:000A0650       CompareFront
 0001:00009AF8       CompareMem
 0001:00050910       CompareModulesFunctions
 0001:00050CD8       CompareProcessesFunctions
 0001:00009AC8       CompareStr
 0001:00005C7C       CompareString
 0001:00009B18       CompareText
 0001:0000A010       CompareWith
 0001:00067424       CompleteIP
 0001:00039560       CompleteNumber
 0001:0004BD1C       CompleteStr
 0001:0003EAA4       CompleteStr
 0001:000686A4       CompleteString
 0001:00020C14       CompleteVersion
 0001:0001A28C       ComponentCreated
 0001:00034C10       Compress
 0001:0002F210       compressBound
 0001:00078A48       ComputeAldusChecksum
 0001:00025194       ComputerName
 0001:0004D618       ComputerName
 0001:00083DA4       ComStrs
 0001:00029F84       connect
 0001:00074BC4       Consts
 0001:0007DCD4       Contnrs
 0002:0000C77E       ControlAtom
 0002:0000C784       ControlAtomString
 0001:000AC84C       ControlHasHelp
 0001:0009CA30       Controls
 0001:0000DC4C       ConvertAddr
 0001:00021E38       ConvertAddress
 0001:00006F54       ConvertAddress
 0001:0000C310       ConvertEraString
 0001:00009990       ConvertError
 0001:000099A8       ConvertErrorFmt
 0001:0003E1BC       ConvertNotDosText
 0001:00036140       ConvertSpecialHTMLChars
 0001:0000C478       ConvertYearString
 0001:00004A54       CopyArray
 0001:0007AE14       CopyBitmap
 0001:0007B4DC       CopyBitmapAsMask
 0001:000060BC       CopyEnhMetaFile
 0001:000068F4       CopyMemory
 0001:0007B478       CopyPalette
 0001:0000637C       CopyRect
 0002:000074A8       Copyright
 0001:000558AC       CopyStrings
 0001:000A3740       CopyToBest
 0001:00007C7C       CountAllLeaks
 0001:0000E944       CountChars
 0002:0000C4F8       CounterLock
 0001:0005CB68       CPUDialogProc
 0001:0004CAD0       CPUToRTF
 0002:00000348       CRangeToType
 0002:00001DF8       Crc16Tab
 0001:0002F368       crc32
 0002:0000B1C0       crc_table
 0002:00001FF8       crc_table_computed
 0001:000610B8       Create8bitBitmap
 0001:0000E158       CreateAssertException
 0001:0000E2E0       CreateAVObject
 0001:000060C4       CreateBitmap
 0001:000060CC       CreateBrushIndirect
 0001:000060D4       CreateCompatibleBitmap
 0001:000060DC       CreateCompatibleDC
 0001:0001A30C       CreateComponent
 0001:00006A70       CreateDialogA
 0001:000581A4       CreateDialogFonts
 0001:00006384       CreateDialogParamA
 0001:000060EC       CreateDIBitmap
 0001:000060E4       CreateDIBSection
 0001:0000A9C0       CreateDir
 0001:00005C84       CreateDirectory
 0001:00005C8C       CreateEvent
 0001:00059394       CreateExceptionReport
 0001:00005C94       CreateFile
 0001:000001FC       CreateFileA
 0001:00005C9C       CreateFileA
 0001:00005CA4       CreateFileMapping
 0001:000060F4       CreateFontA
 0001:000060FC       CreateFontIndirect
 0001:00006104       CreateFontIndirectA
 0001:000692F0       CreateGeneralText
 0001:0000610C       CreateHalftonePalette
 0001:00051F3C       CreateHTMLByLayout
 0001:0005496C       CreateHTMLFile
 0001:0000638C       CreateIcon
 0001:0000E084       CreateInOutError
 0001:00059764       CreateLeakReport
 0001:0006A380       CreateLogText
 0001:00006394       CreateMenu
 0001:000810C4       CreateMessageDialog
 0001:0002CA30       CreateMXQuery
 0001:00060CD8       CreateOctreeNode
 0001:00006114       CreatePalette
 0001:0000611C       CreatePenIndirect
 0001:0000639C       CreatePopupMenu
 0001:00005CAC       CreateProcessA
 0001:00006124       CreateRectRgn
 0001:0000612C       CreateRectRgnIndirect
 0001:00006134       CreateSolidBrush
 0001:00078240       CreateSystemPalette
 0001:00052314       CreateTemplateFile
 0001:0000025C       CreateThread
 0001:00005CB4       CreateThread
 0001:0005990C       CreateThreadStr
 0001:00063978       CreateTmpLogFile
 0001:0004E19C       CreateVirtualFile
 0001:00006A18       CreateWindow
 0001:000069C0       CreateWindowEx
 0001:00054A38       CreateXMLLogCopy
 0001:0002D5C0       CreateZipFile
 0001:00063F64       CreateZIPFile
 0001:00072200       Create_EurekaLogUnitsList
 0002:000075BC       CreationControl
 0002:00007208       CreationControl
 0002:000003B0       CRelationshipToBoolean
 0002:0000032C       CResult
 0002:00000D58       CriticalError
 0002:00006E70       CriticalExceptObject
 0002:00000154       cSimpleBoolStrs
 0002:0000035C       CText
 0002:000076B8       Ctl3DStyles
 0002:000075A8       Ctl3DStyles
 0002:00008620       curAlloc
 0002:000086DC       CurrencyDecimals
 0002:000086D8       CurrencyFormat
 0002:000086D4       CurrencyString
 0002:0000B744       CurrentAsmErrorLine
 0002:0000B74C       CurrentAsmErrorText
 0002:0000B750       CurrentCPUErrorText
 0002:0000B7E0       CurrentDialog
 0001:00070E70       CurrentEurekaLogOptions
 0002:0000B748       CurrentGeneralErrorText
 0002:0000B6B8       CurrentOptions
 0002:0000B7F8       CurrentProcessWindowsList
 0002:00006E5C       CurrentStackList
 0001:0000C1A8       CurrentYear
 0001:0000BB1C       CurrToStr
 0001:00011940       CurrToWStrViaOS
 0002:00007898       CursorMap
 0002:000075CC       Cursors
 0001:0008E384       CursorToIdent
 0002:00007888       cUseAlpha
 0002:00007890       cUseColorKey
 0002:0000B65C       CustomButtonClickNotify
 0002:0000B650       CustomDataRequest
 0002:0000B77C       CustomExceptMessage
 0001:00072DB4       CustomHandler
 0002:00006930       CustomSmtpHeloCommand
 0002:0000B658       CustomWebFieldsRequest
 0002:0000B5C4       CV
 0001:00009D54       CvtInt
 0001:00009DC0       CvtInt64
 0002:00000194       CWNear
 0001:0000C0F8       Date
 0002:000086DD       DateSeparator
 0001:0000CDC0       DateTimeToStr
 0001:0002118C       DateTimeToStrFixed
 0001:0000CD34       DateTimeToString
 0001:0000BC70       DateTimeToTimeStamp
 0001:0000CD90       DateToStr
 0001:00011978       DateToWStrViaOS
 0001:0000C0D0       DayOfWeek
 0002:0000B7F4       DbgSection
 0002:00000190       DCon10
 0002:00006F2C       DDBsOnly
 0001:0001DE90       DeallocateHWnd
 0002:0000002C       DebugHook
 0002:0000B934       DebugHook_Assigned
 0001:00065558       DebugToStr
 0002:000086DB       DecimalSeparator
 0001:0000C040       DecodeDate
 0001:0000BEF4       DecodeDateFully
 0001:00027030       DecodeNameString
 0001:0000BD64       DecodeTime
 0001:0000079C       Decommit
 0001:00000DB8       DecommitFree
 0002:000085FC       decommittedRoot
 0001:0003585C       Decrypt
 0001:000AFBA4       Default
 0001:000AA4D4       Default
 0002:00000024       Default8087CW
 0002:000075C0       DefaultDockTreeClass
 0002:00000038       DefaultTextLineBreakStyle
 0002:000085C0       DefaultUserCodePage
 0002:00007180       DefBrushData
 0002:00006F00       DefFontData
 0001:000063A4       DefFrameProc
 0001:000301A0       deflate
 0001:00030464       deflateEnd
 0001:0002FBB4       deflateInit_
 0002:00000220       DefLongDayNames
 0002:000001D4       DefLongMonthNames
 0001:000063AC       DefMDIChildProc
 0002:00007160       DefPenData
 0002:00000204       DefShortDayNames
 0002:000001A4       DefShortMonthNames
 0001:000063B4       DefWindowProc
 0001:000063BC       DefWindowProcA
 0001:00004CAC       DelayLoadResourceModule
 0001:00000458       DeleteBlock
 0001:000003C8       DeleteCriticalSection
 0001:00005CBC       DeleteCriticalSection
 0001:0000613C       DeleteDC
 0001:00006144       DeleteEnhMetaFile
 0001:000640D0       DeleteExtraFiles
 0001:00005CC4       DeleteFile
 0001:0000A3BC       DeleteFile
 0001:00005CCC       DeleteFileA
 0001:0005089C       DeleteFileEx
 0001:00000C00       DeleteFree
 0001:000063C4       DeleteMenu
 0001:0000614C       DeleteObject
 0001:00089EA8       DeleteSelectedText
 0001:00060BE4       DeleteTree
 0001:0004E308       DeleteVirtualFile
 0002:00006EE0       DeniedChars
 0001:0007A9D0       DeselectBitmap
 0001:000063CC       DestroyCursor
 0001:000583EC       DestroyDialogFonts
 0001:000063D4       DestroyIcon
 0001:00083E78       DestroyLocals
 0001:000063DC       DestroyMenu
 0001:000063E4       DestroyWindow
 0002:0000BC1C       DetailsActive
 0001:0005A1FC       DetailsState
 0001:000063EC       DialogBoxParamA
 0001:0008BA78       DialogEnumerationTester
 0002:0000BC28       DialogHeight
 0001:00081914       Dialogs
 0002:0000B944       DialogType
 0002:000071BC       DIBPalSizes
 0002:00000094       dig
 0002:00000D5C       Digits
 0001:000522F0       DirectoryExists
 0001:0000875C       DisableMemoryLeaksCheck
 0001:000A790C       DisableTaskWindows
 0001:000063F4       DispatchMessage
 0001:000ADB2C       DispatchShortCut
 0002:00008000       DispCallByIDProc
 0001:00009974       DivMod
 0001:0008063C       Dlgs
 0001:00057E5C       DlgTemplate
 0002:00008918       DllList
 0001:00093FA8       DoAlign
 0001:000AEE30       DoAlign
 0001:0009805C       DoCalcConstraints
 0002:0000C7B4       DockSiteList
 0001:000A4360       DoClick
 0001:000956EC       DoControlMsg
 0001:000A78BC       DoDisableWindow
 0001:0008F0C4       DoDragOver
 0001:000099EC       DoExitProc
 0001:0009A068       DoFindControlZone
 0001:000A79F8       DoFindWindow
 0001:0009A5F4       DoFindZone
 0001:0009A0EC       DoForEach
 0001:0009B9F8       DoGetNextLimit
 0001:00074334       Done
 0001:00008948       Done
 0001:0002B5D0       Done
 0001:000254D8       Done
 0001:0002CE90       Done
 0001:000A7884       DoneApplication
 0001:00071ED0       DoneCheckFreeze
 0001:0009C758       DoneControls
 0002:0000B70C       DoneExcept
 0001:00073008       DoneExceptAddr
 0001:0000E60C       DoneExceptions
 0001:00037164       DoneLib
 0001:000084E8       DoneShareMem
 0001:000ABEA8       DoNestedActivation
 0001:0001C538       DoneThreadSynchronization
 0001:000AEC80       DoPosition
 0001:00093B68       DoPosition
 0001:0009B020       DoPrune
 0001:00082A80       DoRect
 0001:0009B4F8       DoSaveZone
 0001:0009B6FC       DoSetNewBounds
 0001:000214D0       DotNetHostedFile
 0001:00066028       DotNetHostedFileHandle
 0001:00065FDC       DotNetMainFile
 0002:00006E80       DotNetMetadataFile
 0002:00006EA0       Dots
 0002:000003CC       DotSep
 0001:00079AEC       DoWrite
 0001:00078ED0       DoWrite
 0001:0009ECB0       DoWrite
 0001:00017508       DoWrite
 0001:00094CD4       DoWriteDesignSize
 0001:00092740       DoWriteIsControl
 0002:0000C798       DragCapture
 0002:0000C78C       DragControl
 0001:0008F80C       DragDone
 0001:0008F074       DragFindTarget
 0001:0008F048       DragFindWindow
 0002:0000C7B0       DragImageList
 0001:0008F464       DragInit
 0001:0008F5D4       DragInitControl
 0002:0000C794       DragInternalObject
 0001:0008EF90       DragMessage
 0002:0000C790       DragObject
 0002:0000C7BC       DragSave
 0002:0000C7A4       DragSaveCursor
 0002:0000C79C       DragStartPos
 0002:0000C7A8       DragThreshold
 0001:0008F194       DragTo
 0001:000AFBE0       DrawAppIcon
 0001:00042570       DrawBmp
 0001:000430F4       DrawBottom
 0001:0005F0CC       DrawButton
 0001:0005EF60       DrawClickHere
 0001:0009AB8C       DrawCloseButton
 0001:0005EED8       DrawControl
 0001:000063FC       DrawEdge
 0001:00006404       DrawFocusRect
 0001:00043080       DrawFrame
 0001:0000640C       DrawFrameControl
 0001:0009ABE4       DrawGrabberLine
 0001:00006414       DrawIcon
 0001:0000641C       DrawIconEx
 0002:000076F4       DrawingStyles
 0001:0004319C       DrawItem
 0001:00043148       DrawLine
 0001:00006424       DrawMenuBar
 0001:000A56A0       DrawMenuItem
 0001:0005D124       DrawSupportLink
 0001:0000642C       DrawText
 0001:00006434       DrawTextA
 0002:0000C5B8       DrawThemeBackground
 0002:0000C5DC       DrawThemeEdge
 0002:0000C5E0       DrawThemeIcon
 0002:0000C664       DrawThemeParentBackground
 0002:0000C5BC       DrawThemeText
 0001:00077D10       DupBits
 0002:0000B794       DuplicatedException
 0001:00005CD4       DuplicateHandle
 0001:00004A6C       DynArrayClear
 0001:00004A74       DynArraySetLength
 0001:00035CA8       EBase64
 0001:00020970       EConsts
 0001:00025550       ECore
 0001:00029C84       EDebug
 0002:000077E0       EdgeStyle
 0002:00007598       EdgeStyles
 0002:000076A8       EdgeStyles
 0001:0004ABB0       EDisAsm
 0001:00035950       EEncrypt
 0001:000355FC       EHash
 0001:0000E058       EHeapException.FreeInstance
 0001:0002B6CC       EHook
 0001:0003E734       ElaborateString
 0001:000379A0       ElaborateURL
 0001:00037B08       ElaborateWebPage
 0001:0002B7DC       ELang
 0001:00008A08       ELeaks
 0001:000437B8       EListView
 0001:00042498       ELogManager
 0001:0000643C       EmptyClipboard
 0002:00008854       EmptyParam
 0002:000000D8       EmptyStr
 0002:000000DC       EmptyWideStr
 0002:00000458       EMsgs
 0001:000085D0       EnableMemoryLeaksCheck
 0001:00006444       EnableMenuItem
 0002:00007778       Enables
 0001:0000644C       EnableScrollBar
 0001:000A79C0       EnableTaskWindows
 0002:0000C64C       EnableThemeDialogTexture
 0002:0000C668       EnableTheming
 0001:00006454       EnableWindow
 0001:00060AD0       Encode
 0001:0000BEC4       EncodeDate
 0002:00005600       EncodedChars
 0001:0000BD24       EncodeTime
 0001:00063ADC       EncodeURL
 0001:0000645C       EndDialog
 0001:000166B8       EndGlobalLoading
 0001:00006464       EndPaint
 0001:00003784       EndThread
 0001:00005CDC       EnterCriticalSection
 0001:000003B8       EnterCriticalSection
 0001:00005CE4       EnumCalendarInfoA
 0002:0000C54C       EnumDisplayMonitors
 0001:0000D8C0       EnumEraNames
 0001:0000D8FC       EnumEraYearOffsets
 0001:000AAA98       EnumMonitorsProc
 0001:00005CEC       EnumSystemLocalesA
 0001:0000646C       EnumThreadWindows
 0001:00019ABC       EnumValue
 0001:00006474       EnumWindows
 0001:0004F920       EnumWindowsProc
 0001:0004F9C4       EnumWindowsProc
 0001:0004FA7C       EnumWindowsProc
 0001:0004FB90       EnumWindowsProc
 0001:0002657C       Eof
 0002:00005620       EOFLine
 0001:0000647C       EqualRect
 0002:000087A4       EraNames
 0001:0000D04C       EraToYear
 0002:000087C0       EraYearOffsets
 0002:0000006C       errCaption
 0001:000083B0       Error
 0001:000192A0       Error
 0001:000018F8       Error
 0001:000619A8       Error
 0001:000A03A0       Error
 0001:00015C40       Error
 0002:00000004       ErrorAddr
 0001:000018AC       ErrorAt
 0001:0000E104       ErrorHandler
 0002:0000023C       ErrorMap
 0002:00008008       ErrorProc
 0002:000083E8       ErrOutput
 0002:00000C30       EShowOptions
 0001:0002CEF0       ESockets
 0001:0001E02C       ETypes
 0002:00000450       EurekaLogCurrentVersion
 0002:0000B7B0       EurekaLogList
 0001:00062270       EurekaLogSendEmail
 0002:00006934       EurekaLogUnits
 0002:0000B7D4       EurekaLogUnitsList
 0001:00055D78       EurekaLog_AttachedFilesRequestEvent
 0001:0006FA44       EurekaLog_CallCreateThread
 0001:0006F1D4       EurekaLog_CallExceptObject
 0001:0006FB7C       EurekaLog_CallExitThread
 0001:0006F050       EurekaLog_CallGeneralRaise
 0001:0006FAD8       EurekaLog_CallResumeThread
 0001:00055EC0       EurekaLog_CustomButtonClickEvent
 0001:00055CD4       EurekaLog_CustomDataRequestEventEx
 0001:00055E1C       EurekaLog_CustomWebFieldsRequestEvent
 0001:00055B8C       EurekaLog_ExceptionActionNotifyEvent
 0001:00055C30       EurekaLog_ExceptionErrorNotifyEvent
 0001:00055A44       EurekaLog_ExceptionNotifyEvent
 0001:00055AE8       EurekaLog_HandledExceptionNotifyEvent
 0001:0006FA3C       EurekaLog_LastDelphiException
 0001:00055930       EurekaLog_PasswordRequestEvent
 0001:00055974       EurekaLog_PasswordRequestEventEx
 0002:000009B8       EVals
 0002:00000CF0       EVariablesOptions
 0001:0003DAE4       EWebTools
 0001:0002A1F8       EWinSock
 0001:00001834       ExceptAddr
 0002:0000800C       ExceptClsProc
 0001:0000E578       ExceptHandler
 0001:0000DECC       Exception.Create
 0001:0000DF08       Exception.CreateFmt
 0001:0000DF88       Exception.CreateRes
 0001:0000DFC4       Exception.CreateResFmt
 0002:0000B644       ExceptionActionNotify
 0002:0000801C       ExceptionClass
 0002:0000B68C       ExceptionCriticalSection
 0001:0000DC58       ExceptionErrorMessage
 0002:0000B648       ExceptionErrorNotify
 0001:0004EC1C       ExceptionLine
 0001:00074884       ExceptionLog
 0001:000711A0       ExceptionManager
 0002:0000B63C       ExceptionNotify
 0002:0000B6C4       ExceptionNumber
 0002:0000B7E8       ExceptionsTime
 0002:0000B7EC       ExceptionTime
 0001:00052878       ExceptionTypeByAddr
 0002:00000274       ExceptMap
 0001:0006E6A8       ExceptNotify
 0001:00065380       ExceptNotifyAfter1
 0001:0006547C       ExceptNotifyAfter2
 0001:00065490       ExceptNotifyAfter3
 0001:00001814       ExceptObject
 0002:00008010       ExceptObjProc
 0002:00008004       ExceptProc
 0001:00006154       ExcludeClipRect
 0001:00022704       ExcludeLastBackslash
 0002:00000000       ExitCode
 0001:0000353C       ExitDll
 0002:00008048       ExitProc
 0001:0000026C       ExitProcess
 0002:00008028       ExitProcessProc
 0002:00000150       ExitProcList
 0001:00000264       ExitThread
 0001:00005CF4       ExitThread
 0001:0003E08C       EXMLBuilder
 0001:000213E4       ExpandEnvVars
 0001:0000A630       ExpandFileName
 0001:00056500       ExportedFunctions
 0001:00084134       ExtActns
 0001:00083D44       ExtCtrls
 0001:00083FA0       ExtDlgs
 0001:00053E74       ExtractDebugData
 0001:0000A51C       ExtractFileDrive
 0001:0000A5E8       ExtractFileExt
 0001:0000A5B0       ExtractFileName
 0001:00006BF8       ExtractFileName
 0001:0000A4E8       ExtractFilePath
 0001:0000A66C       ExtractFilePathNoDrive
 0001:00071670       ExtractGZipStream
 0001:00020E88       ExtractList
 0001:0000A6F8       ExtractRelativePath
 0001:00053958       ExtractStr
 0001:000222EC       ExtractStringsEx
 0001:000591AC       ExtractThreadByList
 0001:0003FE2C       ExtractValue
 0001:0000615C       ExtTextOut
 0001:00035DFC       EZip
 0001:00034B00       EZlib2
 0002:0000B9E0       fActive
 0002:00006E94       fActivePage
 0002:000087E0       FalseBoolStrs
 0002:0000B9FC       fBigFont
 0002:0000B9E4       fCaptionFont
 0002:0000C6E4       FClipboard
 0002:00000184       FCon1E18
 0002:0000B9D8       fDlgBack
 0001:00068A14       FetchStr
 0002:0000B9EC       fFixedFont1
 0002:0000B9F0       fFixedFont2
 0001:0000A250       FileAge
 0001:0000A248       FileClose
 0001:0000A1B0       FileCreate
 0001:0000A18C       FileCreate
 0001:0000A930       FileDateToDateTime
 0001:0000A2B8       FileExists
 0002:000071B4       FileFormats
 0002:0000000C       FileMode
 0001:00001D58       FileNOPProc
 0001:0000A134       FileOpen
 0001:0000A1B8       FileRead
 0002:000003F8       FilerSignature
 0001:0000A210       FileSeek
 0001:00005CFC       FileTimeToDosDateTime
 0001:00005D04       FileTimeToLocalFileTime
 0001:0000A1E4       FileWrite
 0001:00000CE8       FillAfterGap
 0001:00054BC4       FillAttachedList
 0001:00000C94       FillBeforeGap
 0001:00000D80       FillerSizeAfterGap
 0001:00000D10       FillerSizeBeforeGap
 0001:00006484       FillRect
 0001:00050D94       FillThreadsCount
 0001:0000FE14       Finalization
 0001:0007F8E4       Finalization
 0001:00029C94       Finalization
 0001:00010808       Finalization
 0001:0009DCF8       Finalization
 0001:00029BE8       Finalization
 0001:0007F5C0       Finalization
 0001:00080414       Finalization
 0001:00080484       Finalization
 0001:000804BC       Finalization
 0001:000804F4       Finalization
 0001:0008052C       Finalization
 0001:00080564       Finalization
 0001:0008059C       Finalization
 0001:000805D4       Finalization
 0001:0008060C       Finalization
 0001:0007F588       Finalization
 0001:0007F540       Finalization
 0001:0007E558       Finalization
 0001:0007E518       Finalization
 0001:0003DA94       Finalization
 0001:0002A1C8       Finalization
 0001:0003E05C       Finalization
 0001:000818B8       Finalization
 0001:0007DD98       Finalization
 0001:0004245C       Finalization
 0001:0009C9C8       Finalization
 0001:00043788       Finalization
 0001:0007DCA4       Finalization
 0001:0007D9EC       Finalization
 0001:00013168       Finalization
 0001:0007FA90       Finalization
 0001:00013384       Finalization
 0001:0007D80C       Finalization
 0001:0004AB14       Finalization
 0001:0009F400       Finalization
 0001:00006B80       Finalization
 0001:000355CC       Finalization
 0001:00013E90       Finalization
 0001:000089D0       Finalization
 0001:00008D1C       Finalization
 0001:00013EE8       Finalization
 0001:00083CFC       Finalization
 0001:00083D74       Finalization
 0001:0002B678       Finalization
 0001:0002B7AC       Finalization
 0001:00083DAC       Finalization
 0001:00083E40       Finalization
 0001:00035DCC       Finalization
 0001:00083F10       Finalization
 0001:00005870       Finalization
 0001:00083F70       Finalization
 0001:000B1DE4       Finalization
 0001:00074B94       Finalization
 0001:000746C8       Finalization
 0001:000254DC       Finalization
 0001:00083FC0       Finalization
 0001:00035C78       Finalization
 0001:00084028       Finalization
 0001:00034AD0       Finalization
 0001:0008408C       Finalization
 0001:000840E4       Finalization
 0001:0008413C       Finalization
 0001:00084274       Finalization
 0001:00084CB4       Finalization
 0001:000B1F54       Finalization
 0001:000B1F9C       Finalization
 0001:00005AA0       Finalization
 0001:000B1FD4       Finalization
 0001:0008AF04       Finalization
 0001:000208EC       Finalization
 0001:00005B18       Finalization
 0001:0008B06C       Finalization
 0001:000B250C       Finalization
 0001:0001DFFC       Finalization
 0001:00035920       Finalization
 0001:0001DEB8       Finalization
 0001:0002CE98       Finalization
 0001:0008BCF0       Finalization
 0001:000A597C       Finalization
 0001:000B2544       Finalization
 0001:00010014       Finalization
 0002:00008684       FinalizationProc
 0001:00004A64       FinalizeArray
 0001:00003370       FinalizeUnits
 0001:000A4120       Find
 0001:00052F1C       FindBetterMatch
 0001:00004D1C       FindBS
 0001:0001615C       FindClass
 0001:00004CA4       FindClassHInstance
 0001:0000A3A0       FindClose
 0001:00005D0C       FindClose
 0001:0000027C       FindClose
 0001:00000C64       FindCommitted
 0001:0008E164       FindControl
 0001:0009A820       FindControlAtPos
 0001:00012FC0       FindCustomVariantType
 0001:00013078       FindCustomVariantType
 0001:0008FB30       FindDragTarget
 0001:000638F8       FindEOFLine
 0001:00037578       FindErrorMessage
 0001:00069240       FindException
 0001:0001A4BC       FindExistingComponent
 0001:0000A32C       FindFirst
 0001:00005D14       FindFirstFile
 0001:00000284       FindFirstFile
 0001:00005D1C       FindFirstFileA
 0001:00051030       FindFullPath
 0001:00053D68       FindFunction
 0001:00016548       FindGlobalComponent
 0001:000A7B04       FindGlobalComponent
 0002:000088B8       FindGlobalComponentProcs
 0001:0004B790       FindHandled
 0001:00004C7C       FindHInstance
 0001:000163F0       FindIdentToInt
 0001:000076E0       FindLeakAddress
 0001:00007904       FindLeakClassName
 0001:00007638       FindLeakSons
 0001:000738BC       FindMainInstance
 0001:0000A2C8       FindMatchingFile
 0001:00050050       FindModuleType
 0002:0000C6A4       FindMsg
 0001:0001964C       FindNestedComponent
 0001:0000A37C       FindNext
 0001:00005D24       FindNextFile
 0001:00007594       FindNextValidLeak
 0001:000266EC       FindParam
 0001:000A0368       FindPopupControl
 0001:00029DF4       FindProc
 0001:000104D0       FindProc
 0001:00050CE0       FindProcess
 0001:00005D2C       FindResource
 0001:00005D34       FindResourceA
 0001:00004CF4       FindResourceHInstance
 0001:000B1638       FindScanline
 0001:00036CDC       FindSelected
 0001:000A7A5C       FindTopMostWindow
 0001:0001B3A0       FindUniqueName
 0001:0008FAFC       FindVCLWindow
 0001:0000648C       FindWindow
 0001:0008BAD0       FindWinHelp
 0001:0004B748       FirstProc
 0002:0000BA08       FixedFontName1
 0002:0000BA0C       FixedFontName2
 0002:0000BA00       FixedFontSize
 0002:0000BC44       FixedTmpOptionsFile
 0001:0007ADC8       FixupBitFields
 0002:000077F0       Flags
 0002:000087F0       FLanguages
 0001:0007F914       FlatSB
 0002:0000C578       FlatSB_EnableScrollBar
 0002:0000C584       FlatSB_GetScrollInfo
 0002:0000C588       FlatSB_GetScrollPos
 0002:0000C580       FlatSB_GetScrollRange
 0002:0000C590       FlatSB_SetScrollInfo
 0002:0000C58C       FlatSB_SetScrollPos
 0001:0007F604       FlatSB_SetScrollProp
 0002:0000C594       FlatSB_SetScrollRange
 0002:0000C57C       FlatSB_ShowScrollBar
 0002:0000B9F4       fLinkFont
 0002:0000B9F8       fLinkFont2
 0002:0000BB84       fListViewItems
 0002:00006004       FloatingPointOpcodes
 0001:0000B7AC       FloatToDecimal
 0001:0000BAEC       FloatToStr
 0001:0000B1E4       FloatToText
 0001:0000B4B8       FloatToTextFmt
 0001:00001FBC       Flush
 0001:00005D3C       FlushInstructionCache
 0002:0000B9DC       fMemoBack
 0002:0000BB64       fMonitor
 0002:0000BB6C       fMonitorInfo
 0002:00000198       FMSecsPerDay
 0001:0000B0E0       FmtStr
 0002:0000780C       FocusCount
 0002:00007808       FocusMessages
 0002:000070D0       FontCharsets
 0002:0000C510       FontManager
 0001:000710EC       ForceApplicationTermination
 0001:000227B4       ForceDirectoriesEx
 0001:00074610       ForceUseConstant
 0001:000A7AD8       ForegroundTask
 0002:0000C83C       Form1
 0001:0000B0CC       Format
 0002:000001A0       Format
 0001:0000ACD4       FormatBuf
 0001:0000ACC8       FormatClearStr
 0001:00068E60       FormatComplete
 0001:0000CDD4       FormatDateTime
 0001:0000AC4C       FormatError
 0002:0000017C       FormatErrorStrs
 0001:0000BB4C       FormatFloat
 0001:00005D44       FormatMessage
 0001:000295C0       FormatProcName
 0001:0000ACA4       FormatVarToStr
 0001:000B1E40       Forms
 0001:00002428       FPower10
 0002:00007204       FPrinter
 0001:00082B44       Frame3D
 0001:00006494       FrameRect
 0001:00007C50       FreeAllLeaks
 0001:0000F9F4       FreeAndNil
 0001:0004DB90       FreeClonedObject
 0001:000009D0       FreeCommitted
 0001:00000EF0       FreeCurAlloc
 0001:0008FBF0       FreeDeviceContext
 0001:0008FCAC       FreeDeviceContexts
 0001:0001DC84       FreeIntConstList
 0001:0000028C       FreeLibrary
 0001:00005D4C       FreeLibrary
 0001:0007A924       FreeMemoryContexts
 0001:0001DDB8       FreeObjectInstance
 0001:000A7B84       FreeObjectInstance
 0001:0004E8C8       FreeOutOfMemoryCache
 0001:00005D6C       FreeResource
 0001:0006196C       FreeScreenshot
 0001:00000650       FreeSpace
 0001:0000F560       FreeTerminateProcs
 0001:0007FAC8       FreeThemeLibrary
 0002:0000B758       FreezeThread
 0002:0000C744       FRichEditModule
 0002:0000BB68       fSendBmp
 0002:0000B618       FtpOpenFile
 0001:0003D4BC       FTPUploadFiles
 0002:0000B9E8       fVariableFont
 0001:00077D00       GDICheck
 0001:00077C58       GDIError
 0001:0005C960       GeneralDialogProc
 0001:0006EE30       GeneralRaise
 0001:0004C2D0       GeneralToRTF
 0001:00064A8C       GenerateCustomWebFieldsString
 0001:000521CC       GenerateHTML
 0001:00038330       GenerateMultipartBoundary
 0001:0003C900       GenerateMultipartBoundary
 0001:0003CA3C       GenerateRequestBody
 0001:00038400       GenerateRequestBody
 0001:00001C64       Get8087CW
 0001:00005D74       GetACP
 0001:00066860       GetActiveControlClass
 0001:00066878       GetActiveControlText
 0001:00066780       GetActiveFormClass
 0001:000667CC       GetActiveFormText
 0001:0005997C       GetActiveMonitorData
 0001:0000649C       GetActiveWindow
 0001:00067568       GetAdapterInfo
 0001:00050D60       GetAllocatedMemory
 0001:00053D48       GetAndSetFunctionSize
 0001:000AF30C       GetAnimation
 0001:000670D0       GetApplicationName
 0001:0004FAF4       GetApplicationRect
 0001:00066760       GetApplicationUpTime
 0001:0002A930       GetAsmSize
 0001:00080A20       GetAveCharSize
 0001:00057C58       GetBaseOfStack
 0001:00006164       GetBitmapBits
 0001:000003D0       GetBlockDesc
 0001:0005F044       GetBottonWidth
 0001:0000616C       GetBrushOrgEx
 0001:00006978       GetBValue
 0001:00057B34       GetCallStackByAddresses
 0001:0004E908       GetCallStackDump
 0001:000064A4       GetCapture
 0001:0008E42C       GetCaptureControl
 0001:00016108       GetClass
 0001:000064AC       GetClassInfo
 0001:000064B4       GetClassName
 0001:000064BC       GetClassNameA
 0001:000064C4       GetClientRect
 0001:000064CC       GetClipboardData
 0001:00079698       GetClipboardFormats
 0001:00006174       GetClipBox
 0001:0000036C       GetCmdShow
 0001:0009DEC8       GetColor
 0001:00043608       GetColumnAlign
 0001:000435DC       GetColumnCount
 0001:00084214       GetComCtlVersion
 0001:00000294       GetCommandLine
 0001:00005D84       GetCommandLine
 0001:0000081C       GetCommitted
 0001:000008AC       GetCommittedAt
 0001:000688BC       GetCompanyName
 0001:00066704       GetCompilationDate
 0001:0004BDA4       GetCompleteTimeStr
 0001:00005D8C       GetComputerNameA
 0001:000952A0       GetControlAtPos
 0001:0006E120       GetControlClass
 0001:0006E17C       GetControlText
 0001:0000C26C       GetCount
 0001:00005D7C       GetCPInfo
 0001:00034BAC       GetCRC16
 0001:00034B64       GetCRC32
 0001:0000A99C       GetCurrentDir
 0001:0000029C       GetCurrentDirectory
 0001:0000617C       GetCurrentObject
 0001:00006184       GetCurrentPositionEx
 0001:00068B8C       GetCurrentPrinterHandle
 0001:00005D94       GetCurrentProcess
 0001:00005D9C       GetCurrentProcessId
 0001:00057C60       GetCurrentStackPointer
 0001:00071198       GetCurrentStackPointer
 0002:0000C65C       GetCurrentThemeName
 0001:00005DA4       GetCurrentThread
 0001:00005DAC       GetCurrentThreadId
 0001:0000035C       GetCurrentThreadId
 0001:000068EC       GetCurrentTime
 0001:0004DBB0       GetCurrentTopOfStack
 0001:000686E4       GetCurrentUserPrivileges
 0001:000064D4       GetCursor
 0001:000B1648       GetCursorHeightMargin
 0001:000064DC       GetCursorPos
 0001:0000746C       GetDataCaller
 0001:0000C298       GetDate
 0001:00005DB4       GetDateFormat
 0001:0000CF64       GetDateOrder
 0001:000064E4       GetDC
 0001:000064EC       GetDCEx
 0001:0000618C       GetDCOrgEx
 0001:00057438       GetDebugDetail
 0001:000655F8       GetDebugInfoEx
 0001:0005416C       GetDebugInfosByAddr
 0001:00053B34       GetDebugPartialInfo
 0001:00068AA8       GetDefaultPrinter
 0001:0007D41C       GetDefFontCharSet
 0001:000064F4       GetDesktopWindow
 0001:000061A4       GetDeviceCaps
 0001:0005CD70       GetDialogState
 0001:00078C60       GetDIB
 0001:00006194       GetDIBColorTable
 0001:0000619C       GetDIBits
 0001:00078BA8       GetDIBSizes
 0001:00077E70       GetDInColors
 0001:00005DBC       GetDiskFreeSpaceA
 0002:0000014C       GetDiskFreeSpaceEx
 0001:00066E84       GetDiskInfo
 0001:000685F0       GetDisplayDPI
 0001:00067384       GetDisplayMode
 0001:000064FC       GetDlgItem
 0001:0002C630       GetDNSList
 0001:0009BAD8       GetDockAlign
 0001:0008EDD4       GetDockSiteAtPos
 0001:0002C7EC       GetDomain
 0001:0002C958       GetDomainName
 0001:0008F100       GetDropCtl
 0001:0006A068       GetDump
 0001:00002AA0       GetDynaMethod
 0001:00069EE8       GetEAX
 0001:00069F18       GetEBX
 0001:00069F48       GetECX
 0001:00069FD8       GetEDI
 0001:00058C20       GetEditText
 0001:00069F78       GetEDX
 0001:00056178       GetEF
 0001:00049508       GetEffectiveAddress
 0001:0006A038       GetEIP
 0001:0006A28C       GetEmptySection
 0001:000061AC       GetEnhMetaFileBits
 0001:000061B4       GetEnhMetaFileHeader
 0001:000061BC       GetEnhMetaFilePaletteEntries
 0001:000133F4       GetEnumName
 0001:000134CC       GetEnumNameValue
 0001:00013518       GetEnumValue
 0001:00005DC4       GetEnvironmentVariableA
 0001:000212A8       GetEnvVariable
 0001:0000D974       GetEraNamesAndYearOffsets
 0001:0000CFF8       GetEraYearOffset
 0001:00069FA8       GetESI
 0001:0004E8F8       GetESP
 0001:0006A008       GetESP
 0001:00021644       GetEurekaLogDir
 0001:00056A3C       GetEurekaLogModuleVersion
 0001:00066A74       GetExceptionAddress
 0001:0000E2C8       GetExceptionClass
 0001:00066A5C       GetExceptionDate
 0001:000664CC       GetExceptionMessage
 0001:00066AA8       GetExceptionModuleName
 0001:00066B8C       GetExceptionModuleVersion
 0001:0000E4AC       GetExceptionObject
 0001:00066C10       GetExceptionType
 0001:00057D6C       GetExceptMessage
 0001:00005DCC       GetExitCodeProcess
 0001:00005DD4       GetExitCodeThread
 0001:00016090       GetFieldClassTable
 0001:0003657C       GetFieldValue
 0001:00005DDC       GetFileAttributes
 0001:00005DE4       GetFileAttributesA
 0001:0003C9D0       GetFileContents
 0001:0003750C       GetFileContents
 0001:00079678       GetFileFormats
 0001:0002D618       GetFileSize
 0001:00050868       GetFileSize
 0001:0000020C       GetFileSize
 0001:0003D480       GetFileSize
 0001:00000204       GetFileType
 0001:0000E71C       GetFileVersion
 0001:00067A94       GetFileVersionEx
 0001:0000607C       GetFileVersionInfo
 0001:00006084       GetFileVersionInfoA
 0001:0000608C       GetFileVersionInfoSize
 0001:00006094       GetFileVersionInfoSizeA
 0001:00006504       GetFocus
 0001:000214F8       GetFolder
 0001:000766B4       GetFontData
 0001:0000650C       GetForegroundWindow
 0001:0000EFE4       GetFormatSettings
 0001:00006FCC       GetFramesCallStackDump
 0001:00066F78       GetFreeDisk
 0001:00066E04       GetFreeMemory
 0001:00005DEC       GetFullPathName
 0001:000658D8       GetFunctionAsm
 0001:0002AA68       GetFunctionSize
 0001:00022520       GetGMT
 0001:00006974       GetGValue
 0001:00005DF4       GetHandleInformation
 0001:00075C20       GetHashCode
 0001:000AC884       GetHelpInfo
 0001:0007E9D8       GetHelpSystem
 0001:000AF0F0       GetHint
 0001:000AF128       GetHintControl
 0001:0002A0A8       gethostbyname
 0001:0002A0D8       gethostname
 0001:000A581C       GetHotkey
 0001:0003CD0C       GetHTTPResponse
 0001:00037C18       GetHTTPResponse
 0001:00006514       GetIconInfo
 0001:000298F8       GetImageNtHeaders
 0001:00067C88       GetIndexKeyName
 0001:00068A48       GetIniDefPrinter
 0001:0006EB0C       GetIntraWebExceptionType
 0001:00042548       GetItemRect
 0001:0005BC94       GetItemText
 0001:0000652C       GetKeyboardLayout
 0001:00006534       GetKeyboardLayoutList
 0001:0000653C       GetKeyboardState
 0001:00002714       GetKeyboardType
 0001:0000651C       GetKeyNameText
 0001:00006524       GetKeyState
 0001:00066A10       GetLanguageString
 0001:00006544       GetLastActivePopup
 0001:00099DA0       GetLastChildZone
 0001:00005DFC       GetLastError
 0001:000002A4       GetLastError
 0001:00007694       GetLeakCount
 0001:00036EE8       GetListDefault
 0001:00036B68       GetListValue
 0001:0000D738       GetLocaleChar
 0001:000668E4       GetLocaleDataA
 0001:000668A4       GetLocaleDataW
 0001:00005E0C       GetLocaleInfo
 0001:000002AC       GetLocaleInfo
 0001:00005E14       GetLocaleInfoA
 0001:00005E1C       GetLocaleInfoW
 0001:0000D6EC       GetLocaleStr
 0001:00005E04       GetLocalTime
 0001:0008E3E8       GetLongHint
 0001:00021F14       GetLongNameFromShort
 0001:000137C4       GetLongStrProp
 0001:0004F958       GetMainWindow
 0001:000061C4       GetMapMode
 0001:000354CC       GetMD5
 0001:00066CB8       GetMemInfo
 0001:000017AC       GetMemoryManager
 0001:0000654C       GetMenu
 0001:000AC80C       GetMenuHelpContext
 0001:00006554       GetMenuItemCount
 0001:0000655C       GetMenuItemID
 0001:00006564       GetMenuItemInfo
 0001:000A296C       GetMenuSize
 0001:0000656C       GetMenuState
 0001:00006574       GetMenuString
 0001:00013D68       GetMethodProp
 0001:0002D4BC       GetModifiedDate
 0001:00021E70       GetModifiedDate
 0001:00050420       GetModuleDescriptionAndVersion
 0001:000002B4       GetModuleFileName
 0001:00005E24       GetModuleFileName
 0001:00005E2C       GetModuleFileNameA
 0001:00005E34       GetModuleHandle
 0001:000002BC       GetModuleHandle
 0001:00005998       GetModuleHandle
 0001:000B1E8C       GetModuleHandle
 0001:00005E3C       GetModuleHandleA
 0001:00050214       GetModulePath
 0001:000502F0       GetModuleSize
 0001:00050C0C       GetModulesList
 0001:00050A7C       GetModulesWin9X
 0001:00050918       GetModulesWinNT
 0001:00050380       GetModuleVer
 0001:00054D2C       GetModule_ProcedureEvent
 0002:0000C540       GetMonitorInfo
 0002:0000C544       GetMonitorInfoA
 0002:0000C548       GetMonitorInfoW
 0001:00059BD8       GetMonitorWorkAreaFromActiveWnd
 0001:00059BB4       GetMonitorWorkAreaFromWnd
 0001:00059AD0       GetMonitorWorkAreaFromWndEx
 0001:0000D79C       GetMonthDayNames
 0001:0002CB84       GetMXBestRecord
 0001:0002CABC       GetMXRecord
 0001:0002CC74       GetMXServerFromEmail
 0001:00067910       GetNetworkData
 0001:0000657C       GetNextWindow
 0001:000061CC       GetObject
 0001:00007480       GetObjectCaller
 0001:00061048       GetOptimizedPalette
 0001:00036DC4       GetOptionsDefault
 0001:00008360       GetOptionsFromExeFile
 0001:00036968       GetOptionsValue
 0001:000135EC       GetOrdProp
 0001:0004D5E4       GetOSBuild
 0001:00066A44       GetOSCharset
 0001:00066A38       GetOSLanguage
 0001:0004D1BC       GetOSType
 0001:00066890       GetOSUpdate
 0001:0004E8AC       GetOutOfMemoryCache
 0001:00060C20       GetPaletteColors
 0001:000061D4       GetPaletteEntries
 0001:00066674       GetParameters
 0001:00001AB8       GetParamStr
 0001:00006584       GetParent
 0001:000A7CD8       GetParentForm
 0001:00051734       GetParentProcessID
 0001:00058C7C       GetParentWnd
 0001:00056D8C       GetPassword
 0001:000061DC       GetPixel
 0001:00068C04       GetPrinterStr
 0001:00005E44       GetPriorityClass
 0001:00005E4C       GetPrivateProfileStringA
 0001:000002C4       GetProcAddress
 0001:00005E54       GetProcAddress
 0001:000B1E94       GetProcAddress
 0001:00051530       GetProcessesList
 0001:000671A0       GetProcessor
 0001:000507D8       GetProcessThreads
 0001:00005E5C       GetProfileStringA
 0001:0000658C       GetProp
 0001:0001357C       GetPropInfo
 0001:00007044       GetRawCallStackDump
 0001:000082C4       GetRawOptions
 0001:00006C80       GetReadableSize
 0001:00021D98       GetReadableSize
 0001:000544D4       GetRealFileName
 0001:000A8198       GetRealScrollPosition
 0001:00048ED4       GetRefAddress
 0001:00049010       GetRegName
 0001:0000827C       GetResourceData
 0001:0005296C       GetResourceData
 0001:0009DEA8       GetRGBColor
 0001:00006970       GetRValue
 0001:00006594       GetScrollInfo
 0001:0000659C       GetScrollPos
 0001:000065A4       GetScrollRange
 0001:0008E3A4       GetShortHint
 0001:000136BC       GetShortStrProp
 0001:00013754       GetShortStrPropAsLongStr
 0001:00053118       GetSourceInfoByAddr
 0001:00000574       GetSpace
 0001:000005D8       GetSpaceAt
 0001:000A03F8       GetSpecialName
 0001:0006A1FC       GetStack
 0001:000670B8       GetStartDate
 0001:000002CC       GetStartupInfo
 0001:00005E64       GetStartupInfoA
 0001:00000214       GetStdHandle
 0001:00005E6C       GetStdHandle
 0001:000061E4       GetStockObject
 0001:00005E74       GetStringTypeEx
 0001:000138F4       GetStrProp
 0001:000065AC       GetSubMenu
 0001:000537E4       GetSymbolAddr
 0001:000065B4       GetSysColor
 0001:000065BC       GetSysColorBrush
 0001:00005E7C       GetSystemDefaultLangID
 0001:00005E84       GetSystemInfo
 0001:000065C4       GetSystemMenu
 0001:000065CC       GetSystemMetrics
 0002:0000C530       GetSystemMetrics
 0001:000061EC       GetSystemPaletteEntries
 0001:00005E8C       GetSystemTime
 0001:00067348       GetSystemUpTime
 0001:00036330       GetTagValue
 0001:00005E94       GetTempPathA
 0001:0003675C       GetTextAreaValue
 0001:00006204       GetTextExtentPoint
 0001:000061F4       GetTextExtentPoint32
 0001:000061FC       GetTextExtentPoint32A
 0001:000589B8       GetTextHeight
 0001:0000620C       GetTextMetrics
 0001:00058B9C       GetTextWidth
 0002:0000C654       GetThemeAppProperties
 0002:0000C5C0       GetThemeBackgroundContentRect
 0002:0000C5C4       GetThemeBackgroundExtent
 0002:0000C5D4       GetThemeBackgroundRegion
 0002:0000C5F8       GetThemeBool
 0002:0000C5EC       GetThemeColor
 0002:0000C660       GetThemeDocumentationProperty
 0002:0000C600       GetThemeEnumValue
 0002:0000C620       GetThemeFilename
 0002:0000C608       GetThemeFont
 0002:0000C5FC       GetThemeInt
 0002:0000C614       GetThemeIntList
 0002:0000C610       GetThemeMargins
 0002:0000C5F0       GetThemeMetric
 0002:0000C5C8       GetThemePartSize
 0002:0000C604       GetThemePosition
 0002:0000C618       GetThemePropertyOrigin
 0002:0000C60C       GetThemeRect
 0002:0000C5F4       GetThemeString
 0002:0000C62C       GetThemeSysBool
 0002:0000C624       GetThemeSysColor
 0002:0000C628       GetThemeSysColorBrush
 0002:0000C634       GetThemeSysFont
 0002:0000C63C       GetThemeSysInt
 0002:0000C630       GetThemeSysSize
 0002:0000C638       GetThemeSysString
 0002:0000C5CC       GetThemeTextExtent
 0002:0000C5D0       GetThemeTextMetrics
 0001:00005E9C       GetThreadContext
 0001:00059244       GetThreadData
 0001:00005EA4       GetThreadLocale
 0001:000002D4       GetThreadLocale
 0001:0006EA94       GetThreadParams
 0001:00005EAC       GetThreadPriority
 0001:00005EB4       GetTickCount
 0001:0000C2D0       GetTime
 0001:000059C4       GetTlsSize
 0001:00005C1C       GetTokenInformation
 0001:000AF8BC       GetTopMostWindows
 0001:0004E900       GetTopOfStack
 0001:0008E534       GetTopParent
 0001:000065D4       GetTopWindow
 0001:00067018       GetTotalDisk
 0001:00066D84       GetTotalMemory
 0001:000133E8       GetTypeData
 0001:000215BC       GetUserApplicationsPath
 0001:000688A8       GetUserEmail
 0001:00005C24       GetUserNameA
 0001:00071BCC       GetValidMainWindow
 0001:00037E34       GetValueFromIndex
 0001:00000364       GetVersion
 0001:00005EBC       GetVersion
 0001:00005EC4       GetVersionEx
 0001:00050814       GetVersionNumber
 0001:00067E58       GetVideoCardStr
 0001:0002A534       GetVirtualMethod
 0001:00013960       GetWideStrProp
 0001:00013844       GetWideStrPropAsLongStr
 0001:000065DC       GetWindow
 0001:0004F7C4       GetWindowClassName
 0001:000065E4       GetWindowDC
 0001:000065EC       GetWindowLong
 0001:0004F978       GetWindowName
 0001:0000621C       GetWindowOrgEx
 0001:000065F4       GetWindowPlacement
 0001:000065FC       GetWindowRect
 0001:00005ECC       GetWindowsDirectoryA
 0001:00006604       GetWindowText
 0001:0000660C       GetWindowTextA
 0002:0000C648       GetWindowTheme
 0001:0000661C       GetWindowThreadProcessId
 0001:00006614       GetWindowThreadProcessId
 0001:00006214       GetWinMetaFileBits
 0001:00022968       GetWorkingFile
 0001:00005ED4       GlobalAddAtom
 0001:00005EDC       GlobalAlloc
 0001:00006908       GlobalAllocPtr
 0001:00005EE4       GlobalDeleteAtom
 0001:00005EEC       GlobalFindAtom
[...]
 16843 0001:00070E1D 16845 0001:00070E20 16847 0001:00070E38 16849 0001:00070E3D
 16850 0001:00070E3E 16851 0001:00070E41 16853 0001:00070E44 16854 0001:00070E5F
 16860 0001:00070E68 16861 0001:00070E6D 16872 0001:00070E70 16873 0001:00070E8C
 16874 0001:00070ED7 16875 0001:00070EDC 16876 0001:00070EE3 16877 0001:00070F29
 16878 0001:00070F58 16908 0001:00071060 16909 0001:00071063 16911 0001:00071071
 16912 0001:0007107C 16913 0001:00071089 16915 0001:000710A0 16919 0001:000710A4
 16920 0001:000710AB 16922 0001:000710AD 16923 0001:000710AE 16924 0001:000710AF
 16925 0001:000710B1 16926 0001:000710B4 16927 0001:000710B9 16928 0001:000710BA
 16929 0001:000710BB 16930 0001:000710C0 16931 0001:000710C2 16932 0001:000710C3
 16933 0001:000710C4 16934 0001:000710C6 16935 0001:000710C8 16936 0001:000710CA
 16937 0001:000710CC 16938 0001:000710CE 16939 0001:000710D4 16940 0001:000710D6
 16941 0001:000710D8 16942 0001:000710DA 16943 0001:000710DF 16944 0001:000710E4
 16947 0001:000710E5 16950 0001:000710EA 17115 0001:000710EC 17116 0001:000710F1
 17117 0001:000710F8 17119 0001:000710FC 17120 0001:00071103 17121 0001:0007110C
 17123 0001:0007111B 17125 0001:0007112A 17283 0001:00071130 17284 0001:00071137
 17285 0001:00071141 17286 0001:0007114F 17288 0001:0007116D 17290 0001:00071182
 17311 0001:00071188 17312 0001:0007118D 17316 0001:00071190 17317 0001:00071195
 17345 0001:00071198 17346 0001:0007119A 17347 0001:0007119D 17349 0001:000711A0
 17350 0001:000711AE 17352 0001:000711B2 17353 0001:000711BC 17354 0001:000711CA
 17356 0001:000711D3 17357 0001:000711E7 17359 0001:000711EB 17360 0001:000711FD
 17364 0001:00071207 17373 0001:00071243 17375 0001:0007124E 17376 0001:00071254
 17378 0001:0007125A 17379 0001:00071268 17381 0001:0007127C 17383 0001:00071290
 17384 0001:00071294 17386 0001:0007129B 17390 0001:000712D0 17392 0001:000712E5
 17418 0001:00071324 17419 0001:0007132A 17420 0001:00071347 17421 0001:00071351
 17426 0001:00071354 17427 0001:0007135A 17428 0001:00071377 17429 0001:00071381
 17435 0001:00071384 17436 0001:0007138D 17439 0001:000713B3 17440 0001:000713BD
 17441 0001:000713CB 17443 0001:000713E2 17446 0001:000713F1 17449 0001:000713F8
 17450 0001:000713FE 17452 0001:0007142A 17453 0001:00071434 17458 0001:00071438
 17459 0001:0007143E 17460 0001:0007145B 17461 0001:00071465 17464 0001:00071468
 17465 0001:0007146E 17467 0001:00071485 17468 0001:0007149F 17470 0001:000714AC
 17471 0001:000714B6 17480 0001:000714BC 17481 0001:000714D1 17482 0001:000714D9
 17484 0001:000714DF 17485 0001:000714F7 17487 0001:000714FB 17488 0001:0007150C
 17491 0001:00071523 17492 0001:0007153B 17493 0001:0007153F 17495 0001:0007155D
 17496 0001:0007156C 17497 0001:00071581 17498 0001:000715A5 17509 0001:000715F0
 17510 0001:00071604 17512 0001:00071658 17526 0001:00071670 17527 0001:00071690
 17528 0001:0007169F 17530 0001:000716A5 17531 0001:000716B3 17533 0001:000716C9
 17534 0001:000716E3 17535 0001:000716EE 17536 0001:000716FC 17537 0001:00071711
 17538 0001:00071719 17540 0001:00071725 17541 0001:00071737 17542 0001:00071745
 17544 0001:00071760 17547 0001:00071780 17549 0001:000717B0 17551 0001:000717B8
 17552 0001:000717D8 17554 0001:000717E7 17555 0001:000717F6 17556 0001:00071804
 17557 0001:00071812 17558 0001:00071820 17559 0001:0007182F 17560 0001:00071847
 17561 0001:0007185E 17564 0001:0007187C 17565 0001:000718A6 17567 0001:000718B3
 17568 0001:000718C2 17569 0001:000718D0 17570 0001:000718EC 17571 0001:000718F8
 17572 0001:00071907 17573 0001:00071915 17574 0001:00071920 17575 0001:0007192C
 17576 0001:0007193D 17578 0001:00071965 17581 0001:00071982 17584 0001:00071992
 17587 0001:000719AC 17590 0001:000719D2 17593 0001:000719E2 17594 0001:00071A0D
 17602 0001:00071A20 17603 0001:00071A43 17606 0001:00071A64 17607 0001:00071A68
 17610 0001:00071A7F 17611 0001:00071A98 17613 0001:00071ACA 17618 0001:00071AD4
 17619 0001:00071ADA 17620 0001:00071AF4 17621 0001:00071AFE 17627 0001:00071B04
 17628 0001:00071B0B 17630 0001:00071B0D 17631 0001:00071B12 17632 0001:00071B14
 17634 0001:00071B16 17635 0001:00071B1A 17636 0001:00071B1F 17637 0001:00071B21
 17639 0001:00071B23 17640 0001:00071B28 17641 0001:00071B2E 17642 0001:00071B2F
 17643 0001:00071B35 17644 0001:00071B37 17645 0001:00071B39 17646 0001:00071B3B
 17647 0001:00071B41 17648 0001:00071B43 17649 0001:00071B45 17650 0001:00071B47
 17651 0001:00071B4C 17652 0001:00071B4E 17653 0001:00071B53 17654 0001:00071B55
 17655 0001:00071B56 17656 0001:00071B5B 17657 0001:00071B5C 17660 0001:00071B61
 17661 0001:00071B67 17666 0001:00071B68 17667 0001:00071B7A 17668 0001:00071B9C
 17684 0001:00071BA0 17685 0001:00071BAA 17688 0001:00071BAE 17689 0001:00071BB4
 17686 0001:00071BB5 17691 0001:00071BC5 17694 0001:00071BCC 17696 0001:00071BD3
 17697 0001:00071BDF 17698 0001:00071BE9 17699 0001:00071BFB 17701 0001:00071C00
 17703 0001:00071C1E 17706 0001:00071C20 17709 0001:00071C2E 17711 0001:00071C47
 17714 0001:00071C50 17715 0001:00071C61 17717 0001:00071C63 17718 0001:00071C7C
 17719 0001:00071C9B 17721 0001:00071CA3 17722 0001:00071CAE 17723 0001:00071CBA
 17724 0001:00071CC8 17725 0001:00071CDD 17726 0001:00071CEB 17727 0001:00071CF4
 17730 0001:00071D2B 17732 0001:00071D4C 17735 0001:00071D5A 17737 0001:00071D9E
 17741 0001:00071DBB 17744 0001:00071DD8 17745 0001:00071DE3 17748 0001:00071DF7
 17749 0001:00071E21 17754 0001:00071E28 17755 0001:00071E2B 17759 0001:00071E46
 17760 0001:00071E4D 17761 0001:00071E5B 17764 0001:00071E78 17766 0001:00071E7F
 17767 0001:00071E90 17768 0001:00071E99 17769 0001:00071EA5 17771 0001:00071EBC
 17773 0001:00071ECB 17777 0001:00071ED0 17779 0001:00071EE2 17780 0001:00071EEC
 17781 0001:00071EFA 17783 0001:00071F0C 17784 0001:00071F1C 17785 0001:00071F26
 17786 0001:00071F2D 17793 0001:00071F30 17794 0001:00071F36 17796 0001:00071F3F
 17798 0001:00071F47 17799 0001:00071F50 17800 0001:00071F5A 17802 0001:00071F61
 17806 0001:00071F69 17807 0001:00071F72 17810 0001:00071F78 17811 0001:00071F7E
 17813 0001:00071F87 17815 0001:00071F8C 17816 0001:00071F95 17817 0001:00071FA2
 17819 0001:00071FA9 17823 0001:00071FB1 17824 0001:00071FBA 17828 0001:00071FC0
 17829 0001:00071FC5 17833 0001:00071FC8 17834 0001:00071FCD 17843 0001:00071FD0
 17844 0001:00071FF4 17847 0001:00072030 17848 0001:00072047 17849 0001:0007204E
 17853 0001:0007205D 17854 0001:00072074 17858 0001:00072083 17859 0001:0007209A
 17863 0001:000720A9 17864 0001:000720C0 17868 0001:000720CF 17869 0001:000720E6
 17873 0001:000720F5 17874 0001:0007210C 17878 0001:0007211B 17879 0001:00072132
 17880 0001:0007214F 17884 0001:00072156 17885 0001:0007216D 17889 0001:00072179
 17890 0001:00072190 17894 0001:0007219C 17895 0001:000721B3 17898 0001:000721EC
 18001 0001:00072200 18002 0001:0007221B 18003 0001:00072229 18004 0001:00072232
 18006 0001:0007223C 18007 0001:00072250 18004 0001:00072253 18008 0001:00072273
 18021 0001:0007227C 18022 0001:00072294 18025 0001:000722A1 18027 0001:000722AF
 18028 0001:000722B6 18030 0001:000722CD 18034 0001:000722E8 18035 0001:000722F6
 18036 0001:000722FD 18038 0001:00072314 18043 0001:0007232F 18044 0001:0007233D
 18045 0001:00072344 18046 0001:0007234B 18048 0001:00072357 18049 0001:0007235E
 18051 0001:0007236F 18052 0001:00072388 18053 0001:00072391 18055 0001:00072399
 18058 0001:000723AA 18059 0001:000723B6 18061 0001:000723D4 18063 0001:000723E7
 18064 0001:000723F8 18065 0001:0007240B 18066 0001:0007241E 18067 0001:0007242F
 18068 0001:00072439 18069 0001:00072443 18070 0001:0007244D 18071 0001:00072457
 18072 0001:00072466 18073 0001:0007246D 18075 0001:0007248F 18077 0001:0007249D
 18078 0001:000724A6 18079 0001:000724AE 18081 0001:000724B6 18082 0001:000724C7
 18083 0001:000724D8 18084 0001:000724E9 18085 0001:000724EE 18086 0001:000724FF
 18087 0001:00072510 18088 0001:00072521 18090 0001:00072535 18092 0001:00072566
 18100 0001:000725DC 18101 0001:00072603 18104 0001:00072610 18105 0001:00072614
 18106 0001:00072622 18108 0001:0007262A 18109 0001:00072636 18110 0001:00072649
 18111 0001:00072655 18114 0001:00072663 18116 0001:00072669 18117 0001:0007266D
 18119 0001:00072671 18120 0001:0007267D 18123 0001:0007268A 18124 0001:0007268E
 18125 0001:000726B1 18126 0001:000726B7 18127 0001:000726BD 18129 0001:000726C9
 18106 0001:000726CD 18131 0001:000726D6 18132 0001:000726DF 18134 0001:000726E8
 18135 0001:000726F7 18137 0001:00072704 18138 0001:00072712 18140 0001:00072728
 18142 0001:00072737 18150 0001:0007275C 18151 0001:0007277E 18153 0001:0007278B
 18155 0001:000727A7 18159 0001:000727B5 18161 0001:000727BC 18164 0001:000727DB
 18168 0001:00072858 18170 0001:00072866 18172 0001:0007289D 18175 0001:000728BC
 18180 0001:000728CD 18181 0001:000728D7 18184 0001:000728DE 18185 0001:000728EC
 18186 0001:000728F3 18187 0001:000728FD 18188 0001:00072904 18189 0001:0007290E
 18190 0001:00072915 18191 0001:0007291F 18192 0001:00072926 18193 0001:00072930
 18194 0001:0007293A 18195 0001:00072944 18196 0001:0007294E 18197 0001:00072958
 18198 0001:0007295F 18199 0001:00072969 18200 0001:00072970 18201 0001:0007297A
 18202 0001:00072981 18203 0001:0007298B 18204 0001:00072992 18205 0001:0007299C
 18206 0001:000729A3 18207 0001:000729AD 18208 0001:000729B4 18209 0001:000729BE
 18210 0001:000729C5 18211 0001:000729CF 18212 0001:000729D6 18213 0001:000729E0
 18214 0001:000729E7 18215 0001:000729F2 18216 0001:00072A01 18219 0001:00072A06
 18220 0001:00072A0F 18223 0001:00072A18 18224 0001:00072A22 18225 0001:00072A2C
 18226 0001:00072A36 18227 0001:00072A40 18228 0001:00072A4A 18229 0001:00072A54
 18230 0001:00072A5E 18231 0001:00072A68 18232 0001:00072A72 18233 0001:00072A7C
 18234 0001:00072A86 18235 0001:00072A90 18236 0001:00072A9A 18237 0001:00072AA4
 18238 0001:00072AAE 18239 0001:00072AB8 18240 0001:00072AC2 18241 0001:00072ACC
 18242 0001:00072AD6 18243 0001:00072AE0 18244 0001:00072AEA 18245 0001:00072AF4
 18246 0001:00072AFE 18247 0001:00072B08 18248 0001:00072B12 18249 0001:00072B1C
 18250 0001:00072B26 18251 0001:00072B30 18252 0001:00072B3A 18253 0001:00072B44
 18255 0001:00072B49 18258 0001:00072B62 18263 0001:00072B7D 18265 0001:00072B8B
 18266 0001:00072B92 18268 0001:00072BA9 18272 0001:00072BC4 18273 0001:00072BD2
 18274 0001:00072BD9 18276 0001:00072BF0 18281 0001:00072C2D 18285 0001:00072CE4
 18286 0001:00072CFB 18290 0001:00072CFC 18291 0001:00072D13 18298 0001:00072D14
 18299 0001:00072D1E 18302 0001:00072D20 18304 0001:00072D33 18305 0001:00072D3E
 18306 0001:00072D49 18309 0001:00072D54 18310 0001:00072D5F 18313 0001:00072D6A
 18314 0001:00072D86 18315 0001:00072DAE 18334 0001:00072DB4 18335 0001:00072DD1
 18337 0001:00072DEB 18338 0001:00072DF2 18339 0001:00072DF4 18340 0001:00072E08
 18341 0001:00072E0F 18343 0001:00072E13 18345 0001:00072E29 18347 0001:00072E30
 18349 0001:00072E3E 18351 0001:00072E42 18352 0001:00072E71 18355 0001:00072E76
 18356 0001:00072E9A 18357 0001:00072EA6 18358 0001:00072EB6 18361 0001:00072EBA
 18362 0001:00072EE7 18377 0001:00072EF0 18381 0001:00072EF4 18382 0001:00072EFB
 18383 0001:00072F00 18388 0001:00072F04 18389 0001:00072F0B 18391 0001:00072F28
 18393 0001:00072F2D 18395 0001:00072F32 18396 0001:00072F33 18397 0001:00072F36
 18399 0001:00072F39 18400 0001:00072F49 18405 0001:00072F50 18406 0001:00072F57
 18411 0001:00072F85 18413 0001:00072F8A 18414 0001:00072F8B 18415 0001:00072F8E
 18417 0001:00072F91 18418 0001:00072FA1 18423 0001:00072FA8 18424 0001:00072FAE
 18425 0001:00072FBD 18426 0001:00072FCB 18428 0001:00072FF0 18430 0001:00073003
 18435 0001:00073008 18436 0001:0007300F 18438 0001:0007302C 18440 0001:00073031
 18442 0001:00073036 18443 0001:00073037 18444 0001:0007303A 18446 0001:0007303D
 18447 0001:0007304D 18459 0001:00073054 18460 0001:0007305D 18463 0001:00073064
 18464 0001:00073073 18465 0001:00073081 18466 0001:0007308B 18467 0001:0007309A
 18469 0001:000730A5 18470 0001:000730AF 18471 0001:000730BE 18473 0001:000730C9
 18474 0001:000730D3 18475 0001:000730E2 18477 0001:000730ED 18480 0001:000730F7
 18484 0001:000730FE 18485 0001:0007310D 18486 0001:00073117 18477 0001:00073118
 18488 0001:0007311B 18491 0001:00073125 18492 0001:0007313F 18493 0001:00073150
 18488 0001:00073151 18495 0001:00073161 18497 0001:00073171 18508 0001:00073178
 18510 0001:0007317B 18511 0001:00073181 18514 0001:00073188 18516 0001:0007319B
 18517 0001:000731B1 18518 0001:000731BE 18519 0001:000731D9 18523 0001:000731EE
 18524 0001:000731FB 18528 0001:00073200 18529 0001:00073207 18530 0001:0007320D
 18532 0001:00073210 18533 0001:00073216 18535 0001:0007321D 18537 0001:00073220
 18547 0001:00073228 18549 0001:00073229 18541 0001:0007322F 18554 0001:0007323C
 18557 0001:00073245 18558 0001:00073250 18560 0001:00073269 18561 0001:00073279
 18564 0001:00073286 18566 0001:00073289 18576 0001:00073292 18578 0001:00073293
 18570 0001:0007329A 18583 0001:000732A7 18586 0001:000732B0 18587 0001:000732BC
 18589 0001:000732D6 18591 0001:000732E2 18601 0001:000732E8 18602 0001:00073303
 18603 0001:00073310 18604 0001:0007332C 18605 0001:00073357 18606 0001:00073380
 18608 0001:000733D0 18618 0001:000733EE 18642 0001:00073409 18658 0001:00073424
 18669 0001:00073431 18672 0001:00073442 18679 0001:00073453 18683 0001:0007346E
 18689 0001:00073489 18692 0001:0007348E 18696 0001:000734AE 18705 0001:000734CE
 18706 0001:000734CF 18708 0001:000734DC 18713 0001:000734FC 18726 0001:00073517
 18731 0001:00073532 18732 0001:0007353B 18737 0001:00073556 18739 0001:00073564
 18742 0001:000735A1 18746 0001:00073868 18747 0001:00073882 18750 0001:00073884
 18751 0001:00073887 18752 0001:00073898 18755 0001:0007389C 18759 0001:0007389F
 18761 0001:000738A6 18790 0001:000738A8 18791 0001:000738AB 18793 0001:000738B2
 18794 0001:000738B9 18799 0001:000738BC 18800 0001:000738C1 18802 0001:000738DC
 18803 0001:000738E6 18804 0001:000738F4 18805 0001:000738F9 18807 0001:00073909
 18810 0001:00073937 18811 0001:0007394D 18813 0001:00073954 18805 0001:00073955
 18815 0001:00073965 18817 0001:00073977 18832 0001:0007397C 18833 0001:00073983
 18834 0001:00073996 18835 0001:000739A4 18837 0001:000739BB 18839 0001:000739CB
 18841 0001:000739D0 18842 0001:000739ED 18843 0001:000739F1 18845 0001:00073A0E
 18846 0001:00073A1D 18847 0001:00073A2B 18848 0001:00073A43 18850 0001:00073A57
 18851 0001:00073A69 18852 0001:00073A6C 18853 0001:00073A71 18854 0001:00073A85
 18856 0001:00073A98 18858 0001:00073ACD 18862 0001:00073AD4 18863 0001:00073AE8
 18865 0001:00073AEC 18866 0001:00073AF8 18868 0001:00073AFC 18869 0001:00073B1B
 18870 0001:00073B39 18872 0001:00073B43 18874 0001:00073B4E 18877 0001:00073B78
 18890 0001:00073BA7 18892 0001:00073BAE 18894 0001:00073BB5 18895 0001:00073BBC
 18896 0001:00073BC8 18897 0001:00073BCF 18899 0001:00073BE4 18903 0001:00073BEB
 18904 0001:00073BF2 18905 0001:00073BF9 18906 0001:00073C00 18907 0001:00073C07
 18908 0001:00073C0E 18909 0001:00073C15 18910 0001:00073C1C 18911 0001:00073C23
 18912 0001:00073C3A 18913 0001:00073C51 18914 0001:00073C58 18915 0001:00073C62
 18916 0001:00073C69 18917 0001:00073C78 18918 0001:00073C7F 18919 0001:00073C90
 18920 0001:00073C9A 18922 0001:00073CA1 18923 0001:00073CAB 18924 0001:00073CB5
 18926 0001:00073CBF 18928 0001:00073CC4 18931 0001:00073CCD 18934 0001:00073CD2
 18936 0001:00073CE0 18937 0001:00073CE7 18941 0001:00073CEC 18942 0001:00073CFD
 18944 0001:00073D0E 18945 0001:00073D27 18946 0001:00073D30 18948 0001:00073D38
 18986 0001:00073D4B 18988 0001:00073D50 18989 0001:00073D61 18990 0001:00073D72
 18991 0001:00073D83 18992 0001:00073D94 18998 0001:00073DA5 18999 0001:00073DAC
 19000 0001:00073DB8 19001 0001:00073DBF 19002 0001:00073DC6 19003 0001:00073DD0
 19004 0001:00073DD7 19005 0001:00073DDE 19008 0001:00073E00 19009 0001:00073E13
 19011 0001:00073E21 19012 0001:00073E2A 19013 0001:00073E32 19016 0001:00073E3A
 19017 0001:00073E3F 19018 0001:00073E49 19019 0001:00073E53 19021 0001:00073E64
 19022 0001:00073E75 19023 0001:00073E7A 19024 0001:00073E81 19025 0001:00073E8B
 19026 0001:00073E92 19027 0001:00073E99 19028 0001:00073EA0 19029 0001:00073EA7
 19030 0001:00073EAE 19032 0001:00073EB5 19033 0001:00073EBC 19034 0001:00073EC3
 19036 0001:00073ECA 19038 0001:00073ED1 19041 0001:00073ED9 19043 0001:00073EE3
 19045 0001:00073EFD 19046 0001:00073F09 19047 0001:00073F14 19048 0001:00073F20
 19050 0001:00073F2B 19053 0001:00073F30 19059 0001:00073F7D 19065 0001:00073FCA
 19071 0001:00074017 19072 0001:0007402C 19074 0001:00074035 19088 0001:0007404E
 19094 0001:0007409B 19100 0001:000740E8 19106 0001:00074135 19107 0001:0007413E
 19109 0001:00074143 19110 0001:0007414C 19112 0001:00074151 19114 0001:0007415F
 19115 0001:00074164 19119 0001:0007418E 19121 0001:0007419B 19124 0001:000741AF
 19125 0001:000741B8 19127 0001:000741E0 19131 0001:0007421C 19135 0001:00074223
 19137 0001:0007422C 19138 0001:00074231 19142 0001:00074260 19149 0001:00074334
 19150 0001:00074348 19151 0001:00074356 19153 0001:00074369 19154 0001:00074373
 19156 0001:0007437D 19157 0001:00074390 19159 0001:00074397 19160 0001:000743A1
 19161 0001:000743A8 19162 0001:000743B2 19163 0001:000743B9 19164 0001:000743C3
 19165 0001:000743CA 19166 0001:000743D4 19167 0001:000743DB 19168 0001:000743E5
 19170 0001:000743EC 19171 0001:000743F1 19173 0001:000743FC 19175 0001:0007440E
 19176 0001:0007441B 19178 0001:00074428 19180 0001:00074431 19181 0001:00074444
 19186 0001:0007444B 19187 0001:00074454 19189 0001:00074463 19190 0001:0007446D
 19191 0001:00074474 19192 0001:0007447E 19193 0001:00074485 19194 0001:0007448F
 19196 0001:00074496 19197 0001:000744A0 19198 0001:000744AA 19199 0001:000744B4
 19200 0001:000744BE 19203 0001:000744C5 19205 0001:000744CE 19206 0001:000744DA
 19207 0001:000744E4 19210 0001:000744F7 19211 0001:00074501 19212 0001:00074508
 19213 0001:00074512 19214 0001:00074519 19215 0001:00074523 19217 0001:0007452A
 19218 0001:0007453A 19219 0001:0007454B 19220 0001:0007455B 19222 0001:0007456C
 19223 0001:0007457B 19230 0001:00074582 19232 0001:0007458B 19233 0001:00074596
 19234 0001:000745A0 19235 0001:000745AA 19243 0001:000745B1 19244 0001:000745B6
 19246 0001:000745CA 19247 0001:000745D4 19248 0001:000745DB 19250 0001:0007460A
 19297 0001:00074610 19299 0001:00074623 19300 0001:00074628 19301 0001:0007462F
 19303 0001:00074633 19304 0001:00074640 19306 0001:0007466B 19315 0001:000746B4
 19326 0001:000746C8 19327 0001:000746F4 19329 0001:00074864 19319 0001:00074884
 19320 0001:000748A8 19321 0001:000748B7 19322 0001:000748BC 19323 0001:000748CB
 19325 0001:000748E5

Line numbers for test(test.pas) segment .text

    18 0001:000B1FCC    18 0001:000B1FD3

Line numbers for uLkJSON(uLkJSON.pas) segment .text

  2619 0001:000B2004  2625 0001:000B200B

Line numbers for publish(publish.pas) segment .text

    66 0001:000B2244    68 0001:000B225F    70 0001:000B2271    72 0001:000B2279
    75 0001:000B228A    78 0001:000B22A1    81 0001:000B22B8    82 0001:000B22D1
    84 0001:000B22D5    87 0001:000B22EA    88 0001:000B2303    90 0001:000B2307
    92 0001:000B231C    94 0001:000B2325   142 0001:000B233B   143 0001:000B2372
   146 0001:000B23E0   147 0001:000B23E3   149 0001:000B23EC   150 0001:000B23FA
   152 0001:000B2406   194 0001:000B2408   195 0001:000B2424   196 0001:000B2432
   197 0001:000B2440   198 0001:000B244E   199 0001:000B245B   200 0001:000B2468
   225 0001:000B2480   226 0001:000B2490   227 0001:000B24A0   315 0001:000B24DE
   317 0001:000B253C   317 0001:000B2543

Line numbers for Project2(E:\delphi_demo\rtmp_d\Project2.dpr) segment .text

    10 0001:000B2804    11 0001:000B2814    12 0001:000B2820    13 0001:000B2838
    14 0001:000B2844

Bound resource files

C:\Program Files (x86)\EurekaLab\EurekaLog 6\Delphi7\DIALOG.RES
c:\program files (x86)\borland\delphi7\\Lib\Buttons.res
c:\program files (x86)\borland\delphi7\\Lib\ExtDlgs.res
c:\program files (x86)\borland\delphi7\\Lib\Controls.res
publish.dfm
Project2.res
Project2.drf


Program entry point at 0001:000B2804
